Archive member included to satisfy reference by file (symbol)

.build/obj_keychron_v10_max_ansi_encoder_default/spi_master.a(spi_master.o)
                              .build/obj_keychron_v10_max_ansi_encoder_default/snled27351-spi.o (spi_init)
/Users/dexter/Library/Application Support/qmk/bin/../lib/gcc/arm-none-eabi/15.2.0/thumb/v7e-m+fp/hard/libgcc.a(_aeabi_uldivmod.o)
                              .build/obj_keychron_v10_max_ansi_encoder_default/common/wireless/transport.o (__aeabi_uldivmod)
/Users/dexter/Library/Application Support/qmk/bin/../lib/gcc/arm-none-eabi/15.2.0/thumb/v7e-m+fp/hard/libgcc.a(_udivmoddi4.o)
                              /Users/dexter/Library/Application Support/qmk/bin/../lib/gcc/arm-none-eabi/15.2.0/thumb/v7e-m+fp/hard/libgcc.a(_aeabi_uldivmod.o) (__udivmoddi4)
/Users/dexter/Library/Application Support/qmk/bin/../lib/gcc/arm-none-eabi/15.2.0/thumb/v7e-m+fp/hard/libgcc.a(_dvmd_tls.o)
                              /Users/dexter/Library/Application Support/qmk/bin/../lib/gcc/arm-none-eabi/15.2.0/thumb/v7e-m+fp/hard/libgcc.a(_aeabi_uldivmod.o) (__aeabi_ldiv0)
/Users/dexter/Library/Application Support/qmk/bin/../lib/gcc/arm-none-eabi/15.2.0/../../../../arm-none-eabi/lib/thumb/v7e-m+fp/hard/libg_nano.a(libc_a-abort.o)
                              .build/obj_keychron_v10_max_ansi_encoder_default/lib/chibios/os/various/syscalls.o (abort)
/Users/dexter/Library/Application Support/qmk/bin/../lib/gcc/arm-none-eabi/15.2.0/../../../../arm-none-eabi/lib/thumb/v7e-m+fp/hard/libg_nano.a(libc_a-itoa.o)
                              .build/obj_keychron_v10_max_ansi_encoder_default/common/keychron_common.o (itoa)
/Users/dexter/Library/Application Support/qmk/bin/../lib/gcc/arm-none-eabi/15.2.0/../../../../arm-none-eabi/lib/thumb/v7e-m+fp/hard/libg_nano.a(libc_a-malloc.o)
                              .build/obj_keychron_v10_max_ansi_encoder_default/quantum/debounce/sym_eager_pk.o (malloc)
/Users/dexter/Library/Application Support/qmk/bin/../lib/gcc/arm-none-eabi/15.2.0/../../../../arm-none-eabi/lib/thumb/v7e-m+fp/hard/libg_nano.a(libc_a-mallocr.o)
                              /Users/dexter/Library/Application Support/qmk/bin/../lib/gcc/arm-none-eabi/15.2.0/../../../../arm-none-eabi/lib/thumb/v7e-m+fp/hard/libg_nano.a(libc_a-malloc.o) (_malloc_r)
/Users/dexter/Library/Application Support/qmk/bin/../lib/gcc/arm-none-eabi/15.2.0/../../../../arm-none-eabi/lib/thumb/v7e-m+fp/hard/libg_nano.a(libc_a-mlock.o)
                              /Users/dexter/Library/Application Support/qmk/bin/../lib/gcc/arm-none-eabi/15.2.0/../../../../arm-none-eabi/lib/thumb/v7e-m+fp/hard/libg_nano.a(libc_a-mallocr.o) (__malloc_lock)
/Users/dexter/Library/Application Support/qmk/bin/../lib/gcc/arm-none-eabi/15.2.0/../../../../arm-none-eabi/lib/thumb/v7e-m+fp/hard/libg_nano.a(libc_a-rand.o)
                              .build/obj_keychron_v10_max_ansi_encoder_default/quantum/rgb_matrix/rgb_matrix.o (rand)
/Users/dexter/Library/Application Support/qmk/bin/../lib/gcc/arm-none-eabi/15.2.0/../../../../arm-none-eabi/lib/thumb/v7e-m+fp/hard/libg_nano.a(libc_a-utoa.o)
                              /Users/dexter/Library/Application Support/qmk/bin/../lib/gcc/arm-none-eabi/15.2.0/../../../../arm-none-eabi/lib/thumb/v7e-m+fp/hard/libg_nano.a(libc_a-itoa.o) (__utoa)
/Users/dexter/Library/Application Support/qmk/bin/../lib/gcc/arm-none-eabi/15.2.0/../../../../arm-none-eabi/lib/thumb/v7e-m+fp/hard/libg_nano.a(libc_a-ctype_.o)
                              .build/obj_keychron_v10_max_ansi_encoder_default/quantum/send_string/send_string.o (_ctype_)
/Users/dexter/Library/Application Support/qmk/bin/../lib/gcc/arm-none-eabi/15.2.0/../../../../arm-none-eabi/lib/thumb/v7e-m+fp/hard/libg_nano.a(libc_a-memcmp.o)
                              .build/obj_keychron_v10_max_ansi_encoder_default/common/wireless/lpm.o (memcmp)
/Users/dexter/Library/Application Support/qmk/bin/../lib/gcc/arm-none-eabi/15.2.0/../../../../arm-none-eabi/lib/thumb/v7e-m+fp/hard/libg_nano.a(libc_a-memset.o)
                              .build/obj_keychron_v10_max_ansi_encoder_default/common/wireless/wireless.o (memset)
/Users/dexter/Library/Application Support/qmk/bin/../lib/gcc/arm-none-eabi/15.2.0/../../../../arm-none-eabi/lib/thumb/v7e-m+fp/hard/libg_nano.a(libc_a-signal.o)
                              /Users/dexter/Library/Application Support/qmk/bin/../lib/gcc/arm-none-eabi/15.2.0/../../../../arm-none-eabi/lib/thumb/v7e-m+fp/hard/libg_nano.a(libc_a-abort.o) (raise)
/Users/dexter/Library/Application Support/qmk/bin/../lib/gcc/arm-none-eabi/15.2.0/../../../../arm-none-eabi/lib/thumb/v7e-m+fp/hard/libg_nano.a(libc_a-impure.o)
                              /Users/dexter/Library/Application Support/qmk/bin/../lib/gcc/arm-none-eabi/15.2.0/../../../../arm-none-eabi/lib/thumb/v7e-m+fp/hard/libg_nano.a(libc_a-malloc.o) (_impure_ptr)
[...]
Memory Configuration

Name             Origin             Length             Attributes
flash0           0x08000000         0x00004000         xr
flash1           0x08004000         0x00004000         xr
flash2           0x08008000         0x00038000         xr
flash3           0x00000000         0x00000000         xr
flash4           0x00000000         0x00000000         xr
flash5           0x00000000         0x00000000         xr
flash6           0x00000000         0x00000000         xr
flash7           0x00000000         0x00000000         xr
ram0             0x20000000         0x00010000         xw
ram1             0x00000000         0x00000000         xw
ram2             0x00000000         0x00000000         xw
ram3             0x00000000         0x00000000         xw
ram4             0x00000000         0x00000000         xw
ram5             0x00000000         0x00000000         xw
ram6             0x00000000         0x00000000         xw
ram7             0x00000000         0x00000000         xw
*default*        0x00000000         0xffffffff

Linker script and memory map

LOAD .build/obj_keychron_v10_max_ansi_encoder_default/common/wireless/wireless.o
LOAD .build/obj_keychron_v10_max_ansi_encoder_default/common/wireless/report_buffer.o
LOAD .build/obj_keychron_v10_max_ansi_encoder_default/common/wireless/lkbt51.o
LOAD .build/obj_keychron_v10_max_ansi_encoder_default/common/wireless/indicator.o
LOAD .build/obj_keychron_v10_max_ansi_encoder_default/common/wireless/wireless_main.o
LOAD .build/obj_keychron_v10_max_ansi_encoder_default/common/wireless/transport.o
LOAD .build/obj_keychron_v10_max_ansi_encoder_default/common/wireless/lpm.o
LOAD .build/obj_keychron_v10_max_ansi_encoder_default/common/wireless/lpm_stm32f401.o
LOAD .build/obj_keychron_v10_max_ansi_encoder_default/common/wireless/battery.o
LOAD .build/obj_keychron_v10_max_ansi_encoder_default/common/wireless/bat_level_animation.o
LOAD .build/obj_keychron_v10_max_ansi_encoder_default/common/wireless/rtc_timer.o
LOAD .build/obj_keychron_v10_max_ansi_encoder_default/common/wireless/keychron_wireless_common.o
LOAD .build/obj_keychron_v10_max_ansi_encoder_default/common/keychron_task.o
LOAD .build/obj_keychron_v10_max_ansi_encoder_default/common/keychron_common.o
LOAD .build/obj_keychron_v10_max_ansi_encoder_default/common/factory_test.o
LOAD .build/obj_keychron_v10_max_ansi_encoder_default/keyboards/keychron/v10_max/v10_max.o
LOAD .build/obj_keychron_v10_max_ansi_encoder_default/keyboards/keychron/v10_max/ansi_encoder/ansi_encoder.o
LOAD .build/obj_keychron_v10_max_ansi_encoder_default/.build/obj_keychron_v10_max_ansi_encoder_default/src/default_keyboard.o
LOAD .build/obj_keychron_v10_max_ansi_encoder_default/quantum/keymap_introspection.o
LOAD .build/obj_keychron_v10_max_ansi_encoder_default/quantum/quantum.o
LOAD .build/obj_keychron_v10_max_ansi_encoder_default/quantum/bitwise.o
LOAD .build/obj_keychron_v10_max_ansi_encoder_default/quantum/led.o
LOAD .build/obj_keychron_v10_max_ansi_encoder_default/quantum/action.o
LOAD .build/obj_keychron_v10_max_ansi_encoder_default/quantum/action_layer.o
LOAD .build/obj_keychron_v10_max_ansi_encoder_default/quantum/action_tapping.o
LOAD .build/obj_keychron_v10_max_ansi_encoder_default/quantum/action_util.o
LOAD .build/obj_keychron_v10_max_ansi_encoder_default/quantum/eeconfig.o
LOAD .build/obj_keychron_v10_max_ansi_encoder_default/quantum/keyboard.o
LOAD .build/obj_keychron_v10_max_ansi_encoder_default/quantum/keymap_common.o
LOAD .build/obj_keychron_v10_max_ansi_encoder_default/quantum/keycode_config.o
LOAD .build/obj_keychron_v10_max_ansi_encoder_default/quantum/sync_timer.o
LOAD .build/obj_keychron_v10_max_ansi_encoder_default/quantum/logging/debug.o
LOAD .build/obj_keychron_v10_max_ansi_encoder_default/quantum/logging/sendchar.o
LOAD .build/obj_keychron_v10_max_ansi_encoder_default/quantum/logging/print.o
LOAD .build/obj_keychron_v10_max_ansi_encoder_default/quantum/bootmagic/bootmagic_lite.o
LOAD .build/obj_keychron_v10_max_ansi_encoder_default/quantum/bootmagic/magic.o
LOAD .build/obj_keychron_v10_max_ansi_encoder_default/quantum/matrix_common.o
LOAD .build/obj_keychron_v10_max_ansi_encoder_default/quantum/matrix.o
LOAD .build/obj_keychron_v10_max_ansi_encoder_default/quantum/debounce/sym_eager_pk.o
LOAD .build/obj_keychron_v10_max_ansi_encoder_default/quantum/main.o
LOAD .build/obj_keychron_v10_max_ansi_encoder_default/printf.o
LOAD .build/obj_keychron_v10_max_ansi_encoder_default/eeprom_driver.o
LOAD .build/obj_keychron_v10_max_ansi_encoder_default/eeprom_wear_leveling.o
LOAD .build/obj_keychron_v10_max_ansi_encoder_default/wear_leveling.o
LOAD .build/obj_keychron_v10_max_ansi_encoder_default/wear_leveling_efl.o
LOAD .build/obj_keychron_v10_max_ansi_encoder_default/quantum/color.o
LOAD .build/obj_keychron_v10_max_ansi_encoder_default/quantum/rgb_matrix/rgb_matrix.o
LOAD .build/obj_keychron_v10_max_ansi_encoder_default/quantum/rgb_matrix/rgb_matrix_drivers.o
LOAD .build/obj_keychron_v10_max_ansi_encoder_default/snled27351-spi.o
LOAD .build/obj_keychron_v10_max_ansi_encoder_default/quantum/process_keycode/process_rgb.o
LOAD .build/obj_keychron_v10_max_ansi_encoder_default/quantum/led_tables.o
LOAD .build/obj_keychron_v10_max_ansi_encoder_default/qmk_fnv_type_validation.o
LOAD .build/obj_keychron_v10_max_ansi_encoder_default/hash_32a.o
LOAD .build/obj_keychron_v10_max_ansi_encoder_default/hash_64a.o
LOAD .build/obj_keychron_v10_max_ansi_encoder_default/lib/lib8tion/lib8tion.o
LOAD .build/obj_keychron_v10_max_ansi_encoder_default/quantum/encoder.o
LOAD .build/obj_keychron_v10_max_ansi_encoder_default/quantum/dip_switch.o
LOAD .build/obj_keychron_v10_max_ansi_encoder_default/quantum/process_keycode/process_grave_esc.o
LOAD .build/obj_keychron_v10_max_ansi_encoder_default/quantum/process_keycode/process_magic.o
LOAD .build/obj_keychron_v10_max_ansi_encoder_default/quantum/mousekey.o
LOAD .build/obj_keychron_v10_max_ansi_encoder_default/quantum/send_string/send_string.o
LOAD .build/obj_keychron_v10_max_ansi_encoder_default/quantum/process_keycode/process_space_cadet.o
LOAD .build/obj_keychron_v10_max_ansi_encoder_default/protocol/host.o
LOAD .build/obj_keychron_v10_max_ansi_encoder_default/protocol/report.o
LOAD .build/obj_keychron_v10_max_ansi_encoder_default/protocol/usb_device_state.o
LOAD .build/obj_keychron_v10_max_ansi_encoder_default/protocol/usb_util.o
LOAD .build/obj_keychron_v10_max_ansi_encoder_default/platforms/suspend.o
LOAD .build/obj_keychron_v10_max_ansi_encoder_default/platforms/synchronization_util.o
LOAD .build/obj_keychron_v10_max_ansi_encoder_default/platforms/timer.o
LOAD .build/obj_keychron_v10_max_ansi_encoder_default/platforms/chibios/hardware_id.o
LOAD .build/obj_keychron_v10_max_ansi_encoder_default/platforms/chibios/platform.o
LOAD .build/obj_keychron_v10_max_ansi_encoder_default/platforms/chibios/suspend.o
LOAD .build/obj_keychron_v10_max_ansi_encoder_default/platforms/chibios/timer.o
LOAD .build/obj_keychron_v10_max_ansi_encoder_default/platforms/chibios/bootloaders/stm32_dfu.o
LOAD .build/obj_keychron_v10_max_ansi_encoder_default/spi_master.a
LOAD .build/obj_keychron_v10_max_ansi_encoder_default/./lib/chibios/os/common/startup/ARMCMx/compilers/GCC/crt0_v7m.o
LOAD .build/obj_keychron_v10_max_ansi_encoder_default/./lib/chibios/os/common/startup/ARMCMx/compilers/GCC/vectors.o
LOAD .build/obj_keychron_v10_max_ansi_encoder_default/./lib/chibios/os/common/ports/ARMv7-M/compilers/GCC/chcoreasm.o
LOAD .build/obj_keychron_v10_max_ansi_encoder_default/protocol/chibios/usb_main.o
LOAD .build/obj_keychron_v10_max_ansi_encoder_default/protocol/chibios/chibios.o
LOAD .build/obj_keychron_v10_max_ansi_encoder_default/usb_descriptor.o
LOAD .build/obj_keychron_v10_max_ansi_encoder_default/protocol/chibios/usb_driver.o
LOAD .build/obj_keychron_v10_max_ansi_encoder_default/protocol/chibios/usb_endpoints.o
LOAD .build/obj_keychron_v10_max_ansi_encoder_default/protocol/chibios/usb_report_handling.o
LOAD .build/obj_keychron_v10_max_ansi_encoder_default/protocol/chibios/usb_util.o
LOAD .build/obj_keychron_v10_max_ansi_encoder_default/./lib/chibios/os/oslib/src/chmboxes.o
LOAD .build/obj_keychron_v10_max_ansi_encoder_default/./lib/chibios/os/oslib/src/chmemcore.o
LOAD .build/obj_keychron_v10_max_ansi_encoder_default/./lib/chibios/os/oslib/src/chmemheaps.o
LOAD .build/obj_keychron_v10_max_ansi_encoder_default/./lib/chibios/os/oslib/src/chmempools.o
LOAD .build/obj_keychron_v10_max_ansi_encoder_default/./lib/chibios/os/oslib/src/chpipes.o
LOAD .build/obj_keychron_v10_max_ansi_encoder_default/./lib/chibios/os/oslib/src/chobjcaches.o
LOAD .build/obj_keychron_v10_max_ansi_encoder_default/./lib/chibios/os/oslib/src/chdelegates.o
LOAD .build/obj_keychron_v10_max_ansi_encoder_default/./lib/chibios/os/oslib/src/chfactory.o
LOAD .build/obj_keychron_v10_max_ansi_encoder_default/lib/chibios/os/common/startup/ARMCMx/compilers/GCC/crt1.o
LOAD .build/obj_keychron_v10_max_ansi_encoder_default/lib/chibios/os/rt/src/chsys.o
LOAD .build/obj_keychron_v10_max_ansi_encoder_default/lib/chibios/os/rt/src/chrfcu.o
LOAD .build/obj_keychron_v10_max_ansi_encoder_default/lib/chibios/os/rt/src/chdebug.o
LOAD .build/obj_keychron_v10_max_ansi_encoder_default/lib/chibios/os/rt/src/chtrace.o
LOAD .build/obj_keychron_v10_max_ansi_encoder_default/lib/chibios/os/rt/src/chvt.o
LOAD .build/obj_keychron_v10_max_ansi_encoder_default/lib/chibios/os/rt/src/chschd.o
LOAD .build/obj_keychron_v10_max_ansi_encoder_default/lib/chibios/os/rt/src/chinstances.o
LOAD .build/obj_keychron_v10_max_ansi_encoder_default/lib/chibios/os/rt/src/chthreads.o
LOAD .build/obj_keychron_v10_max_ansi_encoder_default/lib/chibios/os/rt/src/chtm.o
LOAD .build/obj_keychron_v10_max_ansi_encoder_default/lib/chibios/os/rt/src/chstats.o
LOAD .build/obj_keychron_v10_max_ansi_encoder_default/lib/chibios/os/rt/src/chregistry.o
LOAD .build/obj_keychron_v10_max_ansi_encoder_default/lib/chibios/os/rt/src/chsem.o
LOAD .build/obj_keychron_v10_max_ansi_encoder_default/lib/chibios/os/rt/src/chmtx.o
LOAD .build/obj_keychron_v10_max_ansi_encoder_default/lib/chibios/os/rt/src/chcond.o
LOAD .build/obj_keychron_v10_max_ansi_encoder_default/lib/chibios/os/rt/src/chevents.o
LOAD .build/obj_keychron_v10_max_ansi_encoder_default/lib/chibios/os/rt/src/chmsg.o
LOAD .build/obj_keychron_v10_max_ansi_encoder_default/lib/chibios/os/rt/src/chdynamic.o
LOAD .build/obj_keychron_v10_max_ansi_encoder_default/lib/chibios/os/common/ports/ARMv7-M/chcore.o
LOAD .build/obj_keychron_v10_max_ansi_encoder_default/lib/chibios/os/hal/osal/rt-nil/osal.o
LOAD .build/obj_keychron_v10_max_ansi_encoder_default/lib/chibios/os/hal/src/hal.o
LOAD .build/obj_keychron_v10_max_ansi_encoder_default/lib/chibios/os/hal/src/hal_st.o
LOAD .build/obj_keychron_v10_max_ansi_encoder_default/lib/chibios/os/hal/src/hal_buffers.o
LOAD .build/obj_keychron_v10_max_ansi_encoder_default/lib/chibios/os/hal/src/hal_queues.o
LOAD .build/obj_keychron_v10_max_ansi_encoder_default/lib/chibios/os/hal/src/hal_flash.o
LOAD .build/obj_keychron_v10_max_ansi_encoder_default/lib/chibios/os/hal/src/hal_mmcsd.o
LOAD .build/obj_keychron_v10_max_ansi_encoder_default/lib/chibios/os/hal/src/hal_adc.o
LOAD .build/obj_keychron_v10_max_ansi_encoder_default/lib/chibios/os/hal/src/hal_can.o
LOAD .build/obj_keychron_v10_max_ansi_encoder_default/lib/chibios/os/hal/src/hal_crypto.o
LOAD .build/obj_keychron_v10_max_ansi_encoder_default/lib/chibios/os/hal/src/hal_dac.o
LOAD .build/obj_keychron_v10_max_ansi_encoder_default/lib/chibios/os/hal/src/hal_efl.o
LOAD .build/obj_keychron_v10_max_ansi_encoder_default/lib/chibios/os/hal/src/hal_gpt.o
LOAD .build/obj_keychron_v10_max_ansi_encoder_default/lib/chibios/os/hal/src/hal_i2c.o
LOAD .build/obj_keychron_v10_max_ansi_encoder_default/lib/chibios/os/hal/src/hal_i2s.o
LOAD .build/obj_keychron_v10_max_ansi_encoder_default/lib/chibios/os/hal/src/hal_icu.o
LOAD .build/obj_keychron_v10_max_ansi_encoder_default/lib/chibios/os/hal/src/hal_mac.o
LOAD .build/obj_keychron_v10_max_ansi_encoder_default/lib/chibios/os/hal/src/hal_mmc_spi.o
LOAD .build/obj_keychron_v10_max_ansi_encoder_default/lib/chibios/os/hal/src/hal_pal.o
LOAD .build/obj_keychron_v10_max_ansi_encoder_default/lib/chibios/os/hal/src/hal_pwm.o
LOAD .build/obj_keychron_v10_max_ansi_encoder_default/lib/chibios/os/hal/src/hal_rtc.o
LOAD .build/obj_keychron_v10_max_ansi_encoder_default/lib/chibios/os/hal/src/hal_sdc.o
LOAD .build/obj_keychron_v10_max_ansi_encoder_default/lib/chibios/os/hal/src/hal_serial.o
LOAD .build/obj_keychron_v10_max_ansi_encoder_default/lib/chibios/os/hal/src/hal_serial_usb.o
LOAD .build/obj_keychron_v10_max_ansi_encoder_default/lib/chibios/os/hal/src/hal_sio.o
LOAD .build/obj_keychron_v10_max_ansi_encoder_default/lib/chibios/os/hal/src/hal_spi.o
LOAD .build/obj_keychron_v10_max_ansi_encoder_default/lib/chibios/os/hal/src/hal_trng.o
LOAD .build/obj_keychron_v10_max_ansi_encoder_default/lib/chibios/os/hal/src/hal_uart.o
LOAD .build/obj_keychron_v10_max_ansi_encoder_default/lib/chibios/os/hal/src/hal_usb.o
LOAD .build/obj_keychron_v10_max_ansi_encoder_default/lib/chibios/os/hal/src/hal_wdg.o
LOAD .build/obj_keychron_v10_max_ansi_encoder_default/lib/chibios/os/hal/src/hal_wspi.o
LOAD .build/obj_keychron_v10_max_ansi_encoder_default/lib/chibios/os/hal/ports/common/ARMCMx/nvic.o
LOAD .build/obj_keychron_v10_max_ansi_encoder_default/lib/chibios/os/hal/ports/STM32/STM32F4xx/stm32_isr.o
LOAD .build/obj_keychron_v10_max_ansi_encoder_default/lib/chibios/os/hal/ports/STM32/STM32F4xx/hal_lld.o
LOAD .build/obj_keychron_v10_max_ansi_encoder_default/lib/chibios/os/hal/ports/STM32/STM32F4xx/hal_efl_lld.o
LOAD .build/obj_keychron_v10_max_ansi_encoder_default/lib/chibios/os/hal/ports/STM32/LLD/ADCv2/hal_adc_lld.o
LOAD .build/obj_keychron_v10_max_ansi_encoder_default/lib/chibios/os/hal/ports/STM32/LLD/CANv1/hal_can_lld.o
LOAD .build/obj_keychron_v10_max_ansi_encoder_default/lib/chibios/os/hal/ports/STM32/LLD/CRYPv1/hal_crypto_lld.o
LOAD .build/obj_keychron_v10_max_ansi_encoder_default/lib/chibios/os/hal/ports/STM32/LLD/DACv1/hal_dac_lld.o
LOAD .build/obj_keychron_v10_max_ansi_encoder_default/lib/chibios/os/hal/ports/STM32/LLD/DMAv2/stm32_dma.o
LOAD .build/obj_keychron_v10_max_ansi_encoder_default/lib/chibios/os/hal/ports/STM32/LLD/EXTIv1/stm32_exti.o
LOAD .build/obj_keychron_v10_max_ansi_encoder_default/lib/chibios/os/hal/ports/STM32/LLD/GPIOv2/hal_pal_lld.o
LOAD .build/obj_keychron_v10_max_ansi_encoder_default/lib/chibios/os/hal/ports/STM32/LLD/I2Cv1/hal_i2c_lld.o
LOAD .build/obj_keychron_v10_max_ansi_encoder_default/lib/chibios/os/hal/ports/STM32/LLD/MACv1/hal_mac_lld.o
LOAD .build/obj_keychron_v10_max_ansi_encoder_default/lib/chibios/os/hal/ports/STM32/LLD/OTGv1/hal_usb_lld.o
LOAD .build/obj_keychron_v10_max_ansi_encoder_default/lib/chibios/os/hal/ports/STM32/LLD/QUADSPIv1/hal_wspi_lld.o
LOAD .build/obj_keychron_v10_max_ansi_encoder_default/lib/chibios/os/hal/ports/STM32/LLD/RTCv2/hal_rtc_lld.o
LOAD .build/obj_keychron_v10_max_ansi_encoder_default/lib/chibios/os/hal/ports/STM32/LLD/SPIv1/hal_i2s_lld.o
LOAD .build/obj_keychron_v10_max_ansi_encoder_default/lib/chibios/os/hal/ports/STM32/LLD/SPIv1/hal_spi_v2_lld.o
LOAD .build/obj_keychron_v10_max_ansi_encoder_default/lib/chibios/os/hal/ports/STM32/LLD/SDIOv1/hal_sdc_lld.o
LOAD .build/obj_keychron_v10_max_ansi_encoder_default/lib/chibios/os/hal/ports/STM32/LLD/SYSTICKv1/hal_st_lld.o
LOAD .build/obj_keychron_v10_max_ansi_encoder_default/lib/chibios/os/hal/ports/STM32/LLD/TIMv1/hal_gpt_lld.o
LOAD .build/obj_keychron_v10_max_ansi_encoder_default/lib/chibios/os/hal/ports/STM32/LLD/TIMv1/hal_icu_lld.o
LOAD .build/obj_keychron_v10_max_ansi_encoder_default/lib/chibios/os/hal/ports/STM32/LLD/TIMv1/hal_pwm_lld.o
LOAD .build/obj_keychron_v10_max_ansi_encoder_default/lib/chibios/os/hal/ports/STM32/LLD/USARTv1/hal_serial_lld.o
LOAD .build/obj_keychron_v10_max_ansi_encoder_default/lib/chibios/os/hal/ports/STM32/LLD/USARTv1/hal_uart_lld.o
LOAD .build/obj_keychron_v10_max_ansi_encoder_default/lib/chibios/os/hal/ports/STM32/LLD/xWDGv1/hal_wdg_lld.o
LOAD .build/obj_keychron_v10_max_ansi_encoder_default/lib/chibios/os/hal/boards/ST_STM32F401C_DISCOVERY/board.o
LOAD .build/obj_keychron_v10_max_ansi_encoder_default/lib/chibios/os/hal/lib/streams/chprintf.o
LOAD .build/obj_keychron_v10_max_ansi_encoder_default/lib/chibios/os/hal/lib/streams/chscanf.o
LOAD .build/obj_keychron_v10_max_ansi_encoder_default/lib/chibios/os/hal/lib/streams/memstreams.o
LOAD .build/obj_keychron_v10_max_ansi_encoder_default/lib/chibios/os/hal/lib/streams/nullstreams.o
LOAD .build/obj_keychron_v10_max_ansi_encoder_default/lib/chibios/os/hal/lib/streams/bufstreams.o
LOAD .build/obj_keychron_v10_max_ansi_encoder_default/lib/chibios/os/various/syscalls.o
LOAD .build/obj_keychron_v10_max_ansi_encoder_default/platforms/chibios/syscall-fallbacks.o
LOAD .build/obj_keychron_v10_max_ansi_encoder_default/platforms/chibios/wait.o
LOAD .build/obj_keychron_v10_max_ansi_encoder_default/platforms/chibios/synchronization_util.o
LOAD .build/obj_keychron_v10_max_ansi_encoder_default/platforms/chibios/interrupt_handlers.o
                0x00000800                        __process_stack_size__ = 0x800
                0x00000400                        __main_stack_size__ = 0x400
LOAD /Users/dexter/Library/Application Support/qmk/bin/../lib/gcc/arm-none-eabi/15.2.0/../../../../arm-none-eabi/lib/thumb/v7e-m+fp/hard/libm_nano.a
START GROUP
LOAD /Users/dexter/Library/Application Support/qmk/bin/../lib/gcc/arm-none-eabi/15.2.0/thumb/v7e-m+fp/hard/libgcc.a
LOAD /Users/dexter/Library/Application Support/qmk/bin/../lib/gcc/arm-none-eabi/15.2.0/../../../../arm-none-eabi/lib/thumb/v7e-m+fp/hard/libg_nano.a
LOAD /Users/dexter/Library/Application Support/qmk/bin/../lib/gcc/arm-none-eabi/15.2.0/../../../../arm-none-eabi/lib/thumb/v7e-m+fp/hard/libc_nano.a
END GROUP
START GROUP
LOAD /Users/dexter/Library/Application Support/qmk/bin/../lib/gcc/arm-none-eabi/15.2.0/thumb/v7e-m+fp/hard/libgcc.a
LOAD /Users/dexter/Library/Application Support/qmk/bin/../lib/gcc/arm-none-eabi/15.2.0/../../../../arm-none-eabi/lib/thumb/v7e-m+fp/hard/libc_nano.a
END GROUP

.mstack         0x20000000      0x400
                0x20000000                        . = ALIGN (0x8)
                0x20000000                        __main_stack_base__ = .
                0x20000400                        . = (. + __main_stack_size__)
 *fill*         0x20000000      0x400 
                0x20000400                        . = ALIGN (0x8)
                0x20000400                        __main_stack_end__ = .

.pstack         0x20000400      0x800
                0x20000400                        . = ALIGN (0x8)
                0x20000400                        __process_stack_base__ = .
                0x20000400                        __main_thread_stack_base__ = .
                0x20000c00                        . = (. + __process_stack_size__)
 *fill*         0x20000400      0x800 
                0x20000c00                        . = ALIGN (0x8)
                0x20000c00                        __process_stack_end__ = .
                0x20000c00                        __main_thread_stack_end__ = .

.vectors        0x08000000      0x1e0
                0x08000000                        __textvectors_base__ = LOADADDR (.vectors)
                0x08000000                        __vectors_base__ = .
 *(.vectors)
 .vectors       0x08000000      0x1e0 .build/obj_keychron_v10_max_ansi_encoder_default/./lib/chibios/os/common/startup/ARMCMx/compilers/GCC/vectors.o
                0x08000000                _vectors
                0x080001e0                        __vectors_end__ = .

.xtors          0x08008000        0x0
                0x08008000                        __init_array_base__ = .
 *(SORT_BY_NAME(.init_array.*))
 *(.init_array)
                0x08008000                        __init_array_end__ = .
                0x08008000                        __fini_array_base__ = .
 *(.fini_array)
 *(SORT_BY_NAME(.fini_array.*))
                0x08008000                        __fini_array_end__ = .

.text           0x08008000     0xd2b4
                0x08008000                        __text_base__ = .
 *(.text)
 .text          0x08008000      0x11c .build/obj_keychron_v10_max_ansi_encoder_default/./lib/chibios/os/common/startup/ARMCMx/compilers/GCC/crt0_v7m.o
                0x08008000                _crt0_entry
 .text          0x0800811c        0x8 .build/obj_keychron_v10_max_ansi_encoder_default/./lib/chibios/os/common/startup/ARMCMx/compilers/GCC/vectors.o
                0x0800811c                Reset_Handler
                0x0800811e                VectorAC
                0x0800811e                DebugMon_Handler
                0x0800811e                Vector1A0
                0x0800811e                Vector11C
                0x0800811e                HardFault_Handler
                0x0800811e                Vector1B8
                0x0800811e                Vector19C
                0x0800811e                Vector8C
                0x0800811e                SysTick_Handler
                0x0800811e                VectorDC
                0x0800811e                PendSV_Handler
                0x0800811e                Vector168
                0x0800811e                NMI_Handler
                0x0800811e                Vector110
                0x0800811e                Vector1D8
                0x0800811e                VectorC8
                0x0800811e                Vector94
                0x0800811e                VectorA8
                0x0800811e                VectorB4
                0x0800811e                Vector160
                0x0800811e                Vector1B0
                0x0800811e                UsageFault_Handler
                0x0800811e                VectorEC
                0x0800811e                Vector40
                0x0800811e                VectorF8
                0x0800811e                Vector108
                0x0800811e                VectorBC
                0x0800811e                Vector190
                0x0800811e                Vector1C4
                0x0800811e                Vector1CC
                0x0800811e                Vector148
                0x0800811e                Vector188
                0x0800811e                Vector198
                0x0800811e                Vector118
                0x0800811e                VectorCC
                0x0800811e                Vector54
                0x0800811e                Vector98
                0x0800811e                VectorD8
                0x0800811e                Vector138
                0x0800811e                Vector24
                0x0800811e                Vector1AC
                0x0800811e                Vector178
                0x0800811e                SecureFault_Handler
                0x0800811e                Vector1A4
                0x0800811e                VectorD0
                0x0800811e                Vector1B4
                0x0800811e                Vector140
                0x0800811e                VectorC0
                0x0800811e                Vector1C0
                0x0800811e                Vector134
                0x0800811e                Vector1D0
                0x0800811e                VectorF0
                0x0800811e                Vector13C
                0x0800811e                Vector100
                0x0800811e                VectorF4
                0x0800811e                MemManage_Handler
                0x0800811e                VectorA0
                0x0800811e                VectorC4
                0x0800811e                Vector180
                0x0800811e                Vector90
                0x0800811e                Vector114
                0x0800811e                Vector164
                0x0800811e                Vector1BC
                0x0800811e                Vector1D4
                0x0800811e                Vector17C
                0x0800811e                Vector1A8
                0x0800811e                Vector16C
                0x0800811e                VectorD4
                0x0800811e                Vector144
                0x0800811e                Vector15C
                0x0800811e                Vector174
                0x0800811e                VectorE8
                0x0800811e                Vector170
                0x0800811e                Vector88
                0x0800811e                Vector104
                0x0800811e                Vector184
                0x0800811e                Vector10C
                0x0800811e                BusFault_Handler
                0x0800811e                Vector50
                0x0800811e                Vector1C8
                0x0800811e                Vector194
                0x0800811e                Vector1DC
                0x0800811e                Vector44
                0x0800811e                Vector28
                0x0800811e                VectorB8
                0x0800811e                Vector34
                0x0800811e                VectorA4
                0x0800811e                Vector20
                0x0800811e                Vector18C
                0x08008122                _unhandled_exception
 .text          0x08008124       0x32 .build/obj_keychron_v10_max_ansi_encoder_default/./lib/chibios/os/common/ports/ARMv7-M/compilers/GCC/chcoreasm.o
                0x08008124                __port_switch
                0x0800813c                __port_thread_start
                0x0800814e                __port_switch_from_isr
                0x08008152                __port_exit_from_isr
 *fill*         0x08008156        0x2 
 .text          0x08008158       0x30 /Users/dexter/Library/Application Support/qmk/bin/../lib/gcc/arm-none-eabi/15.2.0/thumb/v7e-m+fp/hard/libgcc.a(_aeabi_uldivmod.o)
                0x08008158                __aeabi_uldivmod
 .text          0x08008188      0x2ac /Users/dexter/Library/Application Support/qmk/bin/../lib/gcc/arm-none-eabi/15.2.0/thumb/v7e-m+fp/hard/libgcc.a(_udivmoddi4.o)
                0x08008188                __udivmoddi4
 .text          0x08008434        0x4 /Users/dexter/Library/Application Support/qmk/bin/../lib/gcc/arm-none-eabi/15.2.0/thumb/v7e-m+fp/hard/libgcc.a(_dvmd_tls.o)
                0x08008434                __aeabi_ldiv0
                0x08008434                __aeabi_idiv0
 .text          0x08008438       0x10 /Users/dexter/Library/Application Support/qmk/bin/../lib/gcc/arm-none-eabi/15.2.0/../../../../arm-none-eabi/lib/thumb/v7e-m+fp/hard/libg_nano.a(libc_a-strlen.o)
                0x08008438                strlen
 *fill*         0x08008448        0x8 
 .text          0x08008450       0xa0 /Users/dexter/Library/Application Support/qmk/bin/../lib/gcc/arm-none-eabi/15.2.0/../../../../arm-none-eabi/lib/thumb/v7e-m+fp/hard/libg_nano.a(libc_a-memchr.o)
                0x08008450                memchr
 *(.text.*)
 .text.wreless_keyboard_leds
                0x080084f0       0x18 .build/obj_keychron_v10_max_ansi_encoder_default/common/wireless/wireless.o
                0x080084f0                wreless_keyboard_leds
 .text.wireless_event_queue_init
                0x08008508       0x24 .build/obj_keychron_v10_max_ansi_encoder_default/common/wireless/wireless.o
                0x08008508                wireless_event_queue_init
 .text.wireless_event_enqueue
                0x0800852c       0x44 .build/obj_keychron_v10_max_ansi_encoder_default/common/wireless/wireless.o
                0x0800852c                wireless_event_enqueue
 .text.wireless_init
                0x08008570       0x28 .build/obj_keychron_v10_max_ansi_encoder_default/common/wireless/wireless.o
                0x08008570                wireless_init
 .text.wireless_pairing_ex
                0x08008598       0x30 .build/obj_keychron_v10_max_ansi_encoder_default/common/wireless/wireless.o
                0x08008598                wireless_pairing_ex
 .text.wireless_connect
                0x080085c8       0x44 .build/obj_keychron_v10_max_ansi_encoder_default/common/wireless/wireless.o
                0x080085c8                wireless_connect
 .text.wireless_send_keyboard
                0x0800860c       0x60 .build/obj_keychron_v10_max_ansi_encoder_default/common/wireless/wireless.o
                0x0800860c                wireless_send_keyboard
 .text.wireless_send_nkro
                0x0800866c       0x60 .build/obj_keychron_v10_max_ansi_encoder_default/common/wireless/wireless.o
                0x0800866c                wireless_send_nkro
 .text.wireless_send_mouse
                0x080086cc       0x34 .build/obj_keychron_v10_max_ansi_encoder_default/common/wireless/wireless.o
                0x080086cc                wireless_send_mouse
 .text.wireless_connect_ex
                0x08008700       0x48 .build/obj_keychron_v10_max_ansi_encoder_default/common/wireless/wireless.o
                0x08008700                wireless_connect_ex
 .text.wireless_disconnect
                0x08008748       0x10 .build/obj_keychron_v10_max_ansi_encoder_default/common/wireless/wireless.o
                0x08008748                wireless_disconnect
 .text.wireless_enter_discoverable_kb
                0x08008758        0x2 .build/obj_keychron_v10_max_ansi_encoder_default/common/wireless/wireless.o
                0x08008758                wireless_enter_discoverable_kb
 .text.wireless_enter_reconnecting_kb
                0x0800875a        0x2 .build/obj_keychron_v10_max_ansi_encoder_default/common/wireless/wireless.o
                0x0800875a                wireless_enter_reconnecting_kb
 .text.wireless_enter_connected_kb
                0x0800875c        0x2 .build/obj_keychron_v10_max_ansi_encoder_default/common/wireless/wireless.o
                0x0800875c                wireless_enter_connected_kb
 .text.wireless_enter_bluetooth_pin_code_entry_kb
                0x0800875e        0x2 .build/obj_keychron_v10_max_ansi_encoder_default/common/wireless/wireless.o
                0x0800875e                wireless_enter_bluetooth_pin_code_entry_kb
 .text.wireless_exit_bluetooth_pin_code_entry_kb
                0x08008760        0x2 .build/obj_keychron_v10_max_ansi_encoder_default/common/wireless/wireless.o
                0x08008760                wireless_exit_bluetooth_pin_code_entry_kb
 .text.wireless_enter_sleep_kb
                0x08008762        0x2 .build/obj_keychron_v10_max_ansi_encoder_default/common/wireless/wireless.o
                0x08008762                wireless_enter_sleep_kb
 .text.wireless_send_system
                0x08008764       0x20 .build/obj_keychron_v10_max_ansi_encoder_default/common/wireless/wireless.o
                0x08008764                wireless_send_system
 .text.wireless_send_consumer
                0x08008784       0x58 .build/obj_keychron_v10_max_ansi_encoder_default/common/wireless/wireless.o
                0x08008784                wireless_send_consumer
 .text.wireless_send_extra
                0x080087dc       0x36 .build/obj_keychron_v10_max_ansi_encoder_default/common/wireless/wireless.o
                0x080087dc                wireless_send_extra
 *fill*         0x08008812        0x2 
 .text.wireless_low_battery_shutdown
                0x08008814       0x88 .build/obj_keychron_v10_max_ansi_encoder_default/common/wireless/wireless.o
                0x08008814                wireless_low_battery_shutdown
 .text.wireless_event_task
                0x0800889c      0x1e4 .build/obj_keychron_v10_max_ansi_encoder_default/common/wireless/wireless.o
                0x0800889c                wireless_event_task
 .text.wireless_task
                0x08008a80       0x28 .build/obj_keychron_v10_max_ansi_encoder_default/common/wireless/wireless.o
                0x08008a80                wireless_task
 .text.wireless_get_state
                0x08008aa8        0xc .build/obj_keychron_v10_max_ansi_encoder_default/common/wireless/wireless.o
                0x08008aa8                wireless_get_state
 .text.process_record_wireless
                0x08008ab4       0x44 .build/obj_keychron_v10_max_ansi_encoder_default/common/wireless/wireless.o
                0x08008ab4                process_record_wireless
 .text.report_buffer_init
                0x08008af8       0x3c .build/obj_keychron_v10_max_ansi_encoder_default/common/wireless/report_buffer.o
                0x08008af8                report_buffer_init
 .text.report_buffer_enqueue
                0x08008b34       0x38 .build/obj_keychron_v10_max_ansi_encoder_default/common/wireless/report_buffer.o
                0x08008b34                report_buffer_enqueue
 .text.report_buffer_dequeue
                0x08008b6c       0x34 .build/obj_keychron_v10_max_ansi_encoder_default/common/wireless/report_buffer.o
                0x08008b6c                report_buffer_dequeue
 .text.report_buffer_is_empty
                0x08008ba0       0x18 .build/obj_keychron_v10_max_ansi_encoder_default/common/wireless/report_buffer.o
                0x08008ba0                report_buffer_is_empty
 .text.report_buffer_update_timer
                0x08008bb8       0x10 .build/obj_keychron_v10_max_ansi_encoder_default/common/wireless/report_buffer.o
                0x08008bb8                report_buffer_update_timer
 .text.report_buffer_next_inverval
                0x08008bc8       0x20 .build/obj_keychron_v10_max_ansi_encoder_default/common/wireless/report_buffer.o
                0x08008bc8                report_buffer_next_inverval
 .text.report_buffer_set_inverval
                0x08008be8        0xc .build/obj_keychron_v10_max_ansi_encoder_default/common/wireless/report_buffer.o
                0x08008be8                report_buffer_set_inverval
 .text.report_buffer_set_retry
                0x08008bf4        0xc .build/obj_keychron_v10_max_ansi_encoder_default/common/wireless/report_buffer.o
                0x08008bf4                report_buffer_set_retry
 .text.report_buffer_task
                0x08008c00       0xb8 .build/obj_keychron_v10_max_ansi_encoder_default/common/wireless/report_buffer.o
                0x08008c00                report_buffer_task
 .text.lkbt51_init
                0x08008cb8       0x94 .build/obj_keychron_v10_max_ansi_encoder_default/common/wireless/lkbt51.o
                0x08008cb8                lkbt51_init
 .text.lkbt51_wake
                0x08008d4c       0x44 .build/obj_keychron_v10_max_ansi_encoder_default/common/wireless/lkbt51.o
 .text.lkbt51_send_cmd
                0x08008d90       0xd4 .build/obj_keychron_v10_max_ansi_encoder_default/common/wireless/lkbt51.o
                0x08008d90                lkbt51_send_cmd
 .text.lkbt51_send_keyboard
                0x08008e64       0x38 .build/obj_keychron_v10_max_ansi_encoder_default/common/wireless/lkbt51.o
                0x08008e64                lkbt51_send_keyboard
 .text.lkbt51_send_nkro
                0x08008e9c       0x38 .build/obj_keychron_v10_max_ansi_encoder_default/common/wireless/lkbt51.o
                0x08008e9c                lkbt51_send_nkro
 .text.lkbt51_send_consumer
                0x08008ed4       0x34 .build/obj_keychron_v10_max_ansi_encoder_default/common/wireless/lkbt51.o
                0x08008ed4                lkbt51_send_consumer
 .text.lkbt51_send_system
                0x08008f08       0x40 .build/obj_keychron_v10_max_ansi_encoder_default/common/wireless/lkbt51.o
                0x08008f08                lkbt51_send_system
 .text.lkbt51_send_mouse
                0x08008f48       0x4c .build/obj_keychron_v10_max_ansi_encoder_default/common/wireless/lkbt51.o
                0x08008f48                lkbt51_send_mouse
 .text.lkbt51_become_discoverable
                0x08008f94       0x84 .build/obj_keychron_v10_max_ansi_encoder_default/common/wireless/lkbt51.o
                0x08008f94                lkbt51_become_discoverable
 .text.lkbt51_connect
                0x08009018       0x40 .build/obj_keychron_v10_max_ansi_encoder_default/common/wireless/lkbt51.o
                0x08009018                lkbt51_connect
 .text.lkbt51_disconnect
                0x08009058       0x48 .build/obj_keychron_v10_max_ansi_encoder_default/common/wireless/lkbt51.o
                0x08009058                lkbt51_disconnect
 .text.lkbt51_update_bat_lvl
                0x080090a0       0x30 .build/obj_keychron_v10_max_ansi_encoder_default/common/wireless/lkbt51.o
                0x080090a0                lkbt51_update_bat_lvl
 .text.lkbt51_read
                0x080090d0       0x54 .build/obj_keychron_v10_max_ansi_encoder_default/common/wireless/lkbt51.o
                0x080090d0                lkbt51_read
 .text.lkbt51_send_conn_evt_ack
                0x08009124       0x28 .build/obj_keychron_v10_max_ansi_encoder_default/common/wireless/lkbt51.o
                0x08009124                lkbt51_send_conn_evt_ack
 .text.lkbt51_read_state_reg
                0x0800914c       0x34 .build/obj_keychron_v10_max_ansi_encoder_default/common/wireless/lkbt51.o
                0x0800914c                lkbt51_read_state_reg
 .text.lkbt51_update_bat_state
                0x08009180       0x30 .build/obj_keychron_v10_max_ansi_encoder_default/common/wireless/lkbt51.o
                0x08009180                lkbt51_update_bat_state
 .text.lkbt51_set_param
                0x080091b0       0x38 .build/obj_keychron_v10_max_ansi_encoder_default/common/wireless/lkbt51.o
                0x080091b0                lkbt51_set_param
 .text.lkbt51_set_local_name
                0x080091e8       0x40 .build/obj_keychron_v10_max_ansi_encoder_default/common/wireless/lkbt51.o
                0x080091e8                lkbt51_set_local_name
 .text.lkbt51_factory_reset
                0x08009228       0x34 .build/obj_keychron_v10_max_ansi_encoder_default/common/wireless/lkbt51.o
                0x08009228                lkbt51_factory_reset
 .text.lkbt51_int_pin_test
                0x0800925c       0x30 .build/obj_keychron_v10_max_ansi_encoder_default/common/wireless/lkbt51.o
                0x0800925c                lkbt51_int_pin_test
 .text.lkbt51_radio_test
                0x0800928c       0x30 .build/obj_keychron_v10_max_ansi_encoder_default/common/wireless/lkbt51.o
                0x0800928c                lkbt51_radio_test
 .text.lkbt51_dfu_tx
                0x080092bc       0x7c .build/obj_keychron_v10_max_ansi_encoder_default/common/wireless/lkbt51.o
                0x080092bc                lkbt51_dfu_tx
 .text.lkbt51_task
                0x08009338      0x28c .build/obj_keychron_v10_max_ansi_encoder_default/common/wireless/lkbt51.o
                0x08009338                lkbt51_task
 .text.lkbt51_dfu_rx
                0x080095c4       0x9c .build/obj_keychron_v10_max_ansi_encoder_default/common/wireless/lkbt51.o
                0x080095c4                lkbt51_dfu_rx
 .text.indicator_init
                0x08009660       0x2c .build/obj_keychron_v10_max_ansi_encoder_default/common/wireless/indicator.o
                0x08009660                indicator_init
 .text.indicator_enable
                0x0800968c       0x12 .build/obj_keychron_v10_max_ansi_encoder_default/common/wireless/indicator.o
                0x0800968c                indicator_enable
 .text.indicator_disable
                0x0800969e        0x4 .build/obj_keychron_v10_max_ansi_encoder_default/common/wireless/indicator.o
                0x0800969e                indicator_disable
 .text.indicator_is_enabled
                0x080096a2        0xe .build/obj_keychron_v10_max_ansi_encoder_default/common/wireless/indicator.o
                0x080096a2                indicator_is_enabled
 .text.indicator_eeconfig_reload
                0x080096b0       0x24 .build/obj_keychron_v10_max_ansi_encoder_default/common/wireless/indicator.o
                0x080096b0                indicator_eeconfig_reload
 .text.indicator_is_running
                0x080096d4       0x2c .build/obj_keychron_v10_max_ansi_encoder_default/common/wireless/indicator.o
                0x080096d4                indicator_is_running
 .text.indicator_stop
                0x08009700       0x28 .build/obj_keychron_v10_max_ansi_encoder_default/common/wireless/indicator.o
                0x08009700                indicator_stop
 .text.indicator_battery_low_enable
                0x08009728       0x34 .build/obj_keychron_v10_max_ansi_encoder_default/common/wireless/indicator.o
                0x08009728                indicator_battery_low_enable
 .text.indicator_battery_low_backlit_enable
                0x0800975c       0x80 .build/obj_keychron_v10_max_ansi_encoder_default/common/wireless/indicator.o
                0x0800975c                indicator_battery_low_backlit_enable
 .text.os_state_indicate
                0x080097dc       0x30 .build/obj_keychron_v10_max_ansi_encoder_default/common/wireless/indicator.o
                0x080097dc                os_state_indicate
 .text.rgb_matrix_indicators_bt
                0x0800980c      0x114 .build/obj_keychron_v10_max_ansi_encoder_default/common/wireless/indicator.o
                0x0800980c                rgb_matrix_indicators_bt
 .text.indicator_timer_cb
                0x08009920       0xdc .build/obj_keychron_v10_max_ansi_encoder_default/common/wireless/indicator.o
 .text.indicator_set
                0x080099fc      0x154 .build/obj_keychron_v10_max_ansi_encoder_default/common/wireless/indicator.o
                0x080099fc                indicator_set
 .text.rgb_matrix_none_indicators_kb
                0x08009b50       0x1c .build/obj_keychron_v10_max_ansi_encoder_default/common/wireless/indicator.o
                0x08009b50                rgb_matrix_none_indicators_kb
 .text.rgb_matrix_driver_allow_shutdown
                0x08009b6c       0x10 .build/obj_keychron_v10_max_ansi_encoder_default/common/wireless/indicator.o
                0x08009b6c                rgb_matrix_driver_allow_shutdown
 .text.indicator_battery_low
                0x08009b7c       0xb0 .build/obj_keychron_v10_max_ansi_encoder_default/common/wireless/indicator.o
                0x08009b7c                indicator_battery_low
 .text.indicator_task
                0x08009c2c       0x40 .build/obj_keychron_v10_max_ansi_encoder_default/common/wireless/indicator.o
                0x08009c2c                indicator_task
 .text.led_update_kb
                0x08009c6c       0x54 .build/obj_keychron_v10_max_ansi_encoder_default/common/wireless/indicator.o
                0x08009c6c                led_update_kb
 .text.wireless_post_task
                0x08009cc0        0x2 .build/obj_keychron_v10_max_ansi_encoder_default/common/wireless/wireless_main.o
                0x08009cc0                wireless_post_task
 .text.wireless_tasks
                0x08009cc2       0x1e .build/obj_keychron_v10_max_ansi_encoder_default/common/wireless/wireless_main.o
                0x08009cc2                wireless_tasks
 .text.bt_transport_enable
                0x08009ce0       0x68 .build/obj_keychron_v10_max_ansi_encoder_default/common/wireless/transport.o
                0x08009ce0                bt_transport_enable
 .text.p24g_transport_enable
                0x08009d48       0x68 .build/obj_keychron_v10_max_ansi_encoder_default/common/wireless/transport.o
                0x08009d48                p24g_transport_enable
 .text.usb_transport_enable
                0x08009db0       0x3c .build/obj_keychron_v10_max_ansi_encoder_default/common/wireless/transport.o
                0x08009db0                usb_transport_enable
 .text.set_transport
                0x08009dec      0x10c .build/obj_keychron_v10_max_ansi_encoder_default/common/wireless/transport.o
                0x08009dec                set_transport
 .text.get_transport
                0x08009ef8        0xc .build/obj_keychron_v10_max_ansi_encoder_default/common/wireless/transport.o
                0x08009ef8                get_transport
 .text.usb_remote_wakeup
                0x08009f04       0x70 .build/obj_keychron_v10_max_ansi_encoder_default/common/wireless/transport.o
                0x08009f04                usb_remote_wakeup
 .text.select_all_cols
                0x08009f74       0x3c .build/obj_keychron_v10_max_ansi_encoder_default/common/wireless/lpm.o
                0x08009f74                select_all_cols
 .text.lpm_timer_reset
                0x08009fb0       0x1c .build/obj_keychron_v10_max_ansi_encoder_default/common/wireless/lpm.o
                0x08009fb0                lpm_timer_reset
 .text.lpm_init
                0x08009fcc       0x18 .build/obj_keychron_v10_max_ansi_encoder_default/common/wireless/lpm.o
                0x08009fcc                lpm_init
 .text.lpm_timer_stop
                0x08009fe4       0x14 .build/obj_keychron_v10_max_ansi_encoder_default/common/wireless/lpm.o
                0x08009fe4                lpm_timer_stop
 .text.usb_power_connected
                0x08009ff8       0x10 .build/obj_keychron_v10_max_ansi_encoder_default/common/wireless/lpm.o
                0x08009ff8                usb_power_connected
 .text.pre_enter_low_power_mode
                0x0800a008      0x104 .build/obj_keychron_v10_max_ansi_encoder_default/common/wireless/lpm.o
                0x0800a008                pre_enter_low_power_mode
 .text.lpm_task
                0x0800a10c      0x1c8 .build/obj_keychron_v10_max_ansi_encoder_default/common/wireless/lpm.o
                0x0800a10c                lpm_task
 .text.lpm_set  0x0800a2d4       0x60 .build/obj_keychron_v10_max_ansi_encoder_default/common/wireless/lpm_stm32f401.o
                0x0800a2d4                lpm_set
 .text.enter_power_mode
                0x0800a334       0x64 .build/obj_keychron_v10_max_ansi_encoder_default/common/wireless/lpm_stm32f401.o
                0x0800a334                enter_power_mode
 .text.battery_init
                0x0800a398       0x10 .build/obj_keychron_v10_max_ansi_encoder_default/common/wireless/battery.o
                0x0800a398                battery_init
 .text.battery_stop
                0x0800a3a8        0x2 .build/obj_keychron_v10_max_ansi_encoder_default/common/wireless/battery.o
                0x0800a3a8                battery_stop
 .text.battery_measure
                0x0800a3aa        0x8 .build/obj_keychron_v10_max_ansi_encoder_default/common/wireless/battery.o
                0x0800a3aa                battery_measure
 *fill*         0x0800a3b2        0x2 
 .text.battery_calculate_voltage
                0x0800a3b4       0x70 .build/obj_keychron_v10_max_ansi_encoder_default/common/wireless/battery.o
                0x0800a3b4                battery_calculate_voltage
 .text.battery_get_percentage
                0x0800a424       0x50 .build/obj_keychron_v10_max_ansi_encoder_default/common/wireless/battery.o
                0x0800a424                battery_get_percentage
 .text.battery_is_empty
                0x0800a474       0x14 .build/obj_keychron_v10_max_ansi_encoder_default/common/wireless/battery.o
                0x0800a474                battery_is_empty
 .text.battery_is_critical_low
                0x0800a488       0x14 .build/obj_keychron_v10_max_ansi_encoder_default/common/wireless/battery.o
                0x0800a488                battery_is_critical_low
 .text.battery_check_empty
                0x0800a49c       0x40 .build/obj_keychron_v10_max_ansi_encoder_default/common/wireless/battery.o
                0x0800a49c                battery_check_empty
 .text.battery_check_critical_low
                0x0800a4dc       0x34 .build/obj_keychron_v10_max_ansi_encoder_default/common/wireless/battery.o
                0x0800a4dc                battery_check_critical_low
 .text.battery_task
                0x0800a510       0xcc .build/obj_keychron_v10_max_ansi_encoder_default/common/wireless/battery.o
                0x0800a510                battery_task
 .text.bat_level_animiation_start
                0x0800a5dc       0x58 .build/obj_keychron_v10_max_ansi_encoder_default/common/wireless/bat_level_animation.o
                0x0800a5dc                bat_level_animiation_start
 .text.bat_level_animiation_actived
                0x0800a634       0x10 .build/obj_keychron_v10_max_ansi_encoder_default/common/wireless/bat_level_animation.o
                0x0800a634                bat_level_animiation_actived
 .text.bat_level_animiation_indicate
                0x0800a644       0x7c .build/obj_keychron_v10_max_ansi_encoder_default/common/wireless/bat_level_animation.o
                0x0800a644                bat_level_animiation_indicate
 .text.bat_level_animiation_update
                0x0800a6c0       0xac .build/obj_keychron_v10_max_ansi_encoder_default/common/wireless/bat_level_animation.o
                0x0800a6c0                bat_level_animiation_update
 .text.bat_level_animiation_task
                0x0800a76c       0x30 .build/obj_keychron_v10_max_ansi_encoder_default/common/wireless/bat_level_animation.o
                0x0800a76c                bat_level_animiation_task
 .text.rtc_timer_clear
                0x0800a79c       0x18 .build/obj_keychron_v10_max_ansi_encoder_default/common/wireless/rtc_timer.o
                0x0800a79c                rtc_timer_clear
 .text.rtc_timer_init
                0x0800a7b4        0x4 .build/obj_keychron_v10_max_ansi_encoder_default/common/wireless/rtc_timer.o
                0x0800a7b4                rtc_timer_init
 .text.rtc_timer_read_ms
                0x0800a7b8       0x18 .build/obj_keychron_v10_max_ansi_encoder_default/common/wireless/rtc_timer.o
                0x0800a7b8                rtc_timer_read_ms
 .text.rtc_timer_elapsed_ms
                0x0800a7d0        0xc .build/obj_keychron_v10_max_ansi_encoder_default/common/wireless/rtc_timer.o
                0x0800a7d0                rtc_timer_elapsed_ms
 .text.process_record_keychron_wireless
                0x0800a7dc       0x98 .build/obj_keychron_v10_max_ansi_encoder_default/common/wireless/keychron_wireless_common.o
                0x0800a7dc                process_record_keychron_wireless
 .text.lkbt51_param_init
                0x0800a874       0x44 .build/obj_keychron_v10_max_ansi_encoder_default/common/wireless/keychron_wireless_common.o
                0x0800a874                lkbt51_param_init
 .text.wireless_enter_reset_kb
                0x0800a8b8        0x4 .build/obj_keychron_v10_max_ansi_encoder_default/common/wireless/keychron_wireless_common.o
                0x0800a8b8                wireless_enter_reset_kb
 .text.wireless_enter_disconnected_kb
                0x0800a8bc       0x2c .build/obj_keychron_v10_max_ansi_encoder_default/common/wireless/keychron_wireless_common.o
                0x0800a8bc                wireless_enter_disconnected_kb
 .text.keychron_wireless_common_task
                0x0800a8e8       0x28 .build/obj_keychron_v10_max_ansi_encoder_default/common/wireless/keychron_wireless_common.o
                0x0800a8e8                keychron_wireless_common_task
 .text.wireless_pre_task
                0x0800a910       0xb0 .build/obj_keychron_v10_max_ansi_encoder_default/common/wireless/keychron_wireless_common.o
                0x0800a910                wireless_pre_task
 .text.process_record_keychron_kb
                0x0800a9c0        0x4 .build/obj_keychron_v10_max_ansi_encoder_default/common/keychron_task.o
                0x0800a9c0                process_record_keychron_kb
 .text.process_record_keychron
                0x0800a9c4       0x20 .build/obj_keychron_v10_max_ansi_encoder_default/common/keychron_task.o
                0x0800a9c4                process_record_keychron
 .text.rgb_matrix_indicators_keychron
                0x0800a9e4        0xe .build/obj_keychron_v10_max_ansi_encoder_default/common/keychron_task.o
                0x0800a9e4                rgb_matrix_indicators_keychron
 .text.keychron_task
                0x0800a9f2       0x14 .build/obj_keychron_v10_max_ansi_encoder_default/common/keychron_task.o
                0x0800a9f2                keychron_task
 .text.process_record_kb
                0x0800aa06       0x1a .build/obj_keychron_v10_max_ansi_encoder_default/common/keychron_task.o
                0x0800aa06                process_record_kb
 .text.rgb_matrix_indicators_kb
                0x0800aa20       0x12 .build/obj_keychron_v10_max_ansi_encoder_default/common/keychron_task.o
                0x0800aa20                rgb_matrix_indicators_kb
 .text.housekeeping_task_kb
                0x0800aa32        0x4 .build/obj_keychron_v10_max_ansi_encoder_default/common/keychron_task.o
                0x0800aa32                housekeeping_task_kb
 .text.encoder0_pad_cb
                0x0800aa36        0x6 .build/obj_keychron_v10_max_ansi_encoder_default/common/keychron_common.o
 .text.process_record_keychron_common
                0x0800aa3c       0xbc .build/obj_keychron_v10_max_ansi_encoder_default/common/keychron_common.o
                0x0800aa3c                process_record_keychron_common
 .text.keychron_common_task
                0x0800aaf8       0x34 .build/obj_keychron_v10_max_ansi_encoder_default/common/keychron_common.o
                0x0800aaf8                keychron_common_task
 .text.encoder_cb_init
                0x0800ab2c       0x60 .build/obj_keychron_v10_max_ansi_encoder_default/common/keychron_common.o
                0x0800ab2c                encoder_cb_init
 .text.via_command_kb
                0x0800ab8c       0x94 .build/obj_keychron_v10_max_ansi_encoder_default/common/keychron_common.o
                0x0800ab8c                via_command_kb
 .text.raw_hid_receive
                0x0800ac20        0xe .build/obj_keychron_v10_max_ansi_encoder_default/common/keychron_common.o
                0x0800ac20                raw_hid_receive
 *fill*         0x0800ac2e        0x2 
 .text.factory_timer_start
                0x0800ac30       0x10 .build/obj_keychron_v10_max_ansi_encoder_default/common/factory_test.o
                0x0800ac30                factory_timer_start
 .text.process_record_factory_test
                0x0800ac40       0xf0 .build/obj_keychron_v10_max_ansi_encoder_default/common/factory_test.o
                0x0800ac40                process_record_factory_test
 .text.factory_test_indicator
                0x0800ad30       0x5c .build/obj_keychron_v10_max_ansi_encoder_default/common/factory_test.o
                0x0800ad30                factory_test_indicator
 .text.factory_reset_indicating
                0x0800ad8c       0x10 .build/obj_keychron_v10_max_ansi_encoder_default/common/factory_test.o
                0x0800ad8c                factory_reset_indicating
 .text.factory_test_task
                0x0800ad9c       0xc0 .build/obj_keychron_v10_max_ansi_encoder_default/common/factory_test.o
                0x0800ad9c                factory_test_task
 .text.factory_test_send
                0x0800ae5c       0x48 .build/obj_keychron_v10_max_ansi_encoder_default/common/factory_test.o
                0x0800ae5c                factory_test_send
 .text.factory_test_rx
                0x0800aea4      0x160 .build/obj_keychron_v10_max_ansi_encoder_default/common/factory_test.o
                0x0800aea4                factory_test_rx
 .text.dip_switch_update_user
                0x0800b004       0x28 .build/obj_keychron_v10_max_ansi_encoder_default/common/factory_test.o
                0x0800b004                dip_switch_update_user
 .text.dip_switch_update_kb
                0x0800b02c       0x20 .build/obj_keychron_v10_max_ansi_encoder_default/keyboards/keychron/v10_max/v10_max.o
                0x0800b02c                dip_switch_update_kb
 .text.keyboard_post_init_kb
                0x0800b04c       0x4c .build/obj_keychron_v10_max_ansi_encoder_default/keyboards/keychron/v10_max/v10_max.o
                0x0800b04c                keyboard_post_init_kb
 .text.keychron_task_kb
                0x0800b098       0x30 .build/obj_keychron_v10_max_ansi_encoder_default/keyboards/keychron/v10_max/v10_max.o
                0x0800b098                keychron_task_kb
 .text.lpm_is_kb_idle
                0x0800b0c8       0x1c .build/obj_keychron_v10_max_ansi_encoder_default/keyboards/keychron/v10_max/v10_max.o
                0x0800b0c8                lpm_is_kb_idle
 .text.process_record_user
                0x0800b0e4        0x4 .build/obj_keychron_v10_max_ansi_encoder_default/quantum/keymap_introspection.o
                0x0800b0e4                process_record_user
 .text.keycode_at_keymap_location_raw
                0x0800b0e8       0x28 .build/obj_keychron_v10_max_ansi_encoder_default/quantum/keymap_introspection.o
                0x0800b0e8                keycode_at_keymap_location_raw
 .text.keycode_at_keymap_location
                0x0800b110        0x4 .build/obj_keychron_v10_max_ansi_encoder_default/quantum/keymap_introspection.o
                0x0800b110                keycode_at_keymap_location
 .text.keycode_at_encodermap_location_raw
                0x0800b114       0x20 .build/obj_keychron_v10_max_ansi_encoder_default/quantum/keymap_introspection.o
                0x0800b114                keycode_at_encodermap_location_raw
 .text.keycode_at_encodermap_location
                0x0800b134        0x4 .build/obj_keychron_v10_max_ansi_encoder_default/quantum/keymap_introspection.o
                0x0800b134                keycode_at_encodermap_location
 .text.pre_process_record_user
                0x0800b138        0x4 .build/obj_keychron_v10_max_ansi_encoder_default/quantum/quantum.o
                0x0800b138                pre_process_record_user
 .text.pre_process_record_kb
                0x0800b13c        0x8 .build/obj_keychron_v10_max_ansi_encoder_default/quantum/quantum.o
                0x0800b13c                pre_process_record_kb
 .text.process_action_kb
                0x0800b144        0x4 .build/obj_keychron_v10_max_ansi_encoder_default/quantum/quantum.o
                0x0800b144                process_action_kb
 .text.post_process_record_user
                0x0800b148        0x2 .build/obj_keychron_v10_max_ansi_encoder_default/quantum/quantum.o
                0x0800b148                post_process_record_user
 .text.post_process_record_kb
                0x0800b14a        0x8 .build/obj_keychron_v10_max_ansi_encoder_default/quantum/quantum.o
                0x0800b14a                post_process_record_kb
 *fill*         0x0800b152        0x2 
 .text.get_event_keycode
                0x0800b154       0x48 .build/obj_keychron_v10_max_ansi_encoder_default/quantum/quantum.o
                0x0800b154                get_event_keycode
 .text.get_record_keycode
                0x0800b19c       0x16 .build/obj_keychron_v10_max_ansi_encoder_default/quantum/quantum.o
                0x0800b19c                get_record_keycode
 .text.pre_process_record_quantum
                0x0800b1b2       0x12 .build/obj_keychron_v10_max_ansi_encoder_default/quantum/quantum.o
                0x0800b1b2                pre_process_record_quantum
 .text.post_process_record_quantum
                0x0800b1c4       0x12 .build/obj_keychron_v10_max_ansi_encoder_default/quantum/quantum.o
                0x0800b1c4                post_process_record_quantum
 .text.shutdown_user
                0x0800b1d6        0x4 .build/obj_keychron_v10_max_ansi_encoder_default/quantum/quantum.o
                0x0800b1d6                shutdown_user
 .text.shutdown_kb
                0x0800b1da        0x8 .build/obj_keychron_v10_max_ansi_encoder_default/quantum/quantum.o
                0x0800b1da                shutdown_kb
 .text.shutdown_quantum
                0x0800b1e2       0x1a .build/obj_keychron_v10_max_ansi_encoder_default/quantum/quantum.o
                0x0800b1e2                shutdown_quantum
 .text.reset_keyboard
                0x0800b1fc       0x10 .build/obj_keychron_v10_max_ansi_encoder_default/quantum/quantum.o
                0x0800b1fc                reset_keyboard
 .text.soft_reset_keyboard
                0x0800b20c       0x10 .build/obj_keychron_v10_max_ansi_encoder_default/quantum/quantum.o
                0x0800b20c                soft_reset_keyboard
 .text.process_record_quantum
                0x0800b21c       0x9c .build/obj_keychron_v10_max_ansi_encoder_default/quantum/quantum.o
                0x0800b21c                process_record_quantum
 .text.suspend_power_down_quantum
                0x0800b2b8       0x18 .build/obj_keychron_v10_max_ansi_encoder_default/quantum/quantum.o
                0x0800b2b8                suspend_power_down_quantum
 .text.suspend_wakeup_init_quantum
                0x0800b2d0       0x14 .build/obj_keychron_v10_max_ansi_encoder_default/quantum/quantum.o
                0x0800b2d0                suspend_wakeup_init_quantum
 .text.biton16  0x0800b2e4       0x22 .build/obj_keychron_v10_max_ansi_encoder_default/quantum/bitwise.o
                0x0800b2e4                biton16
 .text.led_set_user
                0x0800b306        0x2 .build/obj_keychron_v10_max_ansi_encoder_default/quantum/led.o
                0x0800b306                led_set_user
 .text.led_update_user
                0x0800b308        0x4 .build/obj_keychron_v10_max_ansi_encoder_default/quantum/led.o
                0x0800b308                led_update_user
 .text.led_update_ports
                0x0800b30c        0x2 .build/obj_keychron_v10_max_ansi_encoder_default/quantum/led.o
                0x0800b30c                led_update_ports
 .text.led_init_ports
                0x0800b30e        0x2 .build/obj_keychron_v10_max_ansi_encoder_default/quantum/led.o
                0x0800b30e                led_init_ports
 .text.led_set  0x0800b310       0x10 .build/obj_keychron_v10_max_ansi_encoder_default/quantum/led.o
                0x0800b310                led_set
 .text.led_suspend
                0x0800b320        0xa .build/obj_keychron_v10_max_ansi_encoder_default/quantum/led.o
                0x0800b320                led_suspend
 .text.led_wakeup
                0x0800b32a        0xc .build/obj_keychron_v10_max_ansi_encoder_default/quantum/led.o
                0x0800b32a                led_wakeup
 *fill*         0x0800b336        0x2 
 .text.led_task
                0x0800b338       0x2c .build/obj_keychron_v10_max_ansi_encoder_default/quantum/led.o
                0x0800b338                led_task
 .text.action_exec
                0x0800b364       0x3c .build/obj_keychron_v10_max_ansi_encoder_default/quantum/action.o
                0x0800b364                action_exec
 .text.process_record_tap_hint
                0x0800b3a0        0xe .build/obj_keychron_v10_max_ansi_encoder_default/quantum/action.o
                0x0800b3a0                process_record_tap_hint
 .text.register_mouse
                0x0800b3ae       0x16 .build/obj_keychron_v10_max_ansi_encoder_default/quantum/action.o
                0x0800b3ae                register_mouse
 .text.register_code
                0x0800b3c4       0x90 .build/obj_keychron_v10_max_ansi_encoder_default/quantum/action.o
                0x0800b3c4                register_code
 .text.unregister_code
                0x0800b454       0x72 .build/obj_keychron_v10_max_ansi_encoder_default/quantum/action.o
                0x0800b454                unregister_code
 .text.tap_code_delay
                0x0800b4c6       0x20 .build/obj_keychron_v10_max_ansi_encoder_default/quantum/action.o
                0x0800b4c6                tap_code_delay
 .text.tap_code
                0x0800b4e6       0x10 .build/obj_keychron_v10_max_ansi_encoder_default/quantum/action.o
                0x0800b4e6                tap_code
 .text.register_mods
                0x0800b4f6       0x12 .build/obj_keychron_v10_max_ansi_encoder_default/quantum/action.o
                0x0800b4f6                register_mods
 .text.unregister_mods
                0x0800b508       0x12 .build/obj_keychron_v10_max_ansi_encoder_default/quantum/action.o
                0x0800b508                unregister_mods
 *fill*         0x0800b51a        0x2 
 .text.process_action
                0x0800b51c      0x3a0 .build/obj_keychron_v10_max_ansi_encoder_default/quantum/action.o
                0x0800b51c                process_action
 .text.process_record_handler
                0x0800b8bc       0x22 .build/obj_keychron_v10_max_ansi_encoder_default/quantum/action.o
                0x0800b8bc                process_record_handler
 *fill*         0x0800b8de        0x2 
 .text.process_record
                0x0800b8e0       0x3c .build/obj_keychron_v10_max_ansi_encoder_default/quantum/action.o
                0x0800b8e0                process_record
 .text.clear_keyboard_but_mods_and_keys
                0x0800b91c       0x22 .build/obj_keychron_v10_max_ansi_encoder_default/quantum/action.o
                0x0800b91c                clear_keyboard_but_mods_and_keys
 .text.clear_keyboard_but_mods
                0x0800b93e        0xe .build/obj_keychron_v10_max_ansi_encoder_default/quantum/action.o
                0x0800b93e                clear_keyboard_but_mods
 .text.clear_keyboard
                0x0800b94c        0xe .build/obj_keychron_v10_max_ansi_encoder_default/quantum/action.o
                0x0800b94c                clear_keyboard
 .text.is_tap_action
                0x0800b95a       0x48 .build/obj_keychron_v10_max_ansi_encoder_default/quantum/action.o
                0x0800b95a                is_tap_action
 .text.is_tap_record
                0x0800b9a2       0x18 .build/obj_keychron_v10_max_ansi_encoder_default/quantum/action.o
                0x0800b9a2                is_tap_record
 .text.debug_event
                0x0800b9ba        0xa .build/obj_keychron_v10_max_ansi_encoder_default/quantum/action.o
                0x0800b9ba                debug_event
 .text.debug_record
                0x0800b9c4        0xa .build/obj_keychron_v10_max_ansi_encoder_default/quantum/action.o
                0x0800b9c4                debug_record
 .text.default_layer_state_set_user
                0x0800b9ce        0x2 .build/obj_keychron_v10_max_ansi_encoder_default/quantum/action_layer.o
                0x0800b9ce                default_layer_state_set_user
 .text.default_layer_state_set_kb
                0x0800b9d0        0x8 .build/obj_keychron_v10_max_ansi_encoder_default/quantum/action_layer.o
                0x0800b9d0                default_layer_state_set_kb
 .text.default_layer_state_set
                0x0800b9d8       0x10 .build/obj_keychron_v10_max_ansi_encoder_default/quantum/action_layer.o
 .text.default_layer_debug
                0x0800b9e8        0x2 .build/obj_keychron_v10_max_ansi_encoder_default/quantum/action_layer.o
                0x0800b9e8                default_layer_debug
 .text.default_layer_set
                0x0800b9ea        0x4 .build/obj_keychron_v10_max_ansi_encoder_default/quantum/action_layer.o
                0x0800b9ea                default_layer_set
 *fill*         0x0800b9ee        0x2 
 .text.default_layer_or
                0x0800b9f0       0x10 .build/obj_keychron_v10_max_ansi_encoder_default/quantum/action_layer.o
                0x0800b9f0                default_layer_or
 .text.default_layer_and
                0x0800ba00       0x10 .build/obj_keychron_v10_max_ansi_encoder_default/quantum/action_layer.o
                0x0800ba00                default_layer_and
 .text.default_layer_xor
                0x0800ba10       0x10 .build/obj_keychron_v10_max_ansi_encoder_default/quantum/action_layer.o
                0x0800ba10                default_layer_xor
 .text.layer_state_set_user
                0x0800ba20        0x2 .build/obj_keychron_v10_max_ansi_encoder_default/quantum/action_layer.o
                0x0800ba20                layer_state_set_user
 .text.layer_state_set_kb
                0x0800ba22        0x8 .build/obj_keychron_v10_max_ansi_encoder_default/quantum/action_layer.o
                0x0800ba22                layer_state_set_kb
 *fill*         0x0800ba2a        0x2 
 .text.layer_state_set
                0x0800ba2c       0x10 .build/obj_keychron_v10_max_ansi_encoder_default/quantum/action_layer.o
                0x0800ba2c                layer_state_set
 .text.layer_clear
                0x0800ba3c        0x6 .build/obj_keychron_v10_max_ansi_encoder_default/quantum/action_layer.o
                0x0800ba3c                layer_clear
 .text.layer_move
                0x0800ba42        0xc .build/obj_keychron_v10_max_ansi_encoder_default/quantum/action_layer.o
                0x0800ba42                layer_move
 *fill*         0x0800ba4e        0x2 
 .text.layer_on
                0x0800ba50       0x18 .build/obj_keychron_v10_max_ansi_encoder_default/quantum/action_layer.o
                0x0800ba50                layer_on
 .text.layer_off
                0x0800ba68       0x14 .build/obj_keychron_v10_max_ansi_encoder_default/quantum/action_layer.o
                0x0800ba68                layer_off
 .text.layer_invert
                0x0800ba7c       0x18 .build/obj_keychron_v10_max_ansi_encoder_default/quantum/action_layer.o
                0x0800ba7c                layer_invert
 .text.layer_or
                0x0800ba94       0x10 .build/obj_keychron_v10_max_ansi_encoder_default/quantum/action_layer.o
                0x0800ba94                layer_or
 .text.layer_and
                0x0800baa4       0x10 .build/obj_keychron_v10_max_ansi_encoder_default/quantum/action_layer.o
                0x0800baa4                layer_and
 .text.layer_xor
                0x0800bab4       0x10 .build/obj_keychron_v10_max_ansi_encoder_default/quantum/action_layer.o
                0x0800bab4                layer_xor
 .text.layer_debug
                0x0800bac4        0x2 .build/obj_keychron_v10_max_ansi_encoder_default/quantum/action_layer.o
                0x0800bac4                layer_debug
 .text.update_source_layers_cache_impl
                0x0800bac6       0x30 .build/obj_keychron_v10_max_ansi_encoder_default/quantum/action_layer.o
                0x0800bac6                update_source_layers_cache_impl
 .text.read_source_layers_cache_impl
                0x0800baf6       0x26 .build/obj_keychron_v10_max_ansi_encoder_default/quantum/action_layer.o
                0x0800baf6                read_source_layers_cache_impl
 .text.update_source_layers_cache
                0x0800bb1c       0x3c .build/obj_keychron_v10_max_ansi_encoder_default/quantum/action_layer.o
                0x0800bb1c                update_source_layers_cache
 .text.read_source_layers_cache
                0x0800bb58       0x3c .build/obj_keychron_v10_max_ansi_encoder_default/quantum/action_layer.o
                0x0800bb58                read_source_layers_cache
 .text.layer_switch_get_layer
                0x0800bb94       0x44 .build/obj_keychron_v10_max_ansi_encoder_default/quantum/action_layer.o
                0x0800bb94                layer_switch_get_layer
 .text.layer_switch_get_action
                0x0800bbd8       0x18 .build/obj_keychron_v10_max_ansi_encoder_default/quantum/action_layer.o
                0x0800bbd8                layer_switch_get_action
 .text.store_or_get_action
                0x0800bbf0       0x48 .build/obj_keychron_v10_max_ansi_encoder_default/quantum/action_layer.o
                0x0800bbf0                store_or_get_action
 .text.debug_waiting_buffer
                0x0800bc38       0x40 .build/obj_keychron_v10_max_ansi_encoder_default/quantum/action_tapping.o
 .text.debug_tapping_key
                0x0800bc78       0x20 .build/obj_keychron_v10_max_ansi_encoder_default/quantum/action_tapping.o
 .text.waiting_buffer_scan_tap
                0x0800bc98       0x84 .build/obj_keychron_v10_max_ansi_encoder_default/quantum/action_tapping.o
 .text.waiting_buffer_typed.isra.0
                0x0800bd1c       0x44 .build/obj_keychron_v10_max_ansi_encoder_default/quantum/action_tapping.o
 .text.process_tapping
                0x0800bd60      0x248 .build/obj_keychron_v10_max_ansi_encoder_default/quantum/action_tapping.o
 .text.action_tapping_process
                0x0800bfa8       0xbc .build/obj_keychron_v10_max_ansi_encoder_default/quantum/action_tapping.o
                0x0800bfa8                action_tapping_process
 .text.get_oneshot_layer
                0x0800c064        0xc .build/obj_keychron_v10_max_ansi_encoder_default/quantum/action_util.o
                0x0800c064                get_oneshot_layer
 .text.get_oneshot_layer_state
                0x0800c070       0x10 .build/obj_keychron_v10_max_ansi_encoder_default/quantum/action_util.o
                0x0800c070                get_oneshot_layer_state
 .text.is_oneshot_layer_active
                0x0800c080       0x14 .build/obj_keychron_v10_max_ansi_encoder_default/quantum/action_util.o
                0x0800c080                is_oneshot_layer_active
 .text.get_mods
                0x0800c094        0xc .build/obj_keychron_v10_max_ansi_encoder_default/quantum/action_util.o
                0x0800c094                get_mods
 .text.add_mods
                0x0800c0a0       0x10 .build/obj_keychron_v10_max_ansi_encoder_default/quantum/action_util.o
                0x0800c0a0                add_mods
 .text.del_mods
                0x0800c0b0       0x10 .build/obj_keychron_v10_max_ansi_encoder_default/quantum/action_util.o
                0x0800c0b0                del_mods
 .text.clear_mods
                0x0800c0c0        0xc .build/obj_keychron_v10_max_ansi_encoder_default/quantum/action_util.o
                0x0800c0c0                clear_mods
 .text.add_weak_mods
                0x0800c0cc       0x10 .build/obj_keychron_v10_max_ansi_encoder_default/quantum/action_util.o
                0x0800c0cc                add_weak_mods
 .text.del_weak_mods
                0x0800c0dc       0x10 .build/obj_keychron_v10_max_ansi_encoder_default/quantum/action_util.o
                0x0800c0dc                del_weak_mods
 .text.clear_weak_mods
                0x0800c0ec        0xc .build/obj_keychron_v10_max_ansi_encoder_default/quantum/action_util.o
                0x0800c0ec                clear_weak_mods
 .text.oneshot_locked_mods_changed_user
                0x0800c0f8        0x2 .build/obj_keychron_v10_max_ansi_encoder_default/quantum/action_util.o
                0x0800c0f8                oneshot_locked_mods_changed_user
 .text.oneshot_locked_mods_changed_kb
                0x0800c0fa        0x8 .build/obj_keychron_v10_max_ansi_encoder_default/quantum/action_util.o
                0x0800c0fa                oneshot_locked_mods_changed_kb
 *fill*         0x0800c102        0x2 
 .text.del_oneshot_locked_mods
                0x0800c104       0x1c .build/obj_keychron_v10_max_ansi_encoder_default/quantum/action_util.o
                0x0800c104                del_oneshot_locked_mods
 .text.oneshot_mods_changed_user
                0x0800c120        0x2 .build/obj_keychron_v10_max_ansi_encoder_default/quantum/action_util.o
                0x0800c120                oneshot_mods_changed_user
 .text.oneshot_mods_changed_kb
                0x0800c122        0x8 .build/obj_keychron_v10_max_ansi_encoder_default/quantum/action_util.o
                0x0800c122                oneshot_mods_changed_kb
 *fill*         0x0800c12a        0x2 
 .text.add_oneshot_mods
                0x0800c12c       0x1c .build/obj_keychron_v10_max_ansi_encoder_default/quantum/action_util.o
                0x0800c12c                add_oneshot_mods
 .text.del_oneshot_mods
                0x0800c148       0x1c .build/obj_keychron_v10_max_ansi_encoder_default/quantum/action_util.o
                0x0800c148                del_oneshot_mods
 .text.clear_oneshot_mods
                0x0800c164       0x18 .build/obj_keychron_v10_max_ansi_encoder_default/quantum/action_util.o
                0x0800c164                clear_oneshot_mods
 .text.get_mods_for_report
                0x0800c17c       0x30 .build/obj_keychron_v10_max_ansi_encoder_default/quantum/action_util.o
 .text.send_6kro_report
                0x0800c1ac       0x38 .build/obj_keychron_v10_max_ansi_encoder_default/quantum/action_util.o
                0x0800c1ac                send_6kro_report
 .text.send_nkro_report
                0x0800c1e4       0x38 .build/obj_keychron_v10_max_ansi_encoder_default/quantum/action_util.o
                0x0800c1e4                send_nkro_report
 .text.send_keyboard_report
                0x0800c21c       0x20 .build/obj_keychron_v10_max_ansi_encoder_default/quantum/action_util.o
                0x0800c21c                send_keyboard_report
 .text.oneshot_layer_changed_user
                0x0800c23c        0x2 .build/obj_keychron_v10_max_ansi_encoder_default/quantum/action_util.o
                0x0800c23c                oneshot_layer_changed_user
 .text.oneshot_layer_changed_kb
                0x0800c23e        0x8 .build/obj_keychron_v10_max_ansi_encoder_default/quantum/action_util.o
                0x0800c23e                oneshot_layer_changed_kb
 *fill*         0x0800c246        0x2 
 .text.set_oneshot_layer
                0x0800c248       0x30 .build/obj_keychron_v10_max_ansi_encoder_default/quantum/action_util.o
                0x0800c248                set_oneshot_layer
 .text.reset_oneshot_layer
                0x0800c278       0x14 .build/obj_keychron_v10_max_ansi_encoder_default/quantum/action_util.o
                0x0800c278                reset_oneshot_layer
 .text.clear_oneshot_layer_state
                0x0800c28c       0x34 .build/obj_keychron_v10_max_ansi_encoder_default/quantum/action_util.o
                0x0800c28c                clear_oneshot_layer_state
 .text.oneshot_set
                0x0800c2c0       0x2c .build/obj_keychron_v10_max_ansi_encoder_default/quantum/action_util.o
                0x0800c2c0                oneshot_set
 .text.oneshot_toggle
                0x0800c2ec       0x14 .build/obj_keychron_v10_max_ansi_encoder_default/quantum/action_util.o
                0x0800c2ec                oneshot_toggle
 .text.oneshot_enable
                0x0800c300        0x6 .build/obj_keychron_v10_max_ansi_encoder_default/quantum/action_util.o
                0x0800c300                oneshot_enable
 .text.oneshot_disable
                0x0800c306        0x6 .build/obj_keychron_v10_max_ansi_encoder_default/quantum/action_util.o
                0x0800c306                oneshot_disable
 .text.eeconfig_disable
                0x0800c30c       0x14 .build/obj_keychron_v10_max_ansi_encoder_default/quantum/eeconfig.o
                0x0800c30c                eeconfig_disable
 .text.eeconfig_is_enabled
                0x0800c320       0x14 .build/obj_keychron_v10_max_ansi_encoder_default/quantum/eeconfig.o
                0x0800c320                eeconfig_is_enabled
 .text.eeconfig_read_debug
                0x0800c334        0x6 .build/obj_keychron_v10_max_ansi_encoder_default/quantum/eeconfig.o
                0x0800c334                eeconfig_read_debug
 .text.eeconfig_read_default_layer
                0x0800c33a        0x6 .build/obj_keychron_v10_max_ansi_encoder_default/quantum/eeconfig.o
                0x0800c33a                eeconfig_read_default_layer
 .text.eeconfig_read_keymap
                0x0800c340        0x6 .build/obj_keychron_v10_max_ansi_encoder_default/quantum/eeconfig.o
                0x0800c340                eeconfig_read_keymap
 .text.eeconfig_update_keymap
                0x0800c346        0x8 .build/obj_keychron_v10_max_ansi_encoder_default/quantum/eeconfig.o
                0x0800c346                eeconfig_update_keymap
 .text.eeconfig_update_kb
                0x0800c34e        0x8 .build/obj_keychron_v10_max_ansi_encoder_default/quantum/eeconfig.o
                0x0800c34e                eeconfig_update_kb
 .text.eeconfig_update_user
                0x0800c356        0x8 .build/obj_keychron_v10_max_ansi_encoder_default/quantum/eeconfig.o
                0x0800c356                eeconfig_update_user
 .text.eeconfig_init_user
                0x0800c35e        0x6 .build/obj_keychron_v10_max_ansi_encoder_default/quantum/eeconfig.o
                0x0800c35e                eeconfig_init_user
 .text.eeconfig_init_kb
                0x0800c364        0xe .build/obj_keychron_v10_max_ansi_encoder_default/quantum/eeconfig.o
                0x0800c364                eeconfig_init_kb
 *fill*         0x0800c372        0x2 
 .text.eeconfig_init_quantum
                0x0800c374       0x8c .build/obj_keychron_v10_max_ansi_encoder_default/quantum/eeconfig.o
                0x0800c374                eeconfig_init_quantum
 .text.eeconfig_init
                0x0800c400        0x4 .build/obj_keychron_v10_max_ansi_encoder_default/quantum/eeconfig.o
                0x0800c400                eeconfig_init
 .text.eeconfig_update_handedness
                0x0800c404        0x8 .build/obj_keychron_v10_max_ansi_encoder_default/quantum/eeconfig.o
                0x0800c404                eeconfig_update_handedness
 .text.generate_tick_event
                0x0800c40c       0x34 .build/obj_keychron_v10_max_ansi_encoder_default/quantum/keyboard.o
 .text.last_matrix_activity_trigger
                0x0800c440       0x18 .build/obj_keychron_v10_max_ansi_encoder_default/quantum/keyboard.o
                0x0800c440                last_matrix_activity_trigger
 .text.last_encoder_activity_trigger
                0x0800c458       0x18 .build/obj_keychron_v10_max_ansi_encoder_default/quantum/keyboard.o
                0x0800c458                last_encoder_activity_trigger
 .text.matrix_setup
                0x0800c470        0x2 .build/obj_keychron_v10_max_ansi_encoder_default/quantum/keyboard.o
                0x0800c470                matrix_setup
 .text.keyboard_pre_init_user
                0x0800c472        0x2 .build/obj_keychron_v10_max_ansi_encoder_default/quantum/keyboard.o
                0x0800c472                keyboard_pre_init_user
 .text.keyboard_pre_init_kb
                0x0800c474        0x8 .build/obj_keychron_v10_max_ansi_encoder_default/quantum/keyboard.o
                0x0800c474                keyboard_pre_init_kb
 .text.keyboard_post_init_user
                0x0800c47c        0x2 .build/obj_keychron_v10_max_ansi_encoder_default/quantum/keyboard.o
                0x0800c47c                keyboard_post_init_user
 .text.matrix_can_read
                0x0800c47e        0x4 .build/obj_keychron_v10_max_ansi_encoder_default/quantum/keyboard.o
                0x0800c47e                matrix_can_read
 *fill*         0x0800c482        0x2 
 .text.keyboard_setup
                0x0800c484       0x1c .build/obj_keychron_v10_max_ansi_encoder_default/quantum/keyboard.o
                0x0800c484                keyboard_setup
 .text.is_keyboard_master
                0x0800c4a0        0x4 .build/obj_keychron_v10_max_ansi_encoder_default/quantum/keyboard.o
                0x0800c4a0                is_keyboard_master
 .text.should_process_keypress
                0x0800c4a4        0x8 .build/obj_keychron_v10_max_ansi_encoder_default/quantum/keyboard.o
                0x0800c4a4                should_process_keypress
 .text.housekeeping_task_user
                0x0800c4ac        0x2 .build/obj_keychron_v10_max_ansi_encoder_default/quantum/keyboard.o
                0x0800c4ac                housekeeping_task_user
 .text.housekeeping_task
                0x0800c4ae        0xc .build/obj_keychron_v10_max_ansi_encoder_default/quantum/keyboard.o
                0x0800c4ae                housekeeping_task
 .text.quantum_init
                0x0800c4ba       0x12 .build/obj_keychron_v10_max_ansi_encoder_default/quantum/keyboard.o
                0x0800c4ba                quantum_init
 .text.keyboard_init
                0x0800c4cc       0x1c .build/obj_keychron_v10_max_ansi_encoder_default/quantum/keyboard.o
                0x0800c4cc                keyboard_init
 .text.quantum_task
                0x0800c4e8        0x6 .build/obj_keychron_v10_max_ansi_encoder_default/quantum/keyboard.o
                0x0800c4e8                quantum_task
 *fill*         0x0800c4ee        0x2 
 .text.keyboard_task
                0x0800c4f0       0xf8 .build/obj_keychron_v10_max_ansi_encoder_default/quantum/keyboard.o
                0x0800c4f0                keyboard_task
 .text.action_for_keycode
                0x0800c5e8      0x1b0 .build/obj_keychron_v10_max_ansi_encoder_default/quantum/keymap_common.o
                0x0800c5e8                action_for_keycode
 .text.keymap_key_to_keycode
                0x0800c798       0x3a .build/obj_keychron_v10_max_ansi_encoder_default/quantum/keymap_common.o
                0x0800c798                keymap_key_to_keycode
 .text.action_for_key
                0x0800c7d2       0x16 .build/obj_keychron_v10_max_ansi_encoder_default/quantum/keymap_common.o
                0x0800c7d2                action_for_key
 .text.keycode_config
                0x0800c7e8      0x108 .build/obj_keychron_v10_max_ansi_encoder_default/quantum/keycode_config.o
                0x0800c7e8                keycode_config
 .text.mod_config
                0x0800c8f0       0xc4 .build/obj_keychron_v10_max_ansi_encoder_default/quantum/keycode_config.o
                0x0800c8f0                mod_config
 .text.sendchar
                0x0800c9b4        0x4 .build/obj_keychron_v10_max_ansi_encoder_default/quantum/logging/sendchar.o
                0x0800c9b4                sendchar
 .text.null_sendchar_func
                0x0800c9b8        0x4 .build/obj_keychron_v10_max_ansi_encoder_default/quantum/logging/print.o
 .text.print_set_sendchar
                0x0800c9bc        0xc .build/obj_keychron_v10_max_ansi_encoder_default/quantum/logging/print.o
                0x0800c9bc                print_set_sendchar
 .text.bootmagic_lite_reset_eeprom
                0x0800c9c8        0x4 .build/obj_keychron_v10_max_ansi_encoder_default/quantum/bootmagic/bootmagic_lite.o
                0x0800c9c8                bootmagic_lite_reset_eeprom
 .text.bootmagic_lite
                0x0800c9cc       0x2a .build/obj_keychron_v10_max_ansi_encoder_default/quantum/bootmagic/bootmagic_lite.o
                0x0800c9cc                bootmagic_lite
 .text.bootmagic
                0x0800c9f6        0x8 .build/obj_keychron_v10_max_ansi_encoder_default/quantum/bootmagic/bootmagic_lite.o
                0x0800c9f6                bootmagic
 *fill*         0x0800c9fe        0x2 
 .text.magic    0x0800ca00       0x40 .build/obj_keychron_v10_max_ansi_encoder_default/quantum/bootmagic/magic.o
                0x0800ca00                magic
 .text.matrix_init_user
                0x0800ca40        0x2 .build/obj_keychron_v10_max_ansi_encoder_default/quantum/matrix_common.o
                0x0800ca40                matrix_init_user
 .text.matrix_init_kb
                0x0800ca42        0x8 .build/obj_keychron_v10_max_ansi_encoder_default/quantum/matrix_common.o
                0x0800ca42                matrix_init_kb
 .text.matrix_scan_user
                0x0800ca4a        0x2 .build/obj_keychron_v10_max_ansi_encoder_default/quantum/matrix_common.o
                0x0800ca4a                matrix_scan_user
 .text.matrix_scan_kb
                0x0800ca4c        0x8 .build/obj_keychron_v10_max_ansi_encoder_default/quantum/matrix_common.o
                0x0800ca4c                matrix_scan_kb
 .text.matrix_get_row
                0x0800ca54        0xc .build/obj_keychron_v10_max_ansi_encoder_default/quantum/matrix_common.o
                0x0800ca54                matrix_get_row
 .text.matrix_print
                0x0800ca60        0x2 .build/obj_keychron_v10_max_ansi_encoder_default/quantum/matrix_common.o
                0x0800ca60                matrix_print
 .text.matrix_io_delay
                0x0800ca62        0x8 .build/obj_keychron_v10_max_ansi_encoder_default/quantum/matrix_common.o
                0x0800ca62                matrix_io_delay
 .text.matrix_output_select_delay
                0x0800ca6a       0x1a .build/obj_keychron_v10_max_ansi_encoder_default/quantum/matrix_common.o
                0x0800ca6a                matrix_output_select_delay
 .text.matrix_output_unselect_delay
                0x0800ca84        0x8 .build/obj_keychron_v10_max_ansi_encoder_default/quantum/matrix_common.o
                0x0800ca84                matrix_output_unselect_delay
 .text.setPinInputHigh_atomic
                0x0800ca8c       0x22 .build/obj_keychron_v10_max_ansi_encoder_default/quantum/matrix.o
 *fill*         0x0800caae        0x2 
 .text.matrix_init_pins
                0x0800cab0       0x3c .build/obj_keychron_v10_max_ansi_encoder_default/quantum/matrix.o
                0x0800cab0                matrix_init_pins
 .text.matrix_read_rows_on_col
                0x0800caec       0x9c .build/obj_keychron_v10_max_ansi_encoder_default/quantum/matrix.o
                0x0800caec                matrix_read_rows_on_col
 .text.matrix_init
                0x0800cb88       0x30 .build/obj_keychron_v10_max_ansi_encoder_default/quantum/matrix.o
                0x0800cb88                matrix_init
 .text.matrix_scan
                0x0800cbb8       0x68 .build/obj_keychron_v10_max_ansi_encoder_default/quantum/matrix.o
                0x0800cbb8                matrix_scan
 .text.debounce_init
                0x0800cc20       0x34 .build/obj_keychron_v10_max_ansi_encoder_default/quantum/debounce/sym_eager_pk.o
                0x0800cc20                debounce_init
 .text.debounce_free
                0x0800cc54       0x14 .build/obj_keychron_v10_max_ansi_encoder_default/quantum/debounce/sym_eager_pk.o
                0x0800cc54                debounce_free
 .text.debounce
                0x0800cc68      0x134 .build/obj_keychron_v10_max_ansi_encoder_default/quantum/debounce/sym_eager_pk.o
                0x0800cc68                debounce
 .text.protocol_init
                0x0800cd9c       0x12 .build/obj_keychron_v10_max_ansi_encoder_default/quantum/main.o
                0x0800cd9c                protocol_init
 .text.protocol_task
                0x0800cdae       0x12 .build/obj_keychron_v10_max_ansi_encoder_default/quantum/main.o
                0x0800cdae                protocol_task
 .text.startup.main
                0x0800cdc0       0x1c .build/obj_keychron_v10_max_ansi_encoder_default/quantum/main.o
                0x0800cdc0                main
 .text.eeprom_read_byte
                0x0800cddc       0x1c .build/obj_keychron_v10_max_ansi_encoder_default/eeprom_driver.o
                0x0800cddc                eeprom_read_byte
 .text.eeprom_read_word
                0x0800cdf8       0x1c .build/obj_keychron_v10_max_ansi_encoder_default/eeprom_driver.o
                0x0800cdf8                eeprom_read_word
 .text.eeprom_read_dword
                0x0800ce14       0x18 .build/obj_keychron_v10_max_ansi_encoder_default/eeprom_driver.o
                0x0800ce14                eeprom_read_dword
 .text.eeprom_write_byte
                0x0800ce2c       0x16 .build/obj_keychron_v10_max_ansi_encoder_default/eeprom_driver.o
                0x0800ce2c                eeprom_write_byte
 .text.eeprom_write_word
                0x0800ce42       0x16 .build/obj_keychron_v10_max_ansi_encoder_default/eeprom_driver.o
                0x0800ce42                eeprom_write_word
 .text.eeprom_write_dword
                0x0800ce58       0x14 .build/obj_keychron_v10_max_ansi_encoder_default/eeprom_driver.o
                0x0800ce58                eeprom_write_dword
 .text.eeprom_update_block
                0x0800ce6c       0x34 .build/obj_keychron_v10_max_ansi_encoder_default/eeprom_driver.o
                0x0800ce6c                eeprom_update_block
 .text.eeprom_update_byte
                0x0800cea0       0x1c .build/obj_keychron_v10_max_ansi_encoder_default/eeprom_driver.o
                0x0800cea0                eeprom_update_byte
 .text.eeprom_update_word
                0x0800cebc       0x1c .build/obj_keychron_v10_max_ansi_encoder_default/eeprom_driver.o
                0x0800cebc                eeprom_update_word
 .text.eeprom_update_dword
                0x0800ced8       0x1c .build/obj_keychron_v10_max_ansi_encoder_default/eeprom_driver.o
                0x0800ced8                eeprom_update_dword
 .text.eeprom_driver_init
                0x0800cef4        0x4 .build/obj_keychron_v10_max_ansi_encoder_default/eeprom_wear_leveling.o
                0x0800cef4                eeprom_driver_init
 .text.eeprom_driver_erase
                0x0800cef8        0x4 .build/obj_keychron_v10_max_ansi_encoder_default/eeprom_wear_leveling.o
                0x0800cef8                eeprom_driver_erase
 .text.eeprom_read_block
                0x0800cefc        0xa .build/obj_keychron_v10_max_ansi_encoder_default/eeprom_wear_leveling.o
                0x0800cefc                eeprom_read_block
 .text.eeprom_write_block
                0x0800cf06        0xa .build/obj_keychron_v10_max_ansi_encoder_default/eeprom_wear_leveling.o
                0x0800cf06                eeprom_write_block
 .text.wear_leveling_clear_cache
                0x0800cf10       0x20 .build/obj_keychron_v10_max_ansi_encoder_default/wear_leveling.o
 .text.wear_leveling_unlock
                0x0800cf30       0x20 .build/obj_keychron_v10_max_ansi_encoder_default/wear_leveling.o
 .text.wear_leveling_lock
                0x0800cf50       0x24 .build/obj_keychron_v10_max_ansi_encoder_default/wear_leveling.o
 .text.wear_leveling_erase
                0x0800cf74       0x32 .build/obj_keychron_v10_max_ansi_encoder_default/wear_leveling.o
                0x0800cf74                wear_leveling_erase
 *fill*         0x0800cfa6        0x2 
 .text.wear_leveling_read
                0x0800cfa8       0x24 .build/obj_keychron_v10_max_ansi_encoder_default/wear_leveling.o
                0x0800cfa8                wear_leveling_read
 .text.backing_store_read_bulk
                0x0800cfcc       0x26 .build/obj_keychron_v10_max_ansi_encoder_default/wear_leveling.o
                0x0800cfcc                backing_store_read_bulk
 .text.backing_store_write_bulk
                0x0800cff2       0x26 .build/obj_keychron_v10_max_ansi_encoder_default/wear_leveling.o
                0x0800cff2                backing_store_write_bulk
 .text.wear_leveling_consolidate_force
                0x0800d018       0x6c .build/obj_keychron_v10_max_ansi_encoder_default/wear_leveling.o
 .text.wear_leveling_consolidate_if_needed
                0x0800d084       0x18 .build/obj_keychron_v10_max_ansi_encoder_default/wear_leveling.o
 .text.wear_leveling_append_raw
                0x0800d09c       0x28 .build/obj_keychron_v10_max_ansi_encoder_default/wear_leveling.o
 .text.wear_leveling_write
                0x0800d0c4       0xc4 .build/obj_keychron_v10_max_ansi_encoder_default/wear_leveling.o
                0x0800d0c4                wear_leveling_write
 .text.wear_leveling_init