Archive member included to satisfy reference by file (symbol)

.build/obj_keychron_v10_max_ansi_encoder_via/spi_master.a(spi_master.o)
                              .build/obj_keychron_v10_max_ansi_encoder_via/snled27351-spi.o (spi_init)
/Users/dexter/Library/Application Support/qmk/bin/../lib/gcc/arm-none-eabi/15.2.0/thumb/v7e-m+fp/hard/libgcc.a(_aeabi_uldivmod.o)
                              .build/obj_keychron_v10_max_ansi_encoder_via/common/wireless/transport.o (__aeabi_uldivmod)
/Users/dexter/Library/Application Support/qmk/bin/../lib/gcc/arm-none-eabi/15.2.0/thumb/v7e-m+fp/hard/libgcc.a(_udivmoddi4.o)
                              /Users/dexter/Library/Application Support/qmk/bin/../lib/gcc/arm-none-eabi/15.2.0/thumb/v7e-m+fp/hard/libgcc.a(_aeabi_uldivmod.o) (__udivmoddi4)
/Users/dexter/Library/Application Support/qmk/bin/../lib/gcc/arm-none-eabi/15.2.0/thumb/v7e-m+fp/hard/libgcc.a(_dvmd_tls.o)
                              /Users/dexter/Library/Application Support/qmk/bin/../lib/gcc/arm-none-eabi/15.2.0/thumb/v7e-m+fp/hard/libgcc.a(_aeabi_uldivmod.o) (__aeabi_ldiv0)
/Users/dexter/Library/Application Support/qmk/bin/../lib/gcc/arm-none-eabi/15.2.0/../../../../arm-none-eabi/lib/thumb/v7e-m+fp/hard/libg_nano.a(libc_a-abort.o)
                              .build/obj_keychron_v10_max_ansi_encoder_via/lib/chibios/os/various/syscalls.o (abort)
/Users/dexter/Library/Application Support/qmk/bin/../lib/gcc/arm-none-eabi/15.2.0/../../../../arm-none-eabi/lib/thumb/v7e-m+fp/hard/libg_nano.a(libc_a-itoa.o)
                              .build/obj_keychron_v10_max_ansi_encoder_via/common/keychron_common.o (itoa)
/Users/dexter/Library/Application Support/qmk/bin/../lib/gcc/arm-none-eabi/15.2.0/../../../../arm-none-eabi/lib/thumb/v7e-m+fp/hard/libg_nano.a(libc_a-malloc.o)
                              .build/obj_keychron_v10_max_ansi_encoder_via/quantum/debounce/sym_eager_pk.o (malloc)
/Users/dexter/Library/Application Support/qmk/bin/../lib/gcc/arm-none-eabi/15.2.0/../../../../arm-none-eabi/lib/thumb/v7e-m+fp/hard/libg_nano.a(libc_a-mallocr.o)
                              /Users/dexter/Library/Application Support/qmk/bin/../lib/gcc/arm-none-eabi/15.2.0/../../../../arm-none-eabi/lib/thumb/v7e-m+fp/hard/libg_nano.a(libc_a-malloc.o) (_malloc_r)
/Users/dexter/Library/Application Support/qmk/bin/../lib/gcc/arm-none-eabi/15.2.0/../../../../arm-none-eabi/lib/thumb/v7e-m+fp/hard/libg_nano.a(libc_a-mlock.o)
                              /Users/dexter/Library/Application Support/qmk/bin/../lib/gcc/arm-none-eabi/15.2.0/../../../../arm-none-eabi/lib/thumb/v7e-m+fp/hard/libg_nano.a(libc_a-mallocr.o) (__malloc_lock)
/Users/dexter/Library/Application Support/qmk/bin/../lib/gcc/arm-none-eabi/15.2.0/../../../../arm-none-eabi/lib/thumb/v7e-m+fp/hard/libg_nano.a(libc_a-rand.o)
                              .build/obj_keychron_v10_max_ansi_encoder_via/quantum/rgb_matrix/rgb_matrix.o (rand)
/Users/dexter/Library/Application Support/qmk/bin/../lib/gcc/arm-none-eabi/15.2.0/../../../../arm-none-eabi/lib/thumb/v7e-m+fp/hard/libg_nano.a(libc_a-utoa.o)
                              /Users/dexter/Library/Application Support/qmk/bin/../lib/gcc/arm-none-eabi/15.2.0/../../../../arm-none-eabi/lib/thumb/v7e-m+fp/hard/libg_nano.a(libc_a-itoa.o) (__utoa)
/Users/dexter/Library/Application Support/qmk/bin/../lib/gcc/arm-none-eabi/15.2.0/../../../../arm-none-eabi/lib/thumb/v7e-m+fp/hard/libg_nano.a(libc_a-ctype_.o)
                              .build/obj_keychron_v10_max_ansi_encoder_via/quantum/send_string/send_string.o (_ctype_)
/Users/dexter/Library/Application Support/qmk/bin/../lib/gcc/arm-none-eabi/15.2.0/../../../../arm-none-eabi/lib/thumb/v7e-m+fp/hard/libg_nano.a(libc_a-memcmp.o)
                              .build/obj_keychron_v10_max_ansi_encoder_via/common/wireless/lpm.o (memcmp)
/Users/dexter/Library/Application Support/qmk/bin/../lib/gcc/arm-none-eabi/15.2.0/../../../../arm-none-eabi/lib/thumb/v7e-m+fp/hard/libg_nano.a(libc_a-memset.o)
                              .build/obj_keychron_v10_max_ansi_encoder_via/common/wireless/wireless.o (memset)
/Users/dexter/Library/Application Support/qmk/bin/../lib/gcc/arm-none-eabi/15.2.0/../../../../arm-none-eabi/lib/thumb/v7e-m+fp/hard/libg_nano.a(libc_a-signal.o)
                              /Users/dexter/Library/Application Support/qmk/bin/../lib/gcc/arm-none-eabi/15.2.0/../../../../arm-none-eabi/lib/thumb/v7e-m+fp/hard/libg_nano.a(libc_a-abort.o) (raise)
/Users/dexter/Library/Application Support/qmk/bin/../lib/gcc/arm-none-eabi/15.2.0/../../../../arm-none-eabi/lib/thumb/v7e-m+fp/hard/libg_nano.a(libc_a-impure.o)
                              /Users/dexter/Library/Application Support/qmk/bin/../lib/gcc/arm-none-eabi/15.2.0/../../../../arm-none-eabi/lib/thumb/v7e-m+fp/hard/libg_nano.a(libc_a-malloc.o) (_impure_ptr)
/Users/dexter/Library/Application Support/qmk/bin/../lib/gcc/arm-none-eabi/15.2.0/../../../../arm-none-eabi/lib/thumb/v7e-m+fp/hard/libg_nano.a(libc_a-signalr.o)
[...]
Memory Configuration

Name             Origin             Length             Attributes
flash0           0x08000000         0x00004000         xr
flash1           0x08004000         0x00004000         xr
flash2           0x08008000         0x00038000         xr
flash3           0x00000000         0x00000000         xr
flash4           0x00000000         0x00000000         xr
flash5           0x00000000         0x00000000         xr
flash6           0x00000000         0x00000000         xr
flash7           0x00000000         0x00000000         xr
ram0             0x20000000         0x00010000         xw
ram1             0x00000000         0x00000000         xw
ram2             0x00000000         0x00000000         xw
ram3             0x00000000         0x00000000         xw
ram4             0x00000000         0x00000000         xw
ram5             0x00000000         0x00000000         xw
ram6             0x00000000         0x00000000         xw
ram7             0x00000000         0x00000000         xw
*default*        0x00000000         0xffffffff

Linker script and memory map

LOAD .build/obj_keychron_v10_max_ansi_encoder_via/common/wireless/wireless.o
LOAD .build/obj_keychron_v10_max_ansi_encoder_via/common/wireless/report_buffer.o
LOAD .build/obj_keychron_v10_max_ansi_encoder_via/common/wireless/lkbt51.o
LOAD .build/obj_keychron_v10_max_ansi_encoder_via/common/wireless/indicator.o
LOAD .build/obj_keychron_v10_max_ansi_encoder_via/common/wireless/wireless_main.o
LOAD .build/obj_keychron_v10_max_ansi_encoder_via/common/wireless/transport.o
LOAD .build/obj_keychron_v10_max_ansi_encoder_via/common/wireless/lpm.o
LOAD .build/obj_keychron_v10_max_ansi_encoder_via/common/wireless/lpm_stm32f401.o
LOAD .build/obj_keychron_v10_max_ansi_encoder_via/common/wireless/battery.o
LOAD .build/obj_keychron_v10_max_ansi_encoder_via/common/wireless/bat_level_animation.o
LOAD .build/obj_keychron_v10_max_ansi_encoder_via/common/wireless/rtc_timer.o
LOAD .build/obj_keychron_v10_max_ansi_encoder_via/common/wireless/keychron_wireless_common.o
LOAD .build/obj_keychron_v10_max_ansi_encoder_via/common/keychron_task.o
LOAD .build/obj_keychron_v10_max_ansi_encoder_via/common/keychron_common.o
LOAD .build/obj_keychron_v10_max_ansi_encoder_via/common/factory_test.o
LOAD .build/obj_keychron_v10_max_ansi_encoder_via/keyboards/keychron/v10_max/v10_max.o
LOAD .build/obj_keychron_v10_max_ansi_encoder_via/keyboards/keychron/v10_max/ansi_encoder/ansi_encoder.o
LOAD .build/obj_keychron_v10_max_ansi_encoder_via/.build/obj_keychron_v10_max_ansi_encoder_via/src/default_keyboard.o
LOAD .build/obj_keychron_v10_max_ansi_encoder_via/quantum/keymap_introspection.o
LOAD .build/obj_keychron_v10_max_ansi_encoder_via/quantum/quantum.o
LOAD .build/obj_keychron_v10_max_ansi_encoder_via/quantum/bitwise.o
LOAD .build/obj_keychron_v10_max_ansi_encoder_via/quantum/led.o
LOAD .build/obj_keychron_v10_max_ansi_encoder_via/quantum/action.o
LOAD .build/obj_keychron_v10_max_ansi_encoder_via/quantum/action_layer.o
LOAD .build/obj_keychron_v10_max_ansi_encoder_via/quantum/action_tapping.o
LOAD .build/obj_keychron_v10_max_ansi_encoder_via/quantum/action_util.o
LOAD .build/obj_keychron_v10_max_ansi_encoder_via/quantum/eeconfig.o
LOAD .build/obj_keychron_v10_max_ansi_encoder_via/quantum/keyboard.o
LOAD .build/obj_keychron_v10_max_ansi_encoder_via/quantum/keymap_common.o
LOAD .build/obj_keychron_v10_max_ansi_encoder_via/quantum/keycode_config.o
LOAD .build/obj_keychron_v10_max_ansi_encoder_via/quantum/sync_timer.o
LOAD .build/obj_keychron_v10_max_ansi_encoder_via/quantum/logging/debug.o
LOAD .build/obj_keychron_v10_max_ansi_encoder_via/quantum/logging/sendchar.o
LOAD .build/obj_keychron_v10_max_ansi_encoder_via/quantum/logging/print.o
LOAD .build/obj_keychron_v10_max_ansi_encoder_via/quantum/bootmagic/bootmagic_lite.o
LOAD .build/obj_keychron_v10_max_ansi_encoder_via/quantum/bootmagic/magic.o
LOAD .build/obj_keychron_v10_max_ansi_encoder_via/quantum/matrix_common.o
LOAD .build/obj_keychron_v10_max_ansi_encoder_via/quantum/matrix.o
LOAD .build/obj_keychron_v10_max_ansi_encoder_via/quantum/debounce/sym_eager_pk.o
LOAD .build/obj_keychron_v10_max_ansi_encoder_via/quantum/main.o
LOAD .build/obj_keychron_v10_max_ansi_encoder_via/printf.o
LOAD .build/obj_keychron_v10_max_ansi_encoder_via/eeprom_driver.o
LOAD .build/obj_keychron_v10_max_ansi_encoder_via/eeprom_wear_leveling.o
LOAD .build/obj_keychron_v10_max_ansi_encoder_via/wear_leveling.o
LOAD .build/obj_keychron_v10_max_ansi_encoder_via/wear_leveling_efl.o
LOAD .build/obj_keychron_v10_max_ansi_encoder_via/quantum/color.o
LOAD .build/obj_keychron_v10_max_ansi_encoder_via/quantum/rgb_matrix/rgb_matrix.o
LOAD .build/obj_keychron_v10_max_ansi_encoder_via/quantum/rgb_matrix/rgb_matrix_drivers.o
LOAD .build/obj_keychron_v10_max_ansi_encoder_via/snled27351-spi.o
LOAD .build/obj_keychron_v10_max_ansi_encoder_via/quantum/process_keycode/process_rgb.o
LOAD .build/obj_keychron_v10_max_ansi_encoder_via/quantum/led_tables.o
LOAD .build/obj_keychron_v10_max_ansi_encoder_via/qmk_fnv_type_validation.o
LOAD .build/obj_keychron_v10_max_ansi_encoder_via/hash_32a.o
LOAD .build/obj_keychron_v10_max_ansi_encoder_via/hash_64a.o
LOAD .build/obj_keychron_v10_max_ansi_encoder_via/lib/lib8tion/lib8tion.o
LOAD .build/obj_keychron_v10_max_ansi_encoder_via/quantum/encoder.o
LOAD .build/obj_keychron_v10_max_ansi_encoder_via/quantum/dip_switch.o
LOAD .build/obj_keychron_v10_max_ansi_encoder_via/quantum/dynamic_keymap.o
LOAD .build/obj_keychron_v10_max_ansi_encoder_via/quantum/process_keycode/process_grave_esc.o
LOAD .build/obj_keychron_v10_max_ansi_encoder_via/quantum/process_keycode/process_magic.o
LOAD .build/obj_keychron_v10_max_ansi_encoder_via/quantum/mousekey.o
LOAD .build/obj_keychron_v10_max_ansi_encoder_via/quantum/send_string/send_string.o
LOAD .build/obj_keychron_v10_max_ansi_encoder_via/quantum/process_keycode/process_space_cadet.o
LOAD .build/obj_keychron_v10_max_ansi_encoder_via/quantum/process_keycode/process_tri_layer.o
LOAD .build/obj_keychron_v10_max_ansi_encoder_via/quantum/tri_layer.o
LOAD .build/obj_keychron_v10_max_ansi_encoder_via/quantum/via.o
LOAD .build/obj_keychron_v10_max_ansi_encoder_via/protocol/host.o
LOAD .build/obj_keychron_v10_max_ansi_encoder_via/protocol/report.o
LOAD .build/obj_keychron_v10_max_ansi_encoder_via/protocol/usb_device_state.o
LOAD .build/obj_keychron_v10_max_ansi_encoder_via/protocol/usb_util.o
LOAD .build/obj_keychron_v10_max_ansi_encoder_via/platforms/suspend.o
LOAD .build/obj_keychron_v10_max_ansi_encoder_via/platforms/synchronization_util.o
LOAD .build/obj_keychron_v10_max_ansi_encoder_via/platforms/timer.o
LOAD .build/obj_keychron_v10_max_ansi_encoder_via/platforms/chibios/hardware_id.o
LOAD .build/obj_keychron_v10_max_ansi_encoder_via/platforms/chibios/platform.o
LOAD .build/obj_keychron_v10_max_ansi_encoder_via/platforms/chibios/suspend.o
LOAD .build/obj_keychron_v10_max_ansi_encoder_via/platforms/chibios/timer.o
LOAD .build/obj_keychron_v10_max_ansi_encoder_via/platforms/chibios/bootloaders/stm32_dfu.o
LOAD .build/obj_keychron_v10_max_ansi_encoder_via/spi_master.a
LOAD .build/obj_keychron_v10_max_ansi_encoder_via/./lib/chibios/os/common/startup/ARMCMx/compilers/GCC/crt0_v7m.o
LOAD .build/obj_keychron_v10_max_ansi_encoder_via/./lib/chibios/os/common/startup/ARMCMx/compilers/GCC/vectors.o
LOAD .build/obj_keychron_v10_max_ansi_encoder_via/./lib/chibios/os/common/ports/ARMv7-M/compilers/GCC/chcoreasm.o
LOAD .build/obj_keychron_v10_max_ansi_encoder_via/protocol/chibios/usb_main.o
LOAD .build/obj_keychron_v10_max_ansi_encoder_via/protocol/chibios/chibios.o
LOAD .build/obj_keychron_v10_max_ansi_encoder_via/usb_descriptor.o
LOAD .build/obj_keychron_v10_max_ansi_encoder_via/protocol/chibios/usb_driver.o
LOAD .build/obj_keychron_v10_max_ansi_encoder_via/protocol/chibios/usb_endpoints.o
LOAD .build/obj_keychron_v10_max_ansi_encoder_via/protocol/chibios/usb_report_handling.o
LOAD .build/obj_keychron_v10_max_ansi_encoder_via/protocol/chibios/usb_util.o
LOAD .build/obj_keychron_v10_max_ansi_encoder_via/./lib/chibios/os/oslib/src/chmboxes.o
LOAD .build/obj_keychron_v10_max_ansi_encoder_via/./lib/chibios/os/oslib/src/chmemcore.o
LOAD .build/obj_keychron_v10_max_ansi_encoder_via/./lib/chibios/os/oslib/src/chmemheaps.o
LOAD .build/obj_keychron_v10_max_ansi_encoder_via/./lib/chibios/os/oslib/src/chmempools.o
LOAD .build/obj_keychron_v10_max_ansi_encoder_via/./lib/chibios/os/oslib/src/chpipes.o
LOAD .build/obj_keychron_v10_max_ansi_encoder_via/./lib/chibios/os/oslib/src/chobjcaches.o
LOAD .build/obj_keychron_v10_max_ansi_encoder_via/./lib/chibios/os/oslib/src/chdelegates.o
LOAD .build/obj_keychron_v10_max_ansi_encoder_via/./lib/chibios/os/oslib/src/chfactory.o
LOAD .build/obj_keychron_v10_max_ansi_encoder_via/lib/chibios/os/common/startup/ARMCMx/compilers/GCC/crt1.o
LOAD .build/obj_keychron_v10_max_ansi_encoder_via/lib/chibios/os/rt/src/chsys.o
LOAD .build/obj_keychron_v10_max_ansi_encoder_via/lib/chibios/os/rt/src/chrfcu.o
LOAD .build/obj_keychron_v10_max_ansi_encoder_via/lib/chibios/os/rt/src/chdebug.o
LOAD .build/obj_keychron_v10_max_ansi_encoder_via/lib/chibios/os/rt/src/chtrace.o
LOAD .build/obj_keychron_v10_max_ansi_encoder_via/lib/chibios/os/rt/src/chvt.o
LOAD .build/obj_keychron_v10_max_ansi_encoder_via/lib/chibios/os/rt/src/chschd.o
LOAD .build/obj_keychron_v10_max_ansi_encoder_via/lib/chibios/os/rt/src/chinstances.o
LOAD .build/obj_keychron_v10_max_ansi_encoder_via/lib/chibios/os/rt/src/chthreads.o
LOAD .build/obj_keychron_v10_max_ansi_encoder_via/lib/chibios/os/rt/src/chtm.o
LOAD .build/obj_keychron_v10_max_ansi_encoder_via/lib/chibios/os/rt/src/chstats.o
LOAD .build/obj_keychron_v10_max_ansi_encoder_via/lib/chibios/os/rt/src/chregistry.o
LOAD .build/obj_keychron_v10_max_ansi_encoder_via/lib/chibios/os/rt/src/chsem.o
LOAD .build/obj_keychron_v10_max_ansi_encoder_via/lib/chibios/os/rt/src/chmtx.o
LOAD .build/obj_keychron_v10_max_ansi_encoder_via/lib/chibios/os/rt/src/chcond.o
LOAD .build/obj_keychron_v10_max_ansi_encoder_via/lib/chibios/os/rt/src/chevents.o
LOAD .build/obj_keychron_v10_max_ansi_encoder_via/lib/chibios/os/rt/src/chmsg.o
LOAD .build/obj_keychron_v10_max_ansi_encoder_via/lib/chibios/os/rt/src/chdynamic.o
LOAD .build/obj_keychron_v10_max_ansi_encoder_via/lib/chibios/os/common/ports/ARMv7-M/chcore.o
LOAD .build/obj_keychron_v10_max_ansi_encoder_via/lib/chibios/os/hal/osal/rt-nil/osal.o
LOAD .build/obj_keychron_v10_max_ansi_encoder_via/lib/chibios/os/hal/src/hal.o
LOAD .build/obj_keychron_v10_max_ansi_encoder_via/lib/chibios/os/hal/src/hal_st.o
LOAD .build/obj_keychron_v10_max_ansi_encoder_via/lib/chibios/os/hal/src/hal_buffers.o
LOAD .build/obj_keychron_v10_max_ansi_encoder_via/lib/chibios/os/hal/src/hal_queues.o
LOAD .build/obj_keychron_v10_max_ansi_encoder_via/lib/chibios/os/hal/src/hal_flash.o
LOAD .build/obj_keychron_v10_max_ansi_encoder_via/lib/chibios/os/hal/src/hal_mmcsd.o
LOAD .build/obj_keychron_v10_max_ansi_encoder_via/lib/chibios/os/hal/src/hal_adc.o
LOAD .build/obj_keychron_v10_max_ansi_encoder_via/lib/chibios/os/hal/src/hal_can.o
LOAD .build/obj_keychron_v10_max_ansi_encoder_via/lib/chibios/os/hal/src/hal_crypto.o
LOAD .build/obj_keychron_v10_max_ansi_encoder_via/lib/chibios/os/hal/src/hal_dac.o
LOAD .build/obj_keychron_v10_max_ansi_encoder_via/lib/chibios/os/hal/src/hal_efl.o
LOAD .build/obj_keychron_v10_max_ansi_encoder_via/lib/chibios/os/hal/src/hal_gpt.o
LOAD .build/obj_keychron_v10_max_ansi_encoder_via/lib/chibios/os/hal/src/hal_i2c.o
LOAD .build/obj_keychron_v10_max_ansi_encoder_via/lib/chibios/os/hal/src/hal_i2s.o
LOAD .build/obj_keychron_v10_max_ansi_encoder_via/lib/chibios/os/hal/src/hal_icu.o
LOAD .build/obj_keychron_v10_max_ansi_encoder_via/lib/chibios/os/hal/src/hal_mac.o
LOAD .build/obj_keychron_v10_max_ansi_encoder_via/lib/chibios/os/hal/src/hal_mmc_spi.o
LOAD .build/obj_keychron_v10_max_ansi_encoder_via/lib/chibios/os/hal/src/hal_pal.o
LOAD .build/obj_keychron_v10_max_ansi_encoder_via/lib/chibios/os/hal/src/hal_pwm.o
LOAD .build/obj_keychron_v10_max_ansi_encoder_via/lib/chibios/os/hal/src/hal_rtc.o
LOAD .build/obj_keychron_v10_max_ansi_encoder_via/lib/chibios/os/hal/src/hal_sdc.o
LOAD .build/obj_keychron_v10_max_ansi_encoder_via/lib/chibios/os/hal/src/hal_serial.o
LOAD .build/obj_keychron_v10_max_ansi_encoder_via/lib/chibios/os/hal/src/hal_serial_usb.o
LOAD .build/obj_keychron_v10_max_ansi_encoder_via/lib/chibios/os/hal/src/hal_sio.o
LOAD .build/obj_keychron_v10_max_ansi_encoder_via/lib/chibios/os/hal/src/hal_spi.o
LOAD .build/obj_keychron_v10_max_ansi_encoder_via/lib/chibios/os/hal/src/hal_trng.o
LOAD .build/obj_keychron_v10_max_ansi_encoder_via/lib/chibios/os/hal/src/hal_uart.o
LOAD .build/obj_keychron_v10_max_ansi_encoder_via/lib/chibios/os/hal/src/hal_usb.o
LOAD .build/obj_keychron_v10_max_ansi_encoder_via/lib/chibios/os/hal/src/hal_wdg.o
LOAD .build/obj_keychron_v10_max_ansi_encoder_via/lib/chibios/os/hal/src/hal_wspi.o
LOAD .build/obj_keychron_v10_max_ansi_encoder_via/lib/chibios/os/hal/ports/common/ARMCMx/nvic.o
LOAD .build/obj_keychron_v10_max_ansi_encoder_via/lib/chibios/os/hal/ports/STM32/STM32F4xx/stm32_isr.o
LOAD .build/obj_keychron_v10_max_ansi_encoder_via/lib/chibios/os/hal/ports/STM32/STM32F4xx/hal_lld.o
LOAD .build/obj_keychron_v10_max_ansi_encoder_via/lib/chibios/os/hal/ports/STM32/STM32F4xx/hal_efl_lld.o
LOAD .build/obj_keychron_v10_max_ansi_encoder_via/lib/chibios/os/hal/ports/STM32/LLD/ADCv2/hal_adc_lld.o
LOAD .build/obj_keychron_v10_max_ansi_encoder_via/lib/chibios/os/hal/ports/STM32/LLD/CANv1/hal_can_lld.o
LOAD .build/obj_keychron_v10_max_ansi_encoder_via/lib/chibios/os/hal/ports/STM32/LLD/CRYPv1/hal_crypto_lld.o
LOAD .build/obj_keychron_v10_max_ansi_encoder_via/lib/chibios/os/hal/ports/STM32/LLD/DACv1/hal_dac_lld.o
LOAD .build/obj_keychron_v10_max_ansi_encoder_via/lib/chibios/os/hal/ports/STM32/LLD/DMAv2/stm32_dma.o
LOAD .build/obj_keychron_v10_max_ansi_encoder_via/lib/chibios/os/hal/ports/STM32/LLD/EXTIv1/stm32_exti.o
LOAD .build/obj_keychron_v10_max_ansi_encoder_via/lib/chibios/os/hal/ports/STM32/LLD/GPIOv2/hal_pal_lld.o
LOAD .build/obj_keychron_v10_max_ansi_encoder_via/lib/chibios/os/hal/ports/STM32/LLD/I2Cv1/hal_i2c_lld.o
LOAD .build/obj_keychron_v10_max_ansi_encoder_via/lib/chibios/os/hal/ports/STM32/LLD/MACv1/hal_mac_lld.o
LOAD .build/obj_keychron_v10_max_ansi_encoder_via/lib/chibios/os/hal/ports/STM32/LLD/OTGv1/hal_usb_lld.o
LOAD .build/obj_keychron_v10_max_ansi_encoder_via/lib/chibios/os/hal/ports/STM32/LLD/QUADSPIv1/hal_wspi_lld.o
LOAD .build/obj_keychron_v10_max_ansi_encoder_via/lib/chibios/os/hal/ports/STM32/LLD/RTCv2/hal_rtc_lld.o
LOAD .build/obj_keychron_v10_max_ansi_encoder_via/lib/chibios/os/hal/ports/STM32/LLD/SPIv1/hal_i2s_lld.o
LOAD .build/obj_keychron_v10_max_ansi_encoder_via/lib/chibios/os/hal/ports/STM32/LLD/SPIv1/hal_spi_v2_lld.o
LOAD .build/obj_keychron_v10_max_ansi_encoder_via/lib/chibios/os/hal/ports/STM32/LLD/SDIOv1/hal_sdc_lld.o
LOAD .build/obj_keychron_v10_max_ansi_encoder_via/lib/chibios/os/hal/ports/STM32/LLD/SYSTICKv1/hal_st_lld.o
LOAD .build/obj_keychron_v10_max_ansi_encoder_via/lib/chibios/os/hal/ports/STM32/LLD/TIMv1/hal_gpt_lld.o
LOAD .build/obj_keychron_v10_max_ansi_encoder_via/lib/chibios/os/hal/ports/STM32/LLD/TIMv1/hal_icu_lld.o
LOAD .build/obj_keychron_v10_max_ansi_encoder_via/lib/chibios/os/hal/ports/STM32/LLD/TIMv1/hal_pwm_lld.o
LOAD .build/obj_keychron_v10_max_ansi_encoder_via/lib/chibios/os/hal/ports/STM32/LLD/USARTv1/hal_serial_lld.o
LOAD .build/obj_keychron_v10_max_ansi_encoder_via/lib/chibios/os/hal/ports/STM32/LLD/USARTv1/hal_uart_lld.o
LOAD .build/obj_keychron_v10_max_ansi_encoder_via/lib/chibios/os/hal/ports/STM32/LLD/xWDGv1/hal_wdg_lld.o
LOAD .build/obj_keychron_v10_max_ansi_encoder_via/lib/chibios/os/hal/boards/ST_STM32F401C_DISCOVERY/board.o
LOAD .build/obj_keychron_v10_max_ansi_encoder_via/lib/chibios/os/hal/lib/streams/chprintf.o
LOAD .build/obj_keychron_v10_max_ansi_encoder_via/lib/chibios/os/hal/lib/streams/chscanf.o
LOAD .build/obj_keychron_v10_max_ansi_encoder_via/lib/chibios/os/hal/lib/streams/memstreams.o
LOAD .build/obj_keychron_v10_max_ansi_encoder_via/lib/chibios/os/hal/lib/streams/nullstreams.o
LOAD .build/obj_keychron_v10_max_ansi_encoder_via/lib/chibios/os/hal/lib/streams/bufstreams.o
LOAD .build/obj_keychron_v10_max_ansi_encoder_via/lib/chibios/os/various/syscalls.o
LOAD .build/obj_keychron_v10_max_ansi_encoder_via/platforms/chibios/syscall-fallbacks.o
LOAD .build/obj_keychron_v10_max_ansi_encoder_via/platforms/chibios/wait.o
LOAD .build/obj_keychron_v10_max_ansi_encoder_via/platforms/chibios/synchronization_util.o
LOAD .build/obj_keychron_v10_max_ansi_encoder_via/platforms/chibios/interrupt_handlers.o
                0x00000800                        __process_stack_size__ = 0x800
                0x00000400                        __main_stack_size__ = 0x400
LOAD /Users/dexter/Library/Application Support/qmk/bin/../lib/gcc/arm-none-eabi/15.2.0/../../../../arm-none-eabi/lib/thumb/v7e-m+fp/hard/libm_nano.a
START GROUP
LOAD /Users/dexter/Library/Application Support/qmk/bin/../lib/gcc/arm-none-eabi/15.2.0/thumb/v7e-m+fp/hard/libgcc.a
LOAD /Users/dexter/Library/Application Support/qmk/bin/../lib/gcc/arm-none-eabi/15.2.0/../../../../arm-none-eabi/lib/thumb/v7e-m+fp/hard/libg_nano.a
LOAD /Users/dexter/Library/Application Support/qmk/bin/../lib/gcc/arm-none-eabi/15.2.0/../../../../arm-none-eabi/lib/thumb/v7e-m+fp/hard/libc_nano.a
END GROUP
START GROUP
LOAD /Users/dexter/Library/Application Support/qmk/bin/../lib/gcc/arm-none-eabi/15.2.0/thumb/v7e-m+fp/hard/libgcc.a
LOAD /Users/dexter/Library/Application Support/qmk/bin/../lib/gcc/arm-none-eabi/15.2.0/../../../../arm-none-eabi/lib/thumb/v7e-m+fp/hard/libc_nano.a
END GROUP

.mstack         0x20000000      0x400
                0x20000000                        . = ALIGN (0x8)
                0x20000000                        __main_stack_base__ = .
                0x20000400                        . = (. + __main_stack_size__)
 *fill*         0x20000000      0x400 
                0x20000400                        . = ALIGN (0x8)
                0x20000400                        __main_stack_end__ = .

.pstack         0x20000400      0x800
                0x20000400                        . = ALIGN (0x8)
                0x20000400                        __process_stack_base__ = .
                0x20000400                        __main_thread_stack_base__ = .
                0x20000c00                        . = (. + __process_stack_size__)
 *fill*         0x20000400      0x800 
                0x20000c00                        . = ALIGN (0x8)
                0x20000c00                        __process_stack_end__ = .
                0x20000c00                        __main_thread_stack_end__ = .

.vectors        0x08000000      0x1e0
                0x08000000                        __textvectors_base__ = LOADADDR (.vectors)
                0x08000000                        __vectors_base__ = .
 *(.vectors)
 .vectors       0x08000000      0x1e0 .build/obj_keychron_v10_max_ansi_encoder_via/./lib/chibios/os/common/startup/ARMCMx/compilers/GCC/vectors.o
                0x08000000                _vectors
                0x080001e0                        __vectors_end__ = .

.xtors          0x08008000        0x0
                0x08008000                        __init_array_base__ = .
 *(SORT_BY_NAME(.init_array.*))
 *(.init_array)
                0x08008000                        __init_array_end__ = .
                0x08008000                        __fini_array_base__ = .
 *(.fini_array)
 *(SORT_BY_NAME(.fini_array.*))
                0x08008000                        __fini_array_end__ = .

.text           0x08008000     0xdb78
                0x08008000                        __text_base__ = .
 *(.text)
 .text          0x08008000      0x11c .build/obj_keychron_v10_max_ansi_encoder_via/./lib/chibios/os/common/startup/ARMCMx/compilers/GCC/crt0_v7m.o
                0x08008000                _crt0_entry
 .text          0x0800811c        0x8 .build/obj_keychron_v10_max_ansi_encoder_via/./lib/chibios/os/common/startup/ARMCMx/compilers/GCC/vectors.o
                0x0800811c                Reset_Handler
                0x0800811e                VectorAC
                0x0800811e                DebugMon_Handler
                0x0800811e                Vector1A0
                0x0800811e                Vector11C
                0x0800811e                HardFault_Handler
                0x0800811e                Vector1B8
                0x0800811e                Vector19C
                0x0800811e                Vector8C
                0x0800811e                SysTick_Handler
                0x0800811e                VectorDC
                0x0800811e                PendSV_Handler
                0x0800811e                Vector168
                0x0800811e                NMI_Handler
                0x0800811e                Vector110
                0x0800811e                Vector1D8
                0x0800811e                VectorC8
                0x0800811e                Vector94
                0x0800811e                VectorA8
                0x0800811e                VectorB4
                0x0800811e                Vector160
                0x0800811e                Vector1B0
                0x0800811e                UsageFault_Handler
                0x0800811e                VectorEC
                0x0800811e                Vector40
                0x0800811e                VectorF8
                0x0800811e                Vector108
                0x0800811e                VectorBC
                0x0800811e                Vector190
                0x0800811e                Vector1C4
                0x0800811e                Vector1CC
                0x0800811e                Vector148
                0x0800811e                Vector188
                0x0800811e                Vector198
                0x0800811e                Vector118
                0x0800811e                VectorCC
                0x0800811e                Vector54
                0x0800811e                Vector98
                0x0800811e                VectorD8
                0x0800811e                Vector138
                0x0800811e                Vector24
                0x0800811e                Vector1AC
                0x0800811e                Vector178
                0x0800811e                SecureFault_Handler
                0x0800811e                Vector1A4
                0x0800811e                VectorD0
                0x0800811e                Vector1B4
                0x0800811e                Vector140
                0x0800811e                VectorC0
                0x0800811e                Vector1C0
                0x0800811e                Vector134
                0x0800811e                Vector1D0
                0x0800811e                VectorF0
                0x0800811e                Vector13C
                0x0800811e                Vector100
                0x0800811e                VectorF4
                0x0800811e                MemManage_Handler
                0x0800811e                VectorA0
                0x0800811e                VectorC4
                0x0800811e                Vector180
                0x0800811e                Vector90
                0x0800811e                Vector114
                0x0800811e                Vector164
                0x0800811e                Vector1BC
                0x0800811e                Vector1D4
                0x0800811e                Vector17C
                0x0800811e                Vector1A8
                0x0800811e                Vector16C
                0x0800811e                VectorD4
                0x0800811e                Vector144
                0x0800811e                Vector15C
                0x0800811e                Vector174
                0x0800811e                VectorE8
                0x0800811e                Vector170
                0x0800811e                Vector88
                0x0800811e                Vector104
                0x0800811e                Vector184
                0x0800811e                Vector10C
                0x0800811e                BusFault_Handler
                0x0800811e                Vector50
                0x0800811e                Vector1C8
                0x0800811e                Vector194
                0x0800811e                Vector1DC
                0x0800811e                Vector44
                0x0800811e                Vector28
                0x0800811e                VectorB8
                0x0800811e                Vector34
                0x0800811e                VectorA4
                0x0800811e                Vector20
                0x0800811e                Vector18C
                0x08008122                _unhandled_exception
 .text          0x08008124       0x32 .build/obj_keychron_v10_max_ansi_encoder_via/./lib/chibios/os/common/ports/ARMv7-M/compilers/GCC/chcoreasm.o
                0x08008124                __port_switch
                0x0800813c                __port_thread_start
                0x0800814e                __port_switch_from_isr
                0x08008152                __port_exit_from_isr
 *fill*         0x08008156        0x2 
 .text          0x08008158       0x30 /Users/dexter/Library/Application Support/qmk/bin/../lib/gcc/arm-none-eabi/15.2.0/thumb/v7e-m+fp/hard/libgcc.a(_aeabi_uldivmod.o)
                0x08008158                __aeabi_uldivmod
 .text          0x08008188      0x2ac /Users/dexter/Library/Application Support/qmk/bin/../lib/gcc/arm-none-eabi/15.2.0/thumb/v7e-m+fp/hard/libgcc.a(_udivmoddi4.o)
                0x08008188                __udivmoddi4
 .text          0x08008434        0x4 /Users/dexter/Library/Application Support/qmk/bin/../lib/gcc/arm-none-eabi/15.2.0/thumb/v7e-m+fp/hard/libgcc.a(_dvmd_tls.o)
                0x08008434                __aeabi_ldiv0
                0x08008434                __aeabi_idiv0
 .text          0x08008438       0x10 /Users/dexter/Library/Application Support/qmk/bin/../lib/gcc/arm-none-eabi/15.2.0/../../../../arm-none-eabi/lib/thumb/v7e-m+fp/hard/libg_nano.a(libc_a-strlen.o)
                0x08008438                strlen
 *fill*         0x08008448        0x8 
 .text          0x08008450       0xa0 /Users/dexter/Library/Application Support/qmk/bin/../lib/gcc/arm-none-eabi/15.2.0/../../../../arm-none-eabi/lib/thumb/v7e-m+fp/hard/libg_nano.a(libc_a-memchr.o)
                0x08008450                memchr
 *(.text.*)
 .text.wreless_keyboard_leds
                0x080084f0       0x18 .build/obj_keychron_v10_max_ansi_encoder_via/common/wireless/wireless.o
                0x080084f0                wreless_keyboard_leds
 .text.wireless_event_queue_init
                0x08008508       0x24 .build/obj_keychron_v10_max_ansi_encoder_via/common/wireless/wireless.o
                0x08008508                wireless_event_queue_init
 .text.wireless_event_enqueue
                0x0800852c       0x44 .build/obj_keychron_v10_max_ansi_encoder_via/common/wireless/wireless.o
                0x0800852c                wireless_event_enqueue
 .text.wireless_init
                0x08008570       0x28 .build/obj_keychron_v10_max_ansi_encoder_via/common/wireless/wireless.o
                0x08008570                wireless_init
 .text.wireless_pairing_ex
                0x08008598       0x30 .build/obj_keychron_v10_max_ansi_encoder_via/common/wireless/wireless.o
                0x08008598                wireless_pairing_ex
 .text.wireless_connect
                0x080085c8       0x44 .build/obj_keychron_v10_max_ansi_encoder_via/common/wireless/wireless.o
                0x080085c8                wireless_connect
 .text.wireless_send_keyboard
                0x0800860c       0x60 .build/obj_keychron_v10_max_ansi_encoder_via/common/wireless/wireless.o
                0x0800860c                wireless_send_keyboard
 .text.wireless_send_nkro
                0x0800866c       0x60 .build/obj_keychron_v10_max_ansi_encoder_via/common/wireless/wireless.o
                0x0800866c                wireless_send_nkro
 .text.wireless_send_mouse
                0x080086cc       0x34 .build/obj_keychron_v10_max_ansi_encoder_via/common/wireless/wireless.o
                0x080086cc                wireless_send_mouse
 .text.wireless_connect_ex
                0x08008700       0x48 .build/obj_keychron_v10_max_ansi_encoder_via/common/wireless/wireless.o
                0x08008700                wireless_connect_ex
 .text.wireless_disconnect
                0x08008748       0x10 .build/obj_keychron_v10_max_ansi_encoder_via/common/wireless/wireless.o
                0x08008748                wireless_disconnect
 .text.wireless_enter_discoverable_kb
                0x08008758        0x2 .build/obj_keychron_v10_max_ansi_encoder_via/common/wireless/wireless.o
                0x08008758                wireless_enter_discoverable_kb
 .text.wireless_enter_reconnecting_kb
                0x0800875a        0x2 .build/obj_keychron_v10_max_ansi_encoder_via/common/wireless/wireless.o
                0x0800875a                wireless_enter_reconnecting_kb
 .text.wireless_enter_connected_kb
                0x0800875c        0x2 .build/obj_keychron_v10_max_ansi_encoder_via/common/wireless/wireless.o
                0x0800875c                wireless_enter_connected_kb
 .text.wireless_enter_bluetooth_pin_code_entry_kb
                0x0800875e        0x2 .build/obj_keychron_v10_max_ansi_encoder_via/common/wireless/wireless.o
                0x0800875e                wireless_enter_bluetooth_pin_code_entry_kb
 .text.wireless_exit_bluetooth_pin_code_entry_kb
                0x08008760        0x2 .build/obj_keychron_v10_max_ansi_encoder_via/common/wireless/wireless.o
                0x08008760                wireless_exit_bluetooth_pin_code_entry_kb
 .text.wireless_enter_sleep_kb
                0x08008762        0x2 .build/obj_keychron_v10_max_ansi_encoder_via/common/wireless/wireless.o
                0x08008762                wireless_enter_sleep_kb
 .text.wireless_send_system
                0x08008764       0x20 .build/obj_keychron_v10_max_ansi_encoder_via/common/wireless/wireless.o
                0x08008764                wireless_send_system
 .text.wireless_send_consumer
                0x08008784       0x58 .build/obj_keychron_v10_max_ansi_encoder_via/common/wireless/wireless.o
                0x08008784                wireless_send_consumer
 .text.wireless_send_extra
                0x080087dc       0x36 .build/obj_keychron_v10_max_ansi_encoder_via/common/wireless/wireless.o
                0x080087dc                wireless_send_extra
 *fill*         0x08008812        0x2 
 .text.wireless_low_battery_shutdown
                0x08008814       0x88 .build/obj_keychron_v10_max_ansi_encoder_via/common/wireless/wireless.o
                0x08008814                wireless_low_battery_shutdown
 .text.wireless_event_task
                0x0800889c      0x1e4 .build/obj_keychron_v10_max_ansi_encoder_via/common/wireless/wireless.o
                0x0800889c                wireless_event_task
 .text.wireless_task
                0x08008a80       0x28 .build/obj_keychron_v10_max_ansi_encoder_via/common/wireless/wireless.o
                0x08008a80                wireless_task
 .text.send_string_task
                0x08008aa8       0x2c .build/obj_keychron_v10_max_ansi_encoder_via/common/wireless/wireless.o
                0x08008aa8                send_string_task
 .text.wireless_get_state
                0x08008ad4        0xc .build/obj_keychron_v10_max_ansi_encoder_via/common/wireless/wireless.o
                0x08008ad4                wireless_get_state
 .text.process_record_wireless
                0x08008ae0       0x44 .build/obj_keychron_v10_max_ansi_encoder_via/common/wireless/wireless.o
                0x08008ae0                process_record_wireless
 .text.report_buffer_init
                0x08008b24       0x3c .build/obj_keychron_v10_max_ansi_encoder_via/common/wireless/report_buffer.o
                0x08008b24                report_buffer_init
 .text.report_buffer_enqueue
                0x08008b60       0x38 .build/obj_keychron_v10_max_ansi_encoder_via/common/wireless/report_buffer.o
                0x08008b60                report_buffer_enqueue
 .text.report_buffer_dequeue
                0x08008b98       0x34 .build/obj_keychron_v10_max_ansi_encoder_via/common/wireless/report_buffer.o
                0x08008b98                report_buffer_dequeue
 .text.report_buffer_is_empty
                0x08008bcc       0x18 .build/obj_keychron_v10_max_ansi_encoder_via/common/wireless/report_buffer.o
                0x08008bcc                report_buffer_is_empty
 .text.report_buffer_update_timer
                0x08008be4       0x10 .build/obj_keychron_v10_max_ansi_encoder_via/common/wireless/report_buffer.o
                0x08008be4                report_buffer_update_timer
 .text.report_buffer_next_inverval
                0x08008bf4       0x20 .build/obj_keychron_v10_max_ansi_encoder_via/common/wireless/report_buffer.o
                0x08008bf4                report_buffer_next_inverval
 .text.report_buffer_set_inverval
                0x08008c14        0xc .build/obj_keychron_v10_max_ansi_encoder_via/common/wireless/report_buffer.o
                0x08008c14                report_buffer_set_inverval
 .text.report_buffer_set_retry
                0x08008c20        0xc .build/obj_keychron_v10_max_ansi_encoder_via/common/wireless/report_buffer.o
                0x08008c20                report_buffer_set_retry
 .text.report_buffer_task
                0x08008c2c       0xb8 .build/obj_keychron_v10_max_ansi_encoder_via/common/wireless/report_buffer.o
                0x08008c2c                report_buffer_task
 .text.lkbt51_init
                0x08008ce4       0x94 .build/obj_keychron_v10_max_ansi_encoder_via/common/wireless/lkbt51.o
                0x08008ce4                lkbt51_init
 .text.lkbt51_wake
                0x08008d78       0x44 .build/obj_keychron_v10_max_ansi_encoder_via/common/wireless/lkbt51.o
 .text.lkbt51_send_cmd
                0x08008dbc       0xd4 .build/obj_keychron_v10_max_ansi_encoder_via/common/wireless/lkbt51.o
                0x08008dbc                lkbt51_send_cmd
 .text.lkbt51_send_keyboard
                0x08008e90       0x38 .build/obj_keychron_v10_max_ansi_encoder_via/common/wireless/lkbt51.o
                0x08008e90                lkbt51_send_keyboard
 .text.lkbt51_send_nkro
                0x08008ec8       0x38 .build/obj_keychron_v10_max_ansi_encoder_via/common/wireless/lkbt51.o
                0x08008ec8                lkbt51_send_nkro
 .text.lkbt51_send_consumer
                0x08008f00       0x34 .build/obj_keychron_v10_max_ansi_encoder_via/common/wireless/lkbt51.o
                0x08008f00                lkbt51_send_consumer
 .text.lkbt51_send_system
                0x08008f34       0x40 .build/obj_keychron_v10_max_ansi_encoder_via/common/wireless/lkbt51.o
                0x08008f34                lkbt51_send_system
 .text.lkbt51_send_mouse
                0x08008f74       0x4c .build/obj_keychron_v10_max_ansi_encoder_via/common/wireless/lkbt51.o
                0x08008f74                lkbt51_send_mouse
 .text.lkbt51_become_discoverable
                0x08008fc0       0x84 .build/obj_keychron_v10_max_ansi_encoder_via/common/wireless/lkbt51.o
                0x08008fc0                lkbt51_become_discoverable
 .text.lkbt51_connect
                0x08009044       0x40 .build/obj_keychron_v10_max_ansi_encoder_via/common/wireless/lkbt51.o
                0x08009044                lkbt51_connect
 .text.lkbt51_disconnect
                0x08009084       0x48 .build/obj_keychron_v10_max_ansi_encoder_via/common/wireless/lkbt51.o
                0x08009084                lkbt51_disconnect
 .text.lkbt51_update_bat_lvl
                0x080090cc       0x30 .build/obj_keychron_v10_max_ansi_encoder_via/common/wireless/lkbt51.o
                0x080090cc                lkbt51_update_bat_lvl
 .text.lkbt51_read
                0x080090fc       0x54 .build/obj_keychron_v10_max_ansi_encoder_via/common/wireless/lkbt51.o
                0x080090fc                lkbt51_read
 .text.lkbt51_send_conn_evt_ack
                0x08009150       0x28 .build/obj_keychron_v10_max_ansi_encoder_via/common/wireless/lkbt51.o
                0x08009150                lkbt51_send_conn_evt_ack
 .text.lkbt51_read_state_reg
                0x08009178       0x34 .build/obj_keychron_v10_max_ansi_encoder_via/common/wireless/lkbt51.o
                0x08009178                lkbt51_read_state_reg
 .text.lkbt51_update_bat_state
                0x080091ac       0x30 .build/obj_keychron_v10_max_ansi_encoder_via/common/wireless/lkbt51.o
                0x080091ac                lkbt51_update_bat_state
 .text.lkbt51_set_param
                0x080091dc       0x38 .build/obj_keychron_v10_max_ansi_encoder_via/common/wireless/lkbt51.o
                0x080091dc                lkbt51_set_param
 .text.lkbt51_set_local_name
                0x08009214       0x40 .build/obj_keychron_v10_max_ansi_encoder_via/common/wireless/lkbt51.o
                0x08009214                lkbt51_set_local_name
 .text.lkbt51_factory_reset
                0x08009254       0x34 .build/obj_keychron_v10_max_ansi_encoder_via/common/wireless/lkbt51.o
                0x08009254                lkbt51_factory_reset
 .text.lkbt51_int_pin_test
                0x08009288       0x30 .build/obj_keychron_v10_max_ansi_encoder_via/common/wireless/lkbt51.o
                0x08009288                lkbt51_int_pin_test
 .text.lkbt51_radio_test
                0x080092b8       0x30 .build/obj_keychron_v10_max_ansi_encoder_via/common/wireless/lkbt51.o
                0x080092b8                lkbt51_radio_test
 .text.lkbt51_dfu_tx
                0x080092e8       0x7c .build/obj_keychron_v10_max_ansi_encoder_via/common/wireless/lkbt51.o
                0x080092e8                lkbt51_dfu_tx
 .text.lkbt51_task
                0x08009364      0x28c .build/obj_keychron_v10_max_ansi_encoder_via/common/wireless/lkbt51.o
                0x08009364                lkbt51_task
 .text.lkbt51_dfu_rx
                0x080095f0       0x9c .build/obj_keychron_v10_max_ansi_encoder_via/common/wireless/lkbt51.o
                0x080095f0                lkbt51_dfu_rx
 .text.indicator_init
                0x0800968c       0x2c .build/obj_keychron_v10_max_ansi_encoder_via/common/wireless/indicator.o
                0x0800968c                indicator_init
 .text.indicator_enable
                0x080096b8       0x12 .build/obj_keychron_v10_max_ansi_encoder_via/common/wireless/indicator.o
                0x080096b8                indicator_enable
 .text.indicator_disable
                0x080096ca        0x4 .build/obj_keychron_v10_max_ansi_encoder_via/common/wireless/indicator.o
                0x080096ca                indicator_disable
 .text.indicator_is_enabled
                0x080096ce        0xe .build/obj_keychron_v10_max_ansi_encoder_via/common/wireless/indicator.o
                0x080096ce                indicator_is_enabled
 .text.indicator_eeconfig_reload
                0x080096dc       0x24 .build/obj_keychron_v10_max_ansi_encoder_via/common/wireless/indicator.o
                0x080096dc                indicator_eeconfig_reload
 .text.indicator_is_running
                0x08009700       0x2c .build/obj_keychron_v10_max_ansi_encoder_via/common/wireless/indicator.o
                0x08009700                indicator_is_running
 .text.indicator_stop
                0x0800972c       0x28 .build/obj_keychron_v10_max_ansi_encoder_via/common/wireless/indicator.o
                0x0800972c                indicator_stop
 .text.indicator_battery_low_enable
                0x08009754       0x34 .build/obj_keychron_v10_max_ansi_encoder_via/common/wireless/indicator.o
                0x08009754                indicator_battery_low_enable
 .text.indicator_battery_low_backlit_enable
                0x08009788       0x80 .build/obj_keychron_v10_max_ansi_encoder_via/common/wireless/indicator.o
                0x08009788                indicator_battery_low_backlit_enable
 .text.os_state_indicate
                0x08009808       0x30 .build/obj_keychron_v10_max_ansi_encoder_via/common/wireless/indicator.o
                0x08009808                os_state_indicate
 .text.rgb_matrix_indicators_bt
                0x08009838      0x114 .build/obj_keychron_v10_max_ansi_encoder_via/common/wireless/indicator.o
                0x08009838                rgb_matrix_indicators_bt
 .text.indicator_timer_cb
                0x0800994c       0xdc .build/obj_keychron_v10_max_ansi_encoder_via/common/wireless/indicator.o
 .text.indicator_set
                0x08009a28      0x154 .build/obj_keychron_v10_max_ansi_encoder_via/common/wireless/indicator.o
                0x08009a28                indicator_set
 .text.rgb_matrix_none_indicators_kb
                0x08009b7c       0x1c .build/obj_keychron_v10_max_ansi_encoder_via/common/wireless/indicator.o
                0x08009b7c                rgb_matrix_none_indicators_kb
 .text.rgb_matrix_driver_allow_shutdown
                0x08009b98       0x10 .build/obj_keychron_v10_max_ansi_encoder_via/common/wireless/indicator.o
                0x08009b98                rgb_matrix_driver_allow_shutdown
 .text.indicator_battery_low
                0x08009ba8       0xb0 .build/obj_keychron_v10_max_ansi_encoder_via/common/wireless/indicator.o
                0x08009ba8                indicator_battery_low
 .text.indicator_task
                0x08009c58       0x40 .build/obj_keychron_v10_max_ansi_encoder_via/common/wireless/indicator.o
                0x08009c58                indicator_task
 .text.led_update_kb
                0x08009c98       0x54 .build/obj_keychron_v10_max_ansi_encoder_via/common/wireless/indicator.o
                0x08009c98                led_update_kb
 .text.wireless_post_task
                0x08009cec        0x2 .build/obj_keychron_v10_max_ansi_encoder_via/common/wireless/wireless_main.o
                0x08009cec                wireless_post_task
 .text.wireless_tasks
                0x08009cee       0x1e .build/obj_keychron_v10_max_ansi_encoder_via/common/wireless/wireless_main.o
                0x08009cee                wireless_tasks
 .text.bt_transport_enable
                0x08009d0c       0x68 .build/obj_keychron_v10_max_ansi_encoder_via/common/wireless/transport.o
                0x08009d0c                bt_transport_enable
 .text.p24g_transport_enable
                0x08009d74       0x68 .build/obj_keychron_v10_max_ansi_encoder_via/common/wireless/transport.o
                0x08009d74                p24g_transport_enable
 .text.usb_transport_enable
                0x08009ddc       0x3c .build/obj_keychron_v10_max_ansi_encoder_via/common/wireless/transport.o
                0x08009ddc                usb_transport_enable
 .text.set_transport
                0x08009e18      0x10c .build/obj_keychron_v10_max_ansi_encoder_via/common/wireless/transport.o
                0x08009e18                set_transport
 .text.get_transport
                0x08009f24        0xc .build/obj_keychron_v10_max_ansi_encoder_via/common/wireless/transport.o
                0x08009f24                get_transport
 .text.usb_remote_wakeup
                0x08009f30       0x70 .build/obj_keychron_v10_max_ansi_encoder_via/common/wireless/transport.o
                0x08009f30                usb_remote_wakeup
 .text.select_all_cols
                0x08009fa0       0x3c .build/obj_keychron_v10_max_ansi_encoder_via/common/wireless/lpm.o
                0x08009fa0                select_all_cols
 .text.lpm_timer_reset
                0x08009fdc       0x1c .build/obj_keychron_v10_max_ansi_encoder_via/common/wireless/lpm.o
                0x08009fdc                lpm_timer_reset
 .text.lpm_init
                0x08009ff8       0x18 .build/obj_keychron_v10_max_ansi_encoder_via/common/wireless/lpm.o
                0x08009ff8                lpm_init
 .text.lpm_timer_stop
                0x0800a010       0x14 .build/obj_keychron_v10_max_ansi_encoder_via/common/wireless/lpm.o
                0x0800a010                lpm_timer_stop
 .text.usb_power_connected
                0x0800a024       0x10 .build/obj_keychron_v10_max_ansi_encoder_via/common/wireless/lpm.o
                0x0800a024                usb_power_connected
 .text.pre_enter_low_power_mode
                0x0800a034      0x104 .build/obj_keychron_v10_max_ansi_encoder_via/common/wireless/lpm.o
                0x0800a034                pre_enter_low_power_mode
 .text.lpm_task
                0x0800a138      0x1c8 .build/obj_keychron_v10_max_ansi_encoder_via/common/wireless/lpm.o
                0x0800a138                lpm_task
 .text.lpm_set  0x0800a300       0x60 .build/obj_keychron_v10_max_ansi_encoder_via/common/wireless/lpm_stm32f401.o
                0x0800a300                lpm_set
 .text.enter_power_mode
                0x0800a360       0x64 .build/obj_keychron_v10_max_ansi_encoder_via/common/wireless/lpm_stm32f401.o
                0x0800a360                enter_power_mode
 .text.battery_init
                0x0800a3c4       0x10 .build/obj_keychron_v10_max_ansi_encoder_via/common/wireless/battery.o
                0x0800a3c4                battery_init
 .text.battery_stop
                0x0800a3d4        0x2 .build/obj_keychron_v10_max_ansi_encoder_via/common/wireless/battery.o
                0x0800a3d4                battery_stop
 .text.battery_measure
                0x0800a3d6        0x8 .build/obj_keychron_v10_max_ansi_encoder_via/common/wireless/battery.o
                0x0800a3d6                battery_measure
 *fill*         0x0800a3de        0x2 
 .text.battery_calculate_voltage
                0x0800a3e0       0x70 .build/obj_keychron_v10_max_ansi_encoder_via/common/wireless/battery.o
                0x0800a3e0                battery_calculate_voltage
 .text.battery_get_percentage
                0x0800a450       0x50 .build/obj_keychron_v10_max_ansi_encoder_via/common/wireless/battery.o
                0x0800a450                battery_get_percentage
 .text.battery_is_empty
                0x0800a4a0       0x14 .build/obj_keychron_v10_max_ansi_encoder_via/common/wireless/battery.o
                0x0800a4a0                battery_is_empty
 .text.battery_is_critical_low
                0x0800a4b4       0x14 .build/obj_keychron_v10_max_ansi_encoder_via/common/wireless/battery.o
                0x0800a4b4                battery_is_critical_low
 .text.battery_check_empty
                0x0800a4c8       0x40 .build/obj_keychron_v10_max_ansi_encoder_via/common/wireless/battery.o
                0x0800a4c8                battery_check_empty
 .text.battery_check_critical_low
                0x0800a508       0x34 .build/obj_keychron_v10_max_ansi_encoder_via/common/wireless/battery.o
                0x0800a508                battery_check_critical_low
 .text.battery_task
                0x0800a53c       0xcc .build/obj_keychron_v10_max_ansi_encoder_via/common/wireless/battery.o
                0x0800a53c                battery_task
 .text.bat_level_animiation_start
                0x0800a608       0x58 .build/obj_keychron_v10_max_ansi_encoder_via/common/wireless/bat_level_animation.o
                0x0800a608                bat_level_animiation_start
 .text.bat_level_animiation_actived
                0x0800a660       0x10 .build/obj_keychron_v10_max_ansi_encoder_via/common/wireless/bat_level_animation.o
                0x0800a660                bat_level_animiation_actived
 .text.bat_level_animiation_indicate
                0x0800a670       0x7c .build/obj_keychron_v10_max_ansi_encoder_via/common/wireless/bat_level_animation.o
                0x0800a670                bat_level_animiation_indicate
 .text.bat_level_animiation_update
                0x0800a6ec       0xac .build/obj_keychron_v10_max_ansi_encoder_via/common/wireless/bat_level_animation.o
                0x0800a6ec                bat_level_animiation_update
 .text.bat_level_animiation_task
                0x0800a798       0x30 .build/obj_keychron_v10_max_ansi_encoder_via/common/wireless/bat_level_animation.o
                0x0800a798                bat_level_animiation_task
 .text.rtc_timer_clear
                0x0800a7c8       0x18 .build/obj_keychron_v10_max_ansi_encoder_via/common/wireless/rtc_timer.o
                0x0800a7c8                rtc_timer_clear
 .text.rtc_timer_init
                0x0800a7e0        0x4 .build/obj_keychron_v10_max_ansi_encoder_via/common/wireless/rtc_timer.o
                0x0800a7e0                rtc_timer_init
 .text.rtc_timer_read_ms
                0x0800a7e4       0x18 .build/obj_keychron_v10_max_ansi_encoder_via/common/wireless/rtc_timer.o
                0x0800a7e4                rtc_timer_read_ms
 .text.rtc_timer_elapsed_ms
                0x0800a7fc        0xc .build/obj_keychron_v10_max_ansi_encoder_via/common/wireless/rtc_timer.o
                0x0800a7fc                rtc_timer_elapsed_ms
 .text.process_record_keychron_wireless
                0x0800a808       0x98 .build/obj_keychron_v10_max_ansi_encoder_via/common/wireless/keychron_wireless_common.o
                0x0800a808                process_record_keychron_wireless
 .text.lkbt51_param_init
                0x0800a8a0       0x44 .build/obj_keychron_v10_max_ansi_encoder_via/common/wireless/keychron_wireless_common.o
                0x0800a8a0                lkbt51_param_init
 .text.wireless_enter_reset_kb
                0x0800a8e4        0x4 .build/obj_keychron_v10_max_ansi_encoder_via/common/wireless/keychron_wireless_common.o
                0x0800a8e4                wireless_enter_reset_kb
 .text.wireless_enter_disconnected_kb
                0x0800a8e8       0x2c .build/obj_keychron_v10_max_ansi_encoder_via/common/wireless/keychron_wireless_common.o
                0x0800a8e8                wireless_enter_disconnected_kb
 .text.keychron_wireless_common_task
                0x0800a914       0x28 .build/obj_keychron_v10_max_ansi_encoder_via/common/wireless/keychron_wireless_common.o
                0x0800a914                keychron_wireless_common_task
 .text.wireless_pre_task
                0x0800a93c       0xb0 .build/obj_keychron_v10_max_ansi_encoder_via/common/wireless/keychron_wireless_common.o
                0x0800a93c                wireless_pre_task
 .text.process_record_keychron_kb
                0x0800a9ec        0x4 .build/obj_keychron_v10_max_ansi_encoder_via/common/keychron_task.o
                0x0800a9ec                process_record_keychron_kb
 .text.process_record_keychron
                0x0800a9f0       0x20 .build/obj_keychron_v10_max_ansi_encoder_via/common/keychron_task.o
                0x0800a9f0                process_record_keychron
 .text.rgb_matrix_indicators_keychron
                0x0800aa10        0xe .build/obj_keychron_v10_max_ansi_encoder_via/common/keychron_task.o
                0x0800aa10                rgb_matrix_indicators_keychron
 .text.keychron_task
                0x0800aa1e       0x14 .build/obj_keychron_v10_max_ansi_encoder_via/common/keychron_task.o
                0x0800aa1e                keychron_task
 .text.process_record_kb
                0x0800aa32       0x1a .build/obj_keychron_v10_max_ansi_encoder_via/common/keychron_task.o
                0x0800aa32                process_record_kb
 .text.rgb_matrix_indicators_kb
                0x0800aa4c       0x12 .build/obj_keychron_v10_max_ansi_encoder_via/common/keychron_task.o
                0x0800aa4c                rgb_matrix_indicators_kb
 .text.housekeeping_task_kb
                0x0800aa5e        0x4 .build/obj_keychron_v10_max_ansi_encoder_via/common/keychron_task.o
                0x0800aa5e                housekeeping_task_kb
 .text.encoder0_pad_cb
                0x0800aa62        0x6 .build/obj_keychron_v10_max_ansi_encoder_via/common/keychron_common.o
 .text.process_record_keychron_common
                0x0800aa68       0xbc .build/obj_keychron_v10_max_ansi_encoder_via/common/keychron_common.o
                0x0800aa68                process_record_keychron_common
 .text.keychron_common_task
                0x0800ab24       0x34 .build/obj_keychron_v10_max_ansi_encoder_via/common/keychron_common.o
                0x0800ab24                keychron_common_task
 .text.encoder_cb_init
                0x0800ab58       0x60 .build/obj_keychron_v10_max_ansi_encoder_via/common/keychron_common.o
                0x0800ab58                encoder_cb_init
 .text.via_command_kb
                0x0800abb8       0x94 .build/obj_keychron_v10_max_ansi_encoder_via/common/keychron_common.o
                0x0800abb8                via_command_kb
 .text.factory_timer_start
                0x0800ac4c       0x10 .build/obj_keychron_v10_max_ansi_encoder_via/common/factory_test.o
                0x0800ac4c                factory_timer_start
 .text.process_record_factory_test
                0x0800ac5c       0xf0 .build/obj_keychron_v10_max_ansi_encoder_via/common/factory_test.o
                0x0800ac5c                process_record_factory_test
 .text.factory_test_indicator
                0x0800ad4c       0x5c .build/obj_keychron_v10_max_ansi_encoder_via/common/factory_test.o
                0x0800ad4c                factory_test_indicator
 .text.factory_reset_indicating
                0x0800ada8       0x10 .build/obj_keychron_v10_max_ansi_encoder_via/common/factory_test.o
                0x0800ada8                factory_reset_indicating
 .text.factory_test_task
                0x0800adb8       0xc0 .build/obj_keychron_v10_max_ansi_encoder_via/common/factory_test.o
                0x0800adb8                factory_test_task
 .text.factory_test_send
                0x0800ae78       0x48 .build/obj_keychron_v10_max_ansi_encoder_via/common/factory_test.o
                0x0800ae78                factory_test_send
 .text.factory_test_rx
                0x0800aec0      0x160 .build/obj_keychron_v10_max_ansi_encoder_via/common/factory_test.o
                0x0800aec0                factory_test_rx
 .text.dip_switch_update_user
                0x0800b020       0x28 .build/obj_keychron_v10_max_ansi_encoder_via/common/factory_test.o
                0x0800b020                dip_switch_update_user
 .text.dip_switch_update_kb
                0x0800b048       0x20 .build/obj_keychron_v10_max_ansi_encoder_via/keyboards/keychron/v10_max/v10_max.o
                0x0800b048                dip_switch_update_kb
 .text.keyboard_post_init_kb
                0x0800b068       0x4c .build/obj_keychron_v10_max_ansi_encoder_via/keyboards/keychron/v10_max/v10_max.o
                0x0800b068                keyboard_post_init_kb
 .text.keychron_task_kb
                0x0800b0b4       0x30 .build/obj_keychron_v10_max_ansi_encoder_via/keyboards/keychron/v10_max/v10_max.o
                0x0800b0b4                keychron_task_kb
 .text.lpm_is_kb_idle
                0x0800b0e4       0x1c .build/obj_keychron_v10_max_ansi_encoder_via/keyboards/keychron/v10_max/v10_max.o
                0x0800b0e4                lpm_is_kb_idle
 .text.process_record_user
                0x0800b100        0x4 .build/obj_keychron_v10_max_ansi_encoder_via/quantum/keymap_introspection.o
                0x0800b100                process_record_user
 .text.keycode_at_keymap_location_raw
                0x0800b104       0x28 .build/obj_keychron_v10_max_ansi_encoder_via/quantum/keymap_introspection.o
                0x0800b104                keycode_at_keymap_location_raw
 .text.keycode_at_encodermap_location_raw
                0x0800b12c       0x20 .build/obj_keychron_v10_max_ansi_encoder_via/quantum/keymap_introspection.o
                0x0800b12c                keycode_at_encodermap_location_raw
 .text.pre_process_record_user
                0x0800b14c        0x4 .build/obj_keychron_v10_max_ansi_encoder_via/quantum/quantum.o
                0x0800b14c                pre_process_record_user
 .text.pre_process_record_kb
                0x0800b150        0x8 .build/obj_keychron_v10_max_ansi_encoder_via/quantum/quantum.o
                0x0800b150                pre_process_record_kb
 .text.process_action_kb
                0x0800b158        0x4 .build/obj_keychron_v10_max_ansi_encoder_via/quantum/quantum.o
                0x0800b158                process_action_kb
 .text.post_process_record_user
                0x0800b15c        0x2 .build/obj_keychron_v10_max_ansi_encoder_via/quantum/quantum.o
                0x0800b15c                post_process_record_user
 .text.post_process_record_kb
                0x0800b15e        0x8 .build/obj_keychron_v10_max_ansi_encoder_via/quantum/quantum.o
                0x0800b15e                post_process_record_kb
 *fill*         0x0800b166        0x2 
 .text.get_event_keycode
                0x0800b168       0x48 .build/obj_keychron_v10_max_ansi_encoder_via/quantum/quantum.o
                0x0800b168                get_event_keycode
 .text.get_record_keycode
                0x0800b1b0       0x16 .build/obj_keychron_v10_max_ansi_encoder_via/quantum/quantum.o
                0x0800b1b0                get_record_keycode
 .text.pre_process_record_quantum
                0x0800b1c6       0x12 .build/obj_keychron_v10_max_ansi_encoder_via/quantum/quantum.o
                0x0800b1c6                pre_process_record_quantum
 .text.post_process_record_quantum
                0x0800b1d8       0x12 .build/obj_keychron_v10_max_ansi_encoder_via/quantum/quantum.o
                0x0800b1d8                post_process_record_quantum
 .text.shutdown_user
                0x0800b1ea        0x4 .build/obj_keychron_v10_max_ansi_encoder_via/quantum/quantum.o
                0x0800b1ea                shutdown_user
 .text.shutdown_kb
                0x0800b1ee        0x8 .build/obj_keychron_v10_max_ansi_encoder_via/quantum/quantum.o
                0x0800b1ee                shutdown_kb
 .text.shutdown_quantum
                0x0800b1f6       0x1a .build/obj_keychron_v10_max_ansi_encoder_via/quantum/quantum.o
                0x0800b1f6                shutdown_quantum
 .text.reset_keyboard
                0x0800b210       0x10 .build/obj_keychron_v10_max_ansi_encoder_via/quantum/quantum.o
                0x0800b210                reset_keyboard
 .text.soft_reset_keyboard
                0x0800b220       0x10 .build/obj_keychron_v10_max_ansi_encoder_via/quantum/quantum.o
                0x0800b220                soft_reset_keyboard
 .text.process_record_quantum
                0x0800b230       0xb2 .build/obj_keychron_v10_max_ansi_encoder_via/quantum/quantum.o
                0x0800b230                process_record_quantum
 .text.suspend_power_down_quantum
                0x0800b2e2       0x18 .build/obj_keychron_v10_max_ansi_encoder_via/quantum/quantum.o
                0x0800b2e2                suspend_power_down_quantum
 .text.suspend_wakeup_init_quantum
                0x0800b2fa       0x14 .build/obj_keychron_v10_max_ansi_encoder_via/quantum/quantum.o
                0x0800b2fa                suspend_wakeup_init_quantum
 .text.biton    0x0800b30e       0x1a .build/obj_keychron_v10_max_ansi_encoder_via/quantum/bitwise.o
                0x0800b30e                biton
 .text.led_set_user
                0x0800b328        0x2 .build/obj_keychron_v10_max_ansi_encoder_via/quantum/led.o
                0x0800b328                led_set_user
 .text.led_update_user
                0x0800b32a        0x4 .build/obj_keychron_v10_max_ansi_encoder_via/quantum/led.o
                0x0800b32a                led_update_user
 .text.led_update_ports
                0x0800b32e        0x2 .build/obj_keychron_v10_max_ansi_encoder_via/quantum/led.o
                0x0800b32e                led_update_ports
 .text.led_init_ports
                0x0800b330        0x2 .build/obj_keychron_v10_max_ansi_encoder_via/quantum/led.o
                0x0800b330                led_init_ports
 .text.led_set  0x0800b332       0x10 .build/obj_keychron_v10_max_ansi_encoder_via/quantum/led.o
                0x0800b332                led_set
 .text.led_suspend
                0x0800b342        0xa .build/obj_keychron_v10_max_ansi_encoder_via/quantum/led.o
                0x0800b342                led_suspend
 .text.led_wakeup
                0x0800b34c        0xc .build/obj_keychron_v10_max_ansi_encoder_via/quantum/led.o
                0x0800b34c                led_wakeup
 .text.led_task
                0x0800b358       0x2c .build/obj_keychron_v10_max_ansi_encoder_via/quantum/led.o
                0x0800b358                led_task
 .text.action_exec
                0x0800b384       0x3c .build/obj_keychron_v10_max_ansi_encoder_via/quantum/action.o
                0x0800b384                action_exec
 .text.process_record_tap_hint
                0x0800b3c0        0xe .build/obj_keychron_v10_max_ansi_encoder_via/quantum/action.o
                0x0800b3c0                process_record_tap_hint
 .text.register_mouse
                0x0800b3ce       0x16 .build/obj_keychron_v10_max_ansi_encoder_via/quantum/action.o
                0x0800b3ce                register_mouse
 .text.register_code
                0x0800b3e4       0x90 .build/obj_keychron_v10_max_ansi_encoder_via/quantum/action.o
                0x0800b3e4                register_code
 .text.unregister_code
                0x0800b474       0x72 .build/obj_keychron_v10_max_ansi_encoder_via/quantum/action.o
                0x0800b474                unregister_code
 .text.tap_code_delay
                0x0800b4e6       0x20 .build/obj_keychron_v10_max_ansi_encoder_via/quantum/action.o
                0x0800b4e6                tap_code_delay
 .text.tap_code
                0x0800b506       0x10 .build/obj_keychron_v10_max_ansi_encoder_via/quantum/action.o
                0x0800b506                tap_code
 .text.register_mods
                0x0800b516       0x12 .build/obj_keychron_v10_max_ansi_encoder_via/quantum/action.o
                0x0800b516                register_mods
 .text.unregister_mods
                0x0800b528       0x12 .build/obj_keychron_v10_max_ansi_encoder_via/quantum/action.o
                0x0800b528                unregister_mods
 *fill*         0x0800b53a        0x2 
 .text.process_action
                0x0800b53c      0x39c .build/obj_keychron_v10_max_ansi_encoder_via/quantum/action.o
                0x0800b53c                process_action
 .text.process_record_handler
                0x0800b8d8       0x22 .build/obj_keychron_v10_max_ansi_encoder_via/quantum/action.o
                0x0800b8d8                process_record_handler
 *fill*         0x0800b8fa        0x2 
 .text.process_record
                0x0800b8fc       0x3c .build/obj_keychron_v10_max_ansi_encoder_via/quantum/action.o
                0x0800b8fc                process_record
 .text.clear_keyboard_but_mods_and_keys
                0x0800b938       0x22 .build/obj_keychron_v10_max_ansi_encoder_via/quantum/action.o
                0x0800b938                clear_keyboard_but_mods_and_keys
 .text.clear_keyboard_but_mods
                0x0800b95a        0xe .build/obj_keychron_v10_max_ansi_encoder_via/quantum/action.o
                0x0800b95a                clear_keyboard_but_mods
 .text.clear_keyboard
                0x0800b968        0xe .build/obj_keychron_v10_max_ansi_encoder_via/quantum/action.o
                0x0800b968                clear_keyboard
 .text.is_tap_action
                0x0800b976       0x48 .build/obj_keychron_v10_max_ansi_encoder_via/quantum/action.o
                0x0800b976                is_tap_action
 .text.is_tap_record
                0x0800b9be       0x18 .build/obj_keychron_v10_max_ansi_encoder_via/quantum/action.o
                0x0800b9be                is_tap_record
 .text.debug_event
                0x0800b9d6        0xa .build/obj_keychron_v10_max_ansi_encoder_via/quantum/action.o
                0x0800b9d6                debug_event
 .text.debug_record
                0x0800b9e0        0xa .build/obj_keychron_v10_max_ansi_encoder_via/quantum/action.o
                0x0800b9e0                debug_record
 .text.default_layer_state_set_user
                0x0800b9ea        0x2 .build/obj_keychron_v10_max_ansi_encoder_via/quantum/action_layer.o
                0x0800b9ea                default_layer_state_set_user
 .text.default_layer_state_set_kb
                0x0800b9ec        0x8 .build/obj_keychron_v10_max_ansi_encoder_via/quantum/action_layer.o
                0x0800b9ec                default_layer_state_set_kb
 .text.default_layer_state_set
                0x0800b9f4       0x10 .build/obj_keychron_v10_max_ansi_encoder_via/quantum/action_layer.o
 .text.default_layer_debug
                0x0800ba04        0x2 .build/obj_keychron_v10_max_ansi_encoder_via/quantum/action_layer.o
                0x0800ba04                default_layer_debug
 .text.default_layer_set
                0x0800ba06        0x4 .build/obj_keychron_v10_max_ansi_encoder_via/quantum/action_layer.o
                0x0800ba06                default_layer_set
 *fill*         0x0800ba0a        0x2 
 .text.default_layer_or
                0x0800ba0c       0x10 .build/obj_keychron_v10_max_ansi_encoder_via/quantum/action_layer.o
                0x0800ba0c                default_layer_or
 .text.default_layer_and
                0x0800ba1c       0x10 .build/obj_keychron_v10_max_ansi_encoder_via/quantum/action_layer.o
                0x0800ba1c                default_layer_and
 .text.default_layer_xor
                0x0800ba2c       0x10 .build/obj_keychron_v10_max_ansi_encoder_via/quantum/action_layer.o
                0x0800ba2c                default_layer_xor
 .text.layer_state_set_user
                0x0800ba3c        0x2 .build/obj_keychron_v10_max_ansi_encoder_via/quantum/action_layer.o
                0x0800ba3c                layer_state_set_user
 .text.layer_state_set_kb
                0x0800ba3e        0x8 .build/obj_keychron_v10_max_ansi_encoder_via/quantum/action_layer.o
                0x0800ba3e                layer_state_set_kb
 *fill*         0x0800ba46        0x2 
 .text.layer_state_set
                0x0800ba48       0x10 .build/obj_keychron_v10_max_ansi_encoder_via/quantum/action_layer.o
                0x0800ba48                layer_state_set
 .text.layer_clear
                0x0800ba58        0x6 .build/obj_keychron_v10_max_ansi_encoder_via/quantum/action_layer.o
                0x0800ba58                layer_clear
 .text.layer_move
                0x0800ba5e        0xc .build/obj_keychron_v10_max_ansi_encoder_via/quantum/action_layer.o
                0x0800ba5e                layer_move
 *fill*         0x0800ba6a        0x2 
 .text.layer_on
                0x0800ba6c       0x18 .build/obj_keychron_v10_max_ansi_encoder_via/quantum/action_layer.o
                0x0800ba6c                layer_on
 .text.layer_off
                0x0800ba84       0x14 .build/obj_keychron_v10_max_ansi_encoder_via/quantum/action_layer.o
                0x0800ba84                layer_off
 .text.layer_invert
                0x0800ba98       0x18 .build/obj_keychron_v10_max_ansi_encoder_via/quantum/action_layer.o
                0x0800ba98                layer_invert
 .text.layer_or
                0x0800bab0       0x10 .build/obj_keychron_v10_max_ansi_encoder_via/quantum/action_layer.o
                0x0800bab0                layer_or
 .text.layer_and
                0x0800bac0       0x10 .build/obj_keychron_v10_max_ansi_encoder_via/quantum/action_layer.o
                0x0800bac0                layer_and
 .text.layer_xor
                0x0800bad0       0x10 .build/obj_keychron_v10_max_ansi_encoder_via/quantum/action_layer.o
                0x0800bad0                layer_xor
 .text.layer_debug
                0x0800bae0        0x2 .build/obj_keychron_v10_max_ansi_encoder_via/quantum/action_layer.o
                0x0800bae0                layer_debug
 .text.update_source_layers_cache_impl
                0x0800bae2       0x32 .build/obj_keychron_v10_max_ansi_encoder_via/quantum/action_layer.o
                0x0800bae2                update_source_layers_cache_impl
 .text.read_source_layers_cache_impl
                0x0800bb14       0x28 .build/obj_keychron_v10_max_ansi_encoder_via/quantum/action_layer.o
                0x0800bb14                read_source_layers_cache_impl
 .text.update_source_layers_cache
                0x0800bb3c       0x3c .build/obj_keychron_v10_max_ansi_encoder_via/quantum/action_layer.o
                0x0800bb3c                update_source_layers_cache
 .text.read_source_layers_cache
                0x0800bb78       0x3c .build/obj_keychron_v10_max_ansi_encoder_via/quantum/action_layer.o
                0x0800bb78                read_source_layers_cache
 .text.layer_switch_get_layer
                0x0800bbb4       0x44 .build/obj_keychron_v10_max_ansi_encoder_via/quantum/action_layer.o
                0x0800bbb4                layer_switch_get_layer
 .text.layer_switch_get_action
                0x0800bbf8       0x18 .build/obj_keychron_v10_max_ansi_encoder_via/quantum/action_layer.o
                0x0800bbf8                layer_switch_get_action
 .text.store_or_get_action
                0x0800bc10       0x48 .build/obj_keychron_v10_max_ansi_encoder_via/quantum/action_layer.o
                0x0800bc10                store_or_get_action
 .text.update_tri_layer_state
                0x0800bc58       0x22 .build/obj_keychron_v10_max_ansi_encoder_via/quantum/action_layer.o
                0x0800bc58                update_tri_layer_state
 *fill*         0x0800bc7a        0x2 
 .text.update_tri_layer
                0x0800bc7c       0x1c .build/obj_keychron_v10_max_ansi_encoder_via/quantum/action_layer.o
                0x0800bc7c                update_tri_layer
 .text.debug_waiting_buffer
                0x0800bc98       0x40 .build/obj_keychron_v10_max_ansi_encoder_via/quantum/action_tapping.o
 .text.debug_tapping_key
                0x0800bcd8       0x20 .build/obj_keychron_v10_max_ansi_encoder_via/quantum/action_tapping.o
 .text.waiting_buffer_scan_tap
                0x0800bcf8       0x84 .build/obj_keychron_v10_max_ansi_encoder_via/quantum/action_tapping.o
 .text.waiting_buffer_typed.isra.0
                0x0800bd7c       0x44 .build/obj_keychron_v10_max_ansi_encoder_via/quantum/action_tapping.o
 .text.process_tapping
                0x0800bdc0      0x248 .build/obj_keychron_v10_max_ansi_encoder_via/quantum/action_tapping.o
 .text.action_tapping_process
                0x0800c008       0xbc .build/obj_keychron_v10_max_ansi_encoder_via/quantum/action_tapping.o
                0x0800c008                action_tapping_process
 .text.get_oneshot_layer
                0x0800c0c4        0xc .build/obj_keychron_v10_max_ansi_encoder_via/quantum/action_util.o
                0x0800c0c4                get_oneshot_layer
 .text.get_oneshot_layer_state
                0x0800c0d0       0x10 .build/obj_keychron_v10_max_ansi_encoder_via/quantum/action_util.o
                0x0800c0d0                get_oneshot_layer_state
 .text.is_oneshot_layer_active
                0x0800c0e0       0x14 .build/obj_keychron_v10_max_ansi_encoder_via/quantum/action_util.o
                0x0800c0e0                is_oneshot_layer_active
 .text.get_mods
                0x0800c0f4        0xc .build/obj_keychron_v10_max_ansi_encoder_via/quantum/action_util.o
                0x0800c0f4                get_mods
 .text.add_mods
                0x0800c100       0x10 .build/obj_keychron_v10_max_ansi_encoder_via/quantum/action_util.o
                0x0800c100                add_mods
 .text.del_mods
                0x0800c110       0x10 .build/obj_keychron_v10_max_ansi_encoder_via/quantum/action_util.o
                0x0800c110                del_mods
 .text.clear_mods
                0x0800c120        0xc .build/obj_keychron_v10_max_ansi_encoder_via/quantum/action_util.o
                0x0800c120                clear_mods
 .text.add_weak_mods
                0x0800c12c       0x10 .build/obj_keychron_v10_max_ansi_encoder_via/quantum/action_util.o
                0x0800c12c                add_weak_mods
 .text.del_weak_mods
                0x0800c13c       0x10 .build/obj_keychron_v10_max_ansi_encoder_via/quantum/action_util.o
                0x0800c13c                del_weak_mods
 .text.clear_weak_mods
                0x0800c14c        0xc .build/obj_keychron_v10_max_ansi_encoder_via/quantum/action_util.o
                0x0800c14c                clear_weak_mods
 .text.oneshot_locked_mods_changed_user
                0x0800c158        0x2 .build/obj_keychron_v10_max_ansi_encoder_via/quantum/action_util.o
                0x0800c158                oneshot_locked_mods_changed_user
 .text.oneshot_locked_mods_changed_kb
                0x0800c15a        0x8 .build/obj_keychron_v10_max_ansi_encoder_via/quantum/action_util.o
                0x0800c15a                oneshot_locked_mods_changed_kb
 *fill*         0x0800c162        0x2 
 .text.del_oneshot_locked_mods
                0x0800c164       0x1c .build/obj_keychron_v10_max_ansi_encoder_via/quantum/action_util.o
                0x0800c164                del_oneshot_locked_mods
 .text.oneshot_mods_changed_user
                0x0800c180        0x2 .build/obj_keychron_v10_max_ansi_encoder_via/quantum/action_util.o
                0x0800c180                oneshot_mods_changed_user
 .text.oneshot_mods_changed_kb
                0x0800c182        0x8 .build/obj_keychron_v10_max_ansi_encoder_via/quantum/action_util.o
                0x0800c182                oneshot_mods_changed_kb
 *fill*         0x0800c18a        0x2 
 .text.add_oneshot_mods
                0x0800c18c       0x1c .build/obj_keychron_v10_max_ansi_encoder_via/quantum/action_util.o
                0x0800c18c                add_oneshot_mods
 .text.del_oneshot_mods
                0x0800c1a8       0x1c .build/obj_keychron_v10_max_ansi_encoder_via/quantum/action_util.o
                0x0800c1a8                del_oneshot_mods
 .text.clear_oneshot_mods
                0x0800c1c4       0x18 .build/obj_keychron_v10_max_ansi_encoder_via/quantum/action_util.o
                0x0800c1c4                clear_oneshot_mods
 .text.get_mods_for_report
                0x0800c1dc       0x30 .build/obj_keychron_v10_max_ansi_encoder_via/quantum/action_util.o
 .text.send_6kro_report
                0x0800c20c       0x38 .build/obj_keychron_v10_max_ansi_encoder_via/quantum/action_util.o
                0x0800c20c                send_6kro_report
 .text.send_nkro_report
                0x0800c244       0x38 .build/obj_keychron_v10_max_ansi_encoder_via/quantum/action_util.o
                0x0800c244                send_nkro_report
 .text.send_keyboard_report
                0x0800c27c       0x20 .build/obj_keychron_v10_max_ansi_encoder_via/quantum/action_util.o
                0x0800c27c                send_keyboard_report
 .text.oneshot_layer_changed_user
                0x0800c29c        0x2 .build/obj_keychron_v10_max_ansi_encoder_via/quantum/action_util.o
                0x0800c29c                oneshot_layer_changed_user
 .text.oneshot_layer_changed_kb
                0x0800c29e        0x8 .build/obj_keychron_v10_max_ansi_encoder_via/quantum/action_util.o
                0x0800c29e                oneshot_layer_changed_kb
 *fill*         0x0800c2a6        0x2 
 .text.set_oneshot_layer
                0x0800c2a8       0x30 .build/obj_keychron_v10_max_ansi_encoder_via/quantum/action_util.o
                0x0800c2a8                set_oneshot_layer
 .text.reset_oneshot_layer
                0x0800c2d8       0x14 .build/obj_keychron_v10_max_ansi_encoder_via/quantum/action_util.o
                0x0800c2d8                reset_oneshot_layer
 .text.clear_oneshot_layer_state
                0x0800c2ec       0x34 .build/obj_keychron_v10_max_ansi_encoder_via/quantum/action_util.o
                0x0800c2ec                clear_oneshot_layer_state
 .text.oneshot_set
                0x0800c320       0x2c .build/obj_keychron_v10_max_ansi_encoder_via/quantum/action_util.o
                0x0800c320                oneshot_set
 .text.oneshot_toggle
                0x0800c34c       0x14 .build/obj_keychron_v10_max_ansi_encoder_via/quantum/action_util.o
                0x0800c34c                oneshot_toggle
 .text.oneshot_enable
                0x0800c360        0x6 .build/obj_keychron_v10_max_ansi_encoder_via/quantum/action_util.o
                0x0800c360                oneshot_enable
 .text.oneshot_disable
                0x0800c366        0x6 .build/obj_keychron_v10_max_ansi_encoder_via/quantum/action_util.o
                0x0800c366                oneshot_disable
 .text.eeconfig_disable
                0x0800c36c       0x14 .build/obj_keychron_v10_max_ansi_encoder_via/quantum/eeconfig.o
                0x0800c36c                eeconfig_disable
 .text.eeconfig_is_enabled
                0x0800c380       0x1c .build/obj_keychron_v10_max_ansi_encoder_via/quantum/eeconfig.o
                0x0800c380                eeconfig_is_enabled
 .text.eeconfig_read_debug
                0x0800c39c        0x6 .build/obj_keychron_v10_max_ansi_encoder_via/quantum/eeconfig.o
                0x0800c39c                eeconfig_read_debug
 .text.eeconfig_read_default_layer
                0x0800c3a2        0x6 .build/obj_keychron_v10_max_ansi_encoder_via/quantum/eeconfig.o
                0x0800c3a2                eeconfig_read_default_layer
 .text.eeconfig_read_keymap
                0x0800c3a8        0x6 .build/obj_keychron_v10_max_ansi_encoder_via/quantum/eeconfig.o
                0x0800c3a8                eeconfig_read_keymap
 .text.eeconfig_update_keymap
                0x0800c3ae        0x8 .build/obj_keychron_v10_max_ansi_encoder_via/quantum/eeconfig.o
                0x0800c3ae                eeconfig_update_keymap
 .text.eeconfig_update_kb
                0x0800c3b6        0x8 .build/obj_keychron_v10_max_ansi_encoder_via/quantum/eeconfig.o
                0x0800c3b6                eeconfig_update_kb
 .text.eeconfig_update_user
                0x0800c3be        0x8 .build/obj_keychron_v10_max_ansi_encoder_via/quantum/eeconfig.o
                0x0800c3be                eeconfig_update_user
 .text.eeconfig_init_user
                0x0800c3c6        0x6 .build/obj_keychron_v10_max_ansi_encoder_via/quantum/eeconfig.o
                0x0800c3c6                eeconfig_init_user
 .text.eeconfig_init_kb
                0x0800c3cc        0xe .build/obj_keychron_v10_max_ansi_encoder_via/quantum/eeconfig.o
                0x0800c3cc                eeconfig_init_kb
 *fill*         0x0800c3da        0x2 
 .text.eeconfig_init_quantum
                0x0800c3dc       0x98 .build/obj_keychron_v10_max_ansi_encoder_via/quantum/eeconfig.o
                0x0800c3dc                eeconfig_init_quantum
 .text.eeconfig_init
                0x0800c474        0x4 .build/obj_keychron_v10_max_ansi_encoder_via/quantum/eeconfig.o
                0x0800c474                eeconfig_init
 .text.eeconfig_update_handedness
                0x0800c478        0x8 .build/obj_keychron_v10_max_ansi_encoder_via/quantum/eeconfig.o
                0x0800c478                eeconfig_update_handedness
 .text.generate_tick_event
                0x0800c480       0x34 .build/obj_keychron_v10_max_ansi_encoder_via/quantum/keyboard.o
 .text.last_matrix_activity_trigger
                0x0800c4b4       0x18 .build/obj_keychron_v10_max_ansi_encoder_via/quantum/keyboard.o
                0x0800c4b4                last_matrix_activity_trigger
 .text.last_encoder_activity_trigger
                0x0800c4cc       0x18 .build/obj_keychron_v10_max_ansi_encoder_via/quantum/keyboard.o
                0x0800c4cc                last_encoder_activity_trigger
 .text.matrix_setup
                0x0800c4e4        0x2 .build/obj_keychron_v10_max_ansi_encoder_via/quantum/keyboard.o
                0x0800c4e4                matrix_setup
 .text.keyboard_pre_init_user
                0x0800c4e6        0x2 .build/obj_keychron_v10_max_ansi_encoder_via/quantum/keyboard.o
                0x0800c4e6                keyboard_pre_init_user
 .text.keyboard_pre_init_kb
                0x0800c4e8        0x8 .build/obj_keychron_v10_max_ansi_encoder_via/quantum/keyboard.o
                0x0800c4e8                keyboard_pre_init_kb
 .text.keyboard_post_init_user
                0x0800c4f0        0x2 .build/obj_keychron_v10_max_ansi_encoder_via/quantum/keyboard.o
                0x0800c4f0                keyboard_post_init_user
 .text.matrix_can_read
                0x0800c4f2        0x4 .build/obj_keychron_v10_max_ansi_encoder_via/quantum/keyboard.o
                0x0800c4f2                matrix_can_read
 *fill*         0x0800c4f6        0x2 
 .text.keyboard_setup
                0x0800c4f8       0x1c .build/obj_keychron_v10_max_ansi_encoder_via/quantum/keyboard.o
                0x0800c4f8                keyboard_setup
 .text.is_keyboard_master
                0x0800c514        0x4 .build/obj_keychron_v10_max_ansi_encoder_via/quantum/keyboard.o
                0x0800c514                is_keyboard_master
 .text.should_process_keypress
                0x0800c518        0x8 .build/obj_keychron_v10_max_ansi_encoder_via/quantum/keyboard.o
                0x0800c518                should_process_keypress
 .text.housekeeping_task_user
                0x0800c520        0x2 .build/obj_keychron_v10_max_ansi_encoder_via/quantum/keyboard.o
                0x0800c520                housekeeping_task_user
 .text.housekeeping_task
                0x0800c522        0xc .build/obj_keychron_v10_max_ansi_encoder_via/quantum/keyboard.o
                0x0800c522                housekeeping_task
 .text.quantum_init
                0x0800c52e       0x12 .build/obj_keychron_v10_max_ansi_encoder_via/quantum/keyboard.o
                0x0800c52e                quantum_init
 .text.keyboard_init
                0x0800c540       0x20 .build/obj_keychron_v10_max_ansi_encoder_via/quantum/keyboard.o
                0x0800c540                keyboard_init
 .text.quantum_task
                0x0800c560        0x6 .build/obj_keychron_v10_max_ansi_encoder_via/quantum/keyboard.o
                0x0800c560                quantum_task
 *fill*         0x0800c566        0x2 
 .text.keyboard_task
                0x0800c568       0xf8 .build/obj_keychron_v10_max_ansi_encoder_via/quantum/keyboard.o
                0x0800c568                keyboard_task
 .text.action_for_keycode
                0x0800c660      0x1b0 .build/obj_keychron_v10_max_ansi_encoder_via/quantum/keymap_common.o
                0x0800c660                action_for_keycode
 .text.keymap_key_to_keycode
                0x0800c810       0x3a .build/obj_keychron_v10_max_ansi_encoder_via/quantum/keymap_common.o
                0x0800c810                keymap_key_to_keycode
 .text.action_for_key
                0x0800c84a       0x16 .build/obj_keychron_v10_max_ansi_encoder_via/quantum/keymap_common.o
                0x0800c84a                action_for_key
 .text.keycode_config
                0x0800c860      0x108 .build/obj_keychron_v10_max_ansi_encoder_via/quantum/keycode_config.o
                0x0800c860                keycode_config
 .text.mod_config
                0x0800c968       0xc4 .build/obj_keychron_v10_max_ansi_encoder_via/quantum/keycode_config.o
                0x0800c968                mod_config
 .text.sendchar
                0x0800ca2c        0x4 .build/obj_keychron_v10_max_ansi_encoder_via/quantum/logging/sendchar.o
                0x0800ca2c                sendchar
 .text.null_sendchar_func
                0x0800ca30        0x4 .build/obj_keychron_v10_max_ansi_encoder_via/quantum/logging/print.o
 .text.print_set_sendchar
                0x0800ca34        0xc .build/obj_keychron_v10_max_ansi_encoder_via/quantum/logging/print.o
                0x0800ca34                print_set_sendchar
 .text.bootmagic_lite_reset_eeprom
                0x0800ca40        0x4 .build/obj_keychron_v10_max_ansi_encoder_via/quantum/bootmagic/bootmagic_lite.o
                0x0800ca40                bootmagic_lite_reset_eeprom
 .text.bootmagic_lite
                0x0800ca44       0x2a .build/obj_keychron_v10_max_ansi_encoder_via/quantum/bootmagic/bootmagic_lite.o
                0x0800ca44                bootmagic_lite
 .text.bootmagic
                0x0800ca6e        0x8 .build/obj_keychron_v10_max_ansi_encoder_via/quantum/bootmagic/bootmagic_lite.o
                0x0800ca6e                bootmagic
 *fill*         0x0800ca76        0x2 
 .text.magic    0x0800ca78       0x40 .build/obj_keychron_v10_max_ansi_encoder_via/quantum/bootmagic/magic.o
                0x0800ca78                magic
 .text.matrix_init_user
                0x0800cab8        0x2 .build/obj_keychron_v10_max_ansi_encoder_via/quantum/matrix_common.o
                0x0800cab8                matrix_init_user
 .text.matrix_init_kb
                0x0800caba        0x8 .build/obj_keychron_v10_max_ansi_encoder_via/quantum/matrix_common.o
                0x0800caba                matrix_init_kb
 .text.matrix_scan_user
                0x0800cac2        0x2 .build/obj_keychron_v10_max_ansi_encoder_via/quantum/matrix_common.o
                0x0800cac2                matrix_scan_user
 .text.matrix_scan_kb
                0x0800cac4        0x8 .build/obj_keychron_v10_max_ansi_encoder_via/quantum/matrix_common.o
                0x0800cac4                matrix_scan_kb
 .text.matrix_get_row
                0x0800cacc        0xc .build/obj_keychron_v10_max_ansi_encoder_via/quantum/matrix_common.o
                0x0800cacc                matrix_get_row
 .text.matrix_print
                0x0800cad8        0x2 .build/obj_keychron_v10_max_ansi_encoder_via/quantum/matrix_common.o
                0x0800cad8                matrix_print
 .text.matrix_io_delay
                0x0800cada        0x8 .build/obj_keychron_v10_max_ansi_encoder_via/quantum/matrix_common.o
                0x0800cada                matrix_io_delay
 .text.matrix_output_select_delay
                0x0800cae2       0x1a .build/obj_keychron_v10_max_ansi_encoder_via/quantum/matrix_common.o
                0x0800cae2                matrix_output_select_delay
 .text.matrix_output_unselect_delay
                0x0800cafc        0x8 .build/obj_keychron_v10_max_ansi_encoder_via/quantum/matrix_common.o
                0x0800cafc                matrix_output_unselect_delay
 .text.setPinInputHigh_atomic
                0x0800cb04       0x22 .build/obj_keychron_v10_max_ansi_encoder_via/quantum/matrix.o
 *fill*         0x0800cb26        0x2 
 .text.matrix_init_pins
                0x0800cb28       0x3c .build/obj_keychron_v10_max_ansi_encoder_via/quantum/matrix.o
                0x0800cb28                matrix_init_pins
 .text.matrix_read_rows_on_col
                0x0800cb64       0x9c .build/obj_keychron_v10_max_ansi_encoder_via/quantum/matrix.o
                0x0800cb64                matrix_read_rows_on_col
 .text.matrix_init
                0x0800cc00       0x30 .build/obj_keychron_v10_max_ansi_encoder_via/quantum/matrix.o
                0x0800cc00                matrix_init
 .text.matrix_scan
                0x0800cc30       0x68 .build/obj_keychron_v10_max_ansi_encoder_via/quantum/matrix.o
                0x0800cc30                matrix_scan
 .text.debounce_init
                0x0800cc98       0x34 .build/obj_keychron_v10_max_ansi_encoder_via/quantum/debounce/sym_eager_pk.o
                0x0800cc98                debounce_init
 .text.debounce_free
                0x0800cccc       0x14 .build/obj_keychron_v10_max_ansi_encoder_via/quantum/debounce/sym_eager_pk.o
                0x0800cccc                debounce_free
 .text.debounce
                0x0800cce0      0x134 .build/obj_keychron_v10_max_ansi_encoder_via/quantum/debounce/sym_eager_pk.o
                0x0800cce0                debounce
 .text.protocol_init
                0x0800ce14       0x12 .build/obj_keychron_v10_max_ansi_encoder_via/quantum/main.o
                0x0800ce14                protocol_init
 .text.protocol_task
                0x0800ce26       0x12 .build/obj_keychron_v10_max_ansi_encoder_via/quantum/main.o
                0x0800ce26                protocol_task
 .text.startup.main
                0x0800ce38       0x1c .build/obj_keychron_v10_max_ansi_encoder_via/quantum/main.o
                0x0800ce38                main
 .text.eeprom_read_byte
                0x0800ce54       0x1c .build/obj_keychron_v10_max_ansi_encoder_via/eeprom_driver.o
                0x0800ce54                eeprom_read_byte
 .text.eeprom_read_word
                0x0800ce70       0x1c .build/obj_keychron_v10_max_ansi_encoder_via/eeprom_driver.o
                0x0800ce70                eeprom_read_word
 .text.eeprom_read_dword
                0x0800ce8c       0x18 .build/obj_keychron_v10_max_ansi_encoder_via/eeprom_driver.o
                0x0800ce8c                eeprom_read_dword
 .text.eeprom_write_byte
                0x0800cea4       0x16 .build/obj_keychron_v10_max_ansi_encoder_via/eeprom_driver.o
                0x0800cea4                eeprom_write_byte
 .text.eeprom_write_word
                0x0800ceba       0x16 .build/obj_keychron_v10_max_ansi_encoder_via/eeprom_driver.o
                0x0800ceba                eeprom_write_word
 .text.eeprom_write_dword
                0x0800ced0       0x14 .build/obj_keychron_v10_max_ansi_encoder_via/eeprom_driver.o
                0x0800ced0                eeprom_write_dword
 .text.eeprom_update_block
                0x0800cee4       0x34 .build/obj_keychron_v10_max_ansi_encoder_via/eeprom_driver.o
                0x0800cee4                eeprom_update_block
 .text.eeprom_update_byte
                0x0800cf18       0x1c .build/obj_keychron_v10_max_ansi_encoder_via/eeprom_driver.o
                0x0800cf18                eeprom_update_byte
 .text.eeprom_update_word
                0x0800cf34       0x1c .build/obj_keychron_v10_max_ansi_encoder_via/eeprom_driver.o
                0x0800cf34                eeprom_update_word
 .text.eeprom_update_dword
                0x0800cf50       0x1c .build/obj_keychron_v10_max_ansi_encoder_via/eeprom_driver.o
                0x0800cf50                eeprom_update_dword
 .text.eeprom_driver_init
                0x0800cf6c        0x4 .build/obj_keychron_v10_max_ansi_encoder_via/eeprom_wear_leveling.o
                0x0800cf6c                eeprom_driver_init
 .text.eeprom_driver_erase
                0x0800cf70        0x4 .build/obj_keychron_v10_max_ansi_encoder_via/eeprom_wear_leveling.o
                0x0800cf70                eeprom_driver_erase
 .text.eeprom_read_block
                0x0800cf74        0xa .build/obj_keychron_v10_max_ansi_encoder_via/eeprom_wear_leveling.o
                0x0800cf74                eeprom_read_block
 .text.eeprom_write_block
                0x0800cf7e        0xa .build/obj_keychron_v10_max_ansi_encoder_via/eeprom_wear_leveling.o
                0x0800cf7e                eeprom_write_block
 .text.wear_leveling_clear_cache
                0x0800cf88       0x20 .build/obj_keychron_v10_max_ansi_encoder_via/wear_leveling.o
 .text.wear_leveling_unlock
                0x0800cfa8       0x20 .build/obj_keychron_v10_max_ansi_encoder_via/wear_leveling.o
 .text.wear_leveling_lock
                0x0800cfc8       0x24 .build/obj_keychron_v10_max_ansi_encoder_via/wear_leveling.o
 .text.wear_leveling_erase
                0x0800cfec       0x32 .build/obj_keychron_v10_max_ansi_encoder_via/wear_leveling.o
                0x0800cfec                wear_leveling_erase
 *fill*         0x0800d01e        0x2 
 .text.wear_leveling_read
                0x0800d020       0x24 .build/obj_keychron_v10_max_ansi_encoder_via/wear_leveling.o
                0x0800d020                wear_leveling_read
 .text.backing_store_read_bulk
                0x0800d044       0x26 .build/obj_keychron_v10_max_ansi_encoder_via/wear_leveling.o
                0x0800d044                backing_store_read_bulk
 .text.backing_store_write_bulk
                0x0800d06a       0x26 .build/obj_keychron_v10_max_ansi_encoder_via/wear_leveling.o
                0x0800d06a                backing_store_write_bulk
 .text.wear_leveling_consolidate_force
                0x0800d090       0x6c .build/obj_keychron_v10_max_ansi_encoder_via/wear_leveling.o
 .text.wear_leveling_consolidate_if_needed
                0x0800d0fc       0x18 .build/obj_keychron_v10_max_ansi_encoder_via/wear_leveling.o
 .text.wear_leveling_append_raw
                0x0800d114       0x28 .build/obj_keychron_v10_max_ansi_encoder_via/wear_leveling.o
 .text.wear_leveling_write
                0x0800d13c       0xc4 .build/obj_keychron_v10_max_ansi_encoder_via/wear_leveling.o
                0x0800d13c                wear_leveling_write
 .text.wear_leveling_init
                0x0800d200      0x104 .build/obj_keychron_v10_max_ansi_encoder_via/wear_leveling.o
                0x0800d200                wear_leveling_init
 .text.backing_store_unlock
                0x0800d304       0x18 .build/obj_keychron_v10_max_ansi_encoder_via/wear_leveling_efl.o
                0x0800d304                backing_store_unlock
 .text.backing_store_erase
                0x0800d31c       0x4c .build/obj_keychron_v10_max_ansi_encoder_via/wear_leveling_efl.o
                0x0800d31c                backing_store_erase
 .text.backing_store_write
                0x0800d368       0x2c .build/obj_keychron_v10_max_ansi_encoder_via/wear_leveling_efl.o
                0x0800d368                backing_store_write
 .text.backing_store_lock
                0x0800d394       0x10 .build/obj_keychron_v10_max_ansi_encoder_via/wear_leveling_efl.o
                0x0800d394                backing_store_lock
 .text.backing_store_init
                0x0800d3a4       0x98 .build/obj_keychron_v10_max_ansi_encoder_via/wear_leveling_efl.o
                0x0800d3a4                backing_store_init
 .text.backing_store_read
                0x0800d43c       0x44 .build/obj_keychron_v10_max_ansi_encoder_via/wear_leveling_efl.o
                0x0800d43c                backing_store_read
 .text.hsv_to_rgb_impl
                0x0800d480       0xc4 .build/obj_keychron_v10_max_ansi_encoder_via/quantum/color.o
                0x0800d480                hsv_to_rgb_impl
 .text.hsv_to_rgb
                0x0800d544        0xa .build/obj_keychron_v10_max_ansi_encoder_via/quantum/color.o
                0x0800d544                hsv_to_rgb
 .text.sqrt16   0x0800d54e       0x44 .build/obj_keychron_v10_max_ansi_encoder_via/quantum/rgb_matrix/rgb_matrix.o
 *fill*         0x0800d592        0x2 
 .text.random8  0x0800d594       0x20 .build/obj_keychron_v10_max_ansi_encoder_via/quantum/rgb_matrix/rgb_matrix.o