Archive member included to satisfy reference by file (symbol)

.build/obj_keychron_v10_max_ansi_encoder_default/spi_master.a(spi_master.o)
                              .build/obj_keychron_v10_max_ansi_encoder_default/snled27351-spi.o (symbol from plugin) (spi_init)
/Users/dexter/Library/Application Support/qmk/bin/../lib/gcc/arm-none-eabi/15.2.0/../../../../arm-none-eabi/lib/thumb/v7e-m+fp/hard/libg_nano.a(libc_a-itoa.o)
                              .build/obj_keychron_v10_max_ansi_encoder_default/common/keychron_common.o (symbol from plugin) (itoa)
/Users/dexter/Library/Application Support/qmk/bin/../lib/gcc/arm-none-eabi/15.2.0/../../../../arm-none-eabi/lib/thumb/v7e-m+fp/hard/libg_nano.a(libc_a-rand.o)
                              .build/obj_keychron_v10_max_ansi_encoder_default/quantum/rgb_matrix/rgb_matrix.o (symbol from plugin) (rand)
/Users/dexter/Library/Application Support/qmk/bin/../lib/gcc/arm-none-eabi/15.2.0/../../../../arm-none-eabi/lib/thumb/v7e-m+fp/hard/libg_nano.a(libc_a-utoa.o)
                              /Users/dexter/Library/Application Support/qmk/bin/../lib/gcc/arm-none-eabi/15.2.0/../../../../arm-none-eabi/lib/thumb/v7e-m+fp/hard/libg_nano.a(libc_a-itoa.o) (__utoa)
/Users/dexter/Library/Application Support/qmk/bin/../lib/gcc/arm-none-eabi/15.2.0/../../../../arm-none-eabi/lib/thumb/v7e-m+fp/hard/libg_nano.a(libc_a-ctype_.o)
                              .build/obj_keychron_v10_max_ansi_encoder_default/quantum/send_string/send_string.o (symbol from plugin) (_ctype_)
/Users/dexter/Library/Application Support/qmk/bin/../lib/gcc/arm-none-eabi/15.2.0/../../../../arm-none-eabi/lib/thumb/v7e-m+fp/hard/libg_nano.a(libc_a-impure.o)
                              /Users/dexter/Library/Application Support/qmk/bin/../lib/gcc/arm-none-eabi/15.2.0/../../../../arm-none-eabi/lib/thumb/v7e-m+fp/hard/libg_nano.a(libc_a-rand.o) (_impure_ptr)
/Users/dexter/Library/Application Support/qmk/bin/../lib/gcc/arm-none-eabi/15.2.0/../../../../arm-none-eabi/lib/thumb/v7e-m+fp/hard/libg_nano.a(libc_a-errno.o)
                              .build/obj_keychron_v10_max_ansi_encoder_default/platforms/chibios/syscall-fallbacks.o (symbol from plugin) (__errno)
/Users/dexter/Library/Application Support/qmk/bin/../lib/gcc/arm-none-eabi/15.2.0/../../../../arm-none-eabi/lib/thumb/v7e-m+fp/hard/libg_nano.a(libc_a-assert.o)
                              /Users/dexter/Library/Application Support/qmk/bin/../lib/gcc/arm-none-eabi/15.2.0/../../../../arm-none-eabi/lib/thumb/v7e-m+fp/hard/libg_nano.a(libc_a-rand.o) (__assert_func)
/Users/dexter/Library/Application Support/qmk/bin/../lib/gcc/arm-none-eabi/15.2.0/../../../../arm-none-eabi/lib/thumb/v7e-m+fp/hard/libg_nano.a(libc_a-malloc.o)
                              /Users/dexter/Library/Application Support/qmk/bin/../lib/gcc/arm-none-eabi/15.2.0/../../../../arm-none-eabi/lib/thumb/v7e-m+fp/hard/libg_nano.a(libc_a-rand.o) (malloc)
/Users/dexter/Library/Application Support/qmk/bin/../lib/gcc/arm-none-eabi/15.2.0/../../../../arm-none-eabi/lib/thumb/v7e-m+fp/hard/libg_nano.a(libc_a-mallocr.o)
                              /Users/dexter/Library/Application Support/qmk/bin/../lib/gcc/arm-none-eabi/15.2.0/../../../../arm-none-eabi/lib/thumb/v7e-m+fp/hard/libg_nano.a(libc_a-malloc.o) (_malloc_r)
/Users/dexter/Library/Application Support/qmk/bin/../lib/gcc/arm-none-eabi/15.2.0/../../../../arm-none-eabi/lib/thumb/v7e-m+fp/hard/libg_nano.a(libc_a-mlock.o)
                              /Users/dexter/Library/Application Support/qmk/bin/../lib/gcc/arm-none-eabi/15.2.0/../../../../arm-none-eabi/lib/thumb/v7e-m+fp/hard/libg_nano.a(libc_a-mallocr.o) (__malloc_lock)
/Users/dexter/Library/Application Support/qmk/bin/../lib/gcc/arm-none-eabi/15.2.0/../../../../arm-none-eabi/lib/thumb/v7e-m+fp/hard/libg_nano.a(libc_a-fprintf.o)
                              /Users/dexter/Library/Application Support/qmk/bin/../lib/gcc/arm-none-eabi/15.2.0/../../../../arm-none-eabi/lib/thumb/v7e-m+fp/hard/libg_nano.a(libc_a-assert.o) (fiprintf)
/Users/dexter/Library/Application Support/qmk/bin/../lib/gcc/arm-none-eabi/15.2.0/../../../../arm-none-eabi/lib/thumb/v7e-m+fp/hard/libg_nano.a(libc_a-abort.o)
                              /Users/dexter/Library/Application Support/qmk/bin/../lib/gcc/arm-none-eabi/15.2.0/../../../../arm-none-eabi/lib/thumb/v7e-m+fp/hard/libg_nano.a(libc_a-assert.o) (abort)
/Users/dexter/Library/Application Support/qmk/bin/../lib/gcc/arm-none-eabi/15.2.0/../../../../arm-none-eabi/lib/thumb/v7e-m+fp/hard/libg_nano.a(libc_a-freer.o)
                              /Users/dexter/Library/Application Support/qmk/bin/../lib/gcc/arm-none-eabi/15.2.0/../../../../arm-none-eabi/lib/thumb/v7e-m+fp/hard/libg_nano.a(libc_a-malloc.o) (_free_r)
/Users/dexter/Library/Application Support/qmk/bin/../lib/gcc/arm-none-eabi/15.2.0/../../../../arm-none-eabi/lib/thumb/v7e-m+fp/hard/libg_nano.a(libc_a-nano-vfprintf.o)
[...]
Memory Configuration

Name             Origin             Length             Attributes
flash0           0x08000000         0x00004000         xr
flash1           0x08004000         0x00004000         xr
flash2           0x08008000         0x00038000         xr
flash3           0x00000000         0x00000000         xr
flash4           0x00000000         0x00000000         xr
flash5           0x00000000         0x00000000         xr
flash6           0x00000000         0x00000000         xr
flash7           0x00000000         0x00000000         xr
ram0             0x20000000         0x00010000         xw
ram1             0x00000000         0x00000000         xw
ram2             0x00000000         0x00000000         xw
ram3             0x00000000         0x00000000         xw
ram4             0x00000000         0x00000000         xw
ram5             0x00000000         0x00000000         xw
ram6             0x00000000         0x00000000         xw
ram7             0x00000000         0x00000000         xw
*default*        0x00000000         0xffffffff

Linker script and memory map

LOAD .build/obj_keychron_v10_max_ansi_encoder_default/common/wireless/wireless.o
LOAD /var/folders/r7/6nlyyqdj6wvczsb3fx0h8vhh0000gn/T//ccDr3THD.ltrans0.ltrans.o
LOAD /var/folders/r7/6nlyyqdj6wvczsb3fx0h8vhh0000gn/T//ccDr3THD.ltrans1.ltrans.o
LOAD /var/folders/r7/6nlyyqdj6wvczsb3fx0h8vhh0000gn/T//ccskuwOe.debug.temp.o
LOAD /var/folders/r7/6nlyyqdj6wvczsb3fx0h8vhh0000gn/T//cckeFqfj.debug.temp.o
LOAD /var/folders/r7/6nlyyqdj6wvczsb3fx0h8vhh0000gn/T//ccdBiZtL.debug.temp.o
LOAD /var/folders/r7/6nlyyqdj6wvczsb3fx0h8vhh0000gn/T//cchFFlqK.debug.temp.o
LOAD /var/folders/r7/6nlyyqdj6wvczsb3fx0h8vhh0000gn/T//cckw74Gq.debug.temp.o
LOAD /var/folders/r7/6nlyyqdj6wvczsb3fx0h8vhh0000gn/T//cc4ykWwL.debug.temp.o
LOAD /var/folders/r7/6nlyyqdj6wvczsb3fx0h8vhh0000gn/T//ccT8XmJT.debug.temp.o
LOAD /var/folders/r7/6nlyyqdj6wvczsb3fx0h8vhh0000gn/T//ccfJQQ34.debug.temp.o
LOAD /var/folders/r7/6nlyyqdj6wvczsb3fx0h8vhh0000gn/T//ccu0sPsR.debug.temp.o
LOAD /var/folders/r7/6nlyyqdj6wvczsb3fx0h8vhh0000gn/T//ccMrg4Ht.debug.temp.o
LOAD /var/folders/r7/6nlyyqdj6wvczsb3fx0h8vhh0000gn/T//ccKs0SVP.debug.temp.o
LOAD /var/folders/r7/6nlyyqdj6wvczsb3fx0h8vhh0000gn/T//ccUVkmwe.debug.temp.o
LOAD /var/folders/r7/6nlyyqdj6wvczsb3fx0h8vhh0000gn/T//cca2DmP3.debug.temp.o
LOAD /var/folders/r7/6nlyyqdj6wvczsb3fx0h8vhh0000gn/T//ccNpWp6F.debug.temp.o
LOAD /var/folders/r7/6nlyyqdj6wvczsb3fx0h8vhh0000gn/T//ccXeFJA2.debug.temp.o
LOAD /var/folders/r7/6nlyyqdj6wvczsb3fx0h8vhh0000gn/T//ccR2qAdf.debug.temp.o
LOAD /var/folders/r7/6nlyyqdj6wvczsb3fx0h8vhh0000gn/T//ccJhPWSa.debug.temp.o
LOAD /var/folders/r7/6nlyyqdj6wvczsb3fx0h8vhh0000gn/T//cclNNHXX.debug.temp.o
LOAD /var/folders/r7/6nlyyqdj6wvczsb3fx0h8vhh0000gn/T//ccxkX735.debug.temp.o
LOAD /var/folders/r7/6nlyyqdj6wvczsb3fx0h8vhh0000gn/T//cc5m9svM.debug.temp.o
LOAD /var/folders/r7/6nlyyqdj6wvczsb3fx0h8vhh0000gn/T//ccEHwnTN.debug.temp.o
LOAD /var/folders/r7/6nlyyqdj6wvczsb3fx0h8vhh0000gn/T//ccmqCIc3.debug.temp.o
LOAD /var/folders/r7/6nlyyqdj6wvczsb3fx0h8vhh0000gn/T//cc08tk4P.debug.temp.o
LOAD /var/folders/r7/6nlyyqdj6wvczsb3fx0h8vhh0000gn/T//ccijK6Td.debug.temp.o
LOAD /var/folders/r7/6nlyyqdj6wvczsb3fx0h8vhh0000gn/T//ccSuG5WD.debug.temp.o
LOAD /var/folders/r7/6nlyyqdj6wvczsb3fx0h8vhh0000gn/T//ccG6GbY7.debug.temp.o
LOAD /var/folders/r7/6nlyyqdj6wvczsb3fx0h8vhh0000gn/T//ccLuMu5y.debug.temp.o
LOAD /var/folders/r7/6nlyyqdj6wvczsb3fx0h8vhh0000gn/T//cccEbF2i.debug.temp.o
LOAD /var/folders/r7/6nlyyqdj6wvczsb3fx0h8vhh0000gn/T//ccSxdOlN.debug.temp.o
LOAD /var/folders/r7/6nlyyqdj6wvczsb3fx0h8vhh0000gn/T//ccUdgGzO.debug.temp.o
LOAD /var/folders/r7/6nlyyqdj6wvczsb3fx0h8vhh0000gn/T//ccLK983Q.debug.temp.o
LOAD /var/folders/r7/6nlyyqdj6wvczsb3fx0h8vhh0000gn/T//ccxAPPrX.debug.temp.o
LOAD /var/folders/r7/6nlyyqdj6wvczsb3fx0h8vhh0000gn/T//ccdiLsXB.debug.temp.o
LOAD /var/folders/r7/6nlyyqdj6wvczsb3fx0h8vhh0000gn/T//cc2oZExK.debug.temp.o
LOAD /var/folders/r7/6nlyyqdj6wvczsb3fx0h8vhh0000gn/T//ccCXM8iU.debug.temp.o
LOAD /var/folders/r7/6nlyyqdj6wvczsb3fx0h8vhh0000gn/T//cc0UUVd3.debug.temp.o
LOAD /var/folders/r7/6nlyyqdj6wvczsb3fx0h8vhh0000gn/T//ccO7B1bI.debug.temp.o
LOAD /var/folders/r7/6nlyyqdj6wvczsb3fx0h8vhh0000gn/T//ccfhQVuM.debug.temp.o
LOAD /var/folders/r7/6nlyyqdj6wvczsb3fx0h8vhh0000gn/T//ccnC7aIi.debug.temp.o
LOAD /var/folders/r7/6nlyyqdj6wvczsb3fx0h8vhh0000gn/T//ccDdQ2tg.debug.temp.o
LOAD /var/folders/r7/6nlyyqdj6wvczsb3fx0h8vhh0000gn/T//ccOLxDyR.debug.temp.o
LOAD /var/folders/r7/6nlyyqdj6wvczsb3fx0h8vhh0000gn/T//cc1Zsp5d.debug.temp.o
LOAD /var/folders/r7/6nlyyqdj6wvczsb3fx0h8vhh0000gn/T//cco6OVNL.debug.temp.o
LOAD /var/folders/r7/6nlyyqdj6wvczsb3fx0h8vhh0000gn/T//ccMjKtvU.debug.temp.o
LOAD /var/folders/r7/6nlyyqdj6wvczsb3fx0h8vhh0000gn/T//ccMWXmXA.debug.temp.o
LOAD /var/folders/r7/6nlyyqdj6wvczsb3fx0h8vhh0000gn/T//ccSd1GZY.debug.temp.o
LOAD /var/folders/r7/6nlyyqdj6wvczsb3fx0h8vhh0000gn/T//ccem1yTu.debug.temp.o
LOAD /var/folders/r7/6nlyyqdj6wvczsb3fx0h8vhh0000gn/T//cc9NH77Q.debug.temp.o
LOAD /var/folders/r7/6nlyyqdj6wvczsb3fx0h8vhh0000gn/T//ccRmm74C.debug.temp.o
LOAD /var/folders/r7/6nlyyqdj6wvczsb3fx0h8vhh0000gn/T//ccHjNPwu.debug.temp.o
LOAD /var/folders/r7/6nlyyqdj6wvczsb3fx0h8vhh0000gn/T//ccNlYkBP.debug.temp.o
LOAD /var/folders/r7/6nlyyqdj6wvczsb3fx0h8vhh0000gn/T//cc5Clpfs.debug.temp.o
LOAD /var/folders/r7/6nlyyqdj6wvczsb3fx0h8vhh0000gn/T//cckYFm4a.debug.temp.o
LOAD /var/folders/r7/6nlyyqdj6wvczsb3fx0h8vhh0000gn/T//ccJhSNh8.debug.temp.o
LOAD /var/folders/r7/6nlyyqdj6wvczsb3fx0h8vhh0000gn/T//ccKngT6i.debug.temp.o
LOAD /var/folders/r7/6nlyyqdj6wvczsb3fx0h8vhh0000gn/T//cc5wKTeB.debug.temp.o
LOAD /var/folders/r7/6nlyyqdj6wvczsb3fx0h8vhh0000gn/T//cceFczsy.debug.temp.o
LOAD /var/folders/r7/6nlyyqdj6wvczsb3fx0h8vhh0000gn/T//ccZqGRRN.debug.temp.o
LOAD /var/folders/r7/6nlyyqdj6wvczsb3fx0h8vhh0000gn/T//ccvZIPlp.debug.temp.o
LOAD /var/folders/r7/6nlyyqdj6wvczsb3fx0h8vhh0000gn/T//ccRliAJ2.debug.temp.o
LOAD /var/folders/r7/6nlyyqdj6wvczsb3fx0h8vhh0000gn/T//cckgNold.debug.temp.o
LOAD /var/folders/r7/6nlyyqdj6wvczsb3fx0h8vhh0000gn/T//cczXWXpZ.debug.temp.o
LOAD /var/folders/r7/6nlyyqdj6wvczsb3fx0h8vhh0000gn/T//ccjOgYiB.debug.temp.o
LOAD /var/folders/r7/6nlyyqdj6wvczsb3fx0h8vhh0000gn/T//cc6QfAX2.debug.temp.o
LOAD /var/folders/r7/6nlyyqdj6wvczsb3fx0h8vhh0000gn/T//ccBLGHgR.debug.temp.o
LOAD /var/folders/r7/6nlyyqdj6wvczsb3fx0h8vhh0000gn/T//ccOdc0UX.debug.temp.o
LOAD /var/folders/r7/6nlyyqdj6wvczsb3fx0h8vhh0000gn/T//cc1j1LFm.debug.temp.o
LOAD /var/folders/r7/6nlyyqdj6wvczsb3fx0h8vhh0000gn/T//ccLrIgZX.debug.temp.o
LOAD /var/folders/r7/6nlyyqdj6wvczsb3fx0h8vhh0000gn/T//ccYhjcsU.debug.temp.o
LOAD /var/folders/r7/6nlyyqdj6wvczsb3fx0h8vhh0000gn/T//ccL2eLN0.debug.temp.o
LOAD /var/folders/r7/6nlyyqdj6wvczsb3fx0h8vhh0000gn/T//ccnH8Mn1.debug.temp.o
LOAD /var/folders/r7/6nlyyqdj6wvczsb3fx0h8vhh0000gn/T//ccBSG37U.debug.temp.o
LOAD /var/folders/r7/6nlyyqdj6wvczsb3fx0h8vhh0000gn/T//ccP1Prr3.debug.temp.o
LOAD /var/folders/r7/6nlyyqdj6wvczsb3fx0h8vhh0000gn/T//ccGiCJFI.debug.temp.o
LOAD /var/folders/r7/6nlyyqdj6wvczsb3fx0h8vhh0000gn/T//cc1JwnFI.debug.temp.o
LOAD /var/folders/r7/6nlyyqdj6wvczsb3fx0h8vhh0000gn/T//ccVt8um9.debug.temp.o
LOAD /var/folders/r7/6nlyyqdj6wvczsb3fx0h8vhh0000gn/T//ccFSrPcf.debug.temp.o
LOAD /var/folders/r7/6nlyyqdj6wvczsb3fx0h8vhh0000gn/T//ccQEuLo1.debug.temp.o
LOAD /var/folders/r7/6nlyyqdj6wvczsb3fx0h8vhh0000gn/T//ccQHVNAe.debug.temp.o
LOAD /var/folders/r7/6nlyyqdj6wvczsb3fx0h8vhh0000gn/T//ccTYIGnK.debug.temp.o
LOAD /var/folders/r7/6nlyyqdj6wvczsb3fx0h8vhh0000gn/T//cccG0ul7.debug.temp.o
LOAD /var/folders/r7/6nlyyqdj6wvczsb3fx0h8vhh0000gn/T//cct2XeIY.debug.temp.o
LOAD /var/folders/r7/6nlyyqdj6wvczsb3fx0h8vhh0000gn/T//ccfAaJxV.debug.temp.o
LOAD /var/folders/r7/6nlyyqdj6wvczsb3fx0h8vhh0000gn/T//ccRBdJjw.debug.temp.o
LOAD /var/folders/r7/6nlyyqdj6wvczsb3fx0h8vhh0000gn/T//ccOA3PZv.debug.temp.o
LOAD /var/folders/r7/6nlyyqdj6wvczsb3fx0h8vhh0000gn/T//ccednmR6.debug.temp.o
LOAD /var/folders/r7/6nlyyqdj6wvczsb3fx0h8vhh0000gn/T//cc6LrZY6.debug.temp.o
LOAD /var/folders/r7/6nlyyqdj6wvczsb3fx0h8vhh0000gn/T//ccKIIV2i.debug.temp.o
LOAD /var/folders/r7/6nlyyqdj6wvczsb3fx0h8vhh0000gn/T//cc9iuNK6.debug.temp.o
LOAD /var/folders/r7/6nlyyqdj6wvczsb3fx0h8vhh0000gn/T//cc38mBny.debug.temp.o
LOAD /var/folders/r7/6nlyyqdj6wvczsb3fx0h8vhh0000gn/T//cciqDTX6.debug.temp.o
LOAD /var/folders/r7/6nlyyqdj6wvczsb3fx0h8vhh0000gn/T//cc5F0z1K.debug.temp.o
LOAD /var/folders/r7/6nlyyqdj6wvczsb3fx0h8vhh0000gn/T//ccCNZGhb.debug.temp.o
LOAD /var/folders/r7/6nlyyqdj6wvczsb3fx0h8vhh0000gn/T//ccH6JS9M.debug.temp.o
LOAD /var/folders/r7/6nlyyqdj6wvczsb3fx0h8vhh0000gn/T//cczyiPM4.debug.temp.o
LOAD /var/folders/r7/6nlyyqdj6wvczsb3fx0h8vhh0000gn/T//cclHIZ8p.debug.temp.o
LOAD /var/folders/r7/6nlyyqdj6wvczsb3fx0h8vhh0000gn/T//cc3wcc8b.debug.temp.o
LOAD /var/folders/r7/6nlyyqdj6wvczsb3fx0h8vhh0000gn/T//ccnmyIVe.debug.temp.o
LOAD /var/folders/r7/6nlyyqdj6wvczsb3fx0h8vhh0000gn/T//ccwBIUOA.debug.temp.o
LOAD /var/folders/r7/6nlyyqdj6wvczsb3fx0h8vhh0000gn/T//ccg2K7iW.debug.temp.o
LOAD /var/folders/r7/6nlyyqdj6wvczsb3fx0h8vhh0000gn/T//ccTMFs9V.debug.temp.o
LOAD /var/folders/r7/6nlyyqdj6wvczsb3fx0h8vhh0000gn/T//cctUC50N.debug.temp.o
LOAD /var/folders/r7/6nlyyqdj6wvczsb3fx0h8vhh0000gn/T//ccKOXus8.debug.temp.o
LOAD /var/folders/r7/6nlyyqdj6wvczsb3fx0h8vhh0000gn/T//ccD8Kdkg.debug.temp.o
LOAD /var/folders/r7/6nlyyqdj6wvczsb3fx0h8vhh0000gn/T//ccds5XrP.debug.temp.o
LOAD /var/folders/r7/6nlyyqdj6wvczsb3fx0h8vhh0000gn/T//ccbpWD2O.debug.temp.o
LOAD /var/folders/r7/6nlyyqdj6wvczsb3fx0h8vhh0000gn/T//ccmW8oiE.debug.temp.o
LOAD /var/folders/r7/6nlyyqdj6wvczsb3fx0h8vhh0000gn/T//ccjZHdtM.debug.temp.o
LOAD /var/folders/r7/6nlyyqdj6wvczsb3fx0h8vhh0000gn/T//ccillHGi.debug.temp.o
LOAD /var/folders/r7/6nlyyqdj6wvczsb3fx0h8vhh0000gn/T//cc2XgM84.debug.temp.o
LOAD /var/folders/r7/6nlyyqdj6wvczsb3fx0h8vhh0000gn/T//ccEfrfqu.debug.temp.o
LOAD /var/folders/r7/6nlyyqdj6wvczsb3fx0h8vhh0000gn/T//ccIPpMEx.debug.temp.o
LOAD /var/folders/r7/6nlyyqdj6wvczsb3fx0h8vhh0000gn/T//cchDV6tJ.debug.temp.o
LOAD /var/folders/r7/6nlyyqdj6wvczsb3fx0h8vhh0000gn/T//ccDwfFum.debug.temp.o
LOAD /var/folders/r7/6nlyyqdj6wvczsb3fx0h8vhh0000gn/T//ccw0VD5U.debug.temp.o
LOAD /var/folders/r7/6nlyyqdj6wvczsb3fx0h8vhh0000gn/T//ccyNLIls.debug.temp.o
LOAD /var/folders/r7/6nlyyqdj6wvczsb3fx0h8vhh0000gn/T//ccafCpzr.debug.temp.o
LOAD /var/folders/r7/6nlyyqdj6wvczsb3fx0h8vhh0000gn/T//cccLasl3.debug.temp.o
LOAD /var/folders/r7/6nlyyqdj6wvczsb3fx0h8vhh0000gn/T//ccimPIPi.debug.temp.o
LOAD /var/folders/r7/6nlyyqdj6wvczsb3fx0h8vhh0000gn/T//cclRg5sY.debug.temp.o
LOAD /var/folders/r7/6nlyyqdj6wvczsb3fx0h8vhh0000gn/T//ccTJEJ9S.debug.temp.o
LOAD /var/folders/r7/6nlyyqdj6wvczsb3fx0h8vhh0000gn/T//ccQIH3EQ.debug.temp.o
LOAD /var/folders/r7/6nlyyqdj6wvczsb3fx0h8vhh0000gn/T//ccMd6QVb.debug.temp.o
LOAD /var/folders/r7/6nlyyqdj6wvczsb3fx0h8vhh0000gn/T//ccXwFh6f.debug.temp.o
LOAD /var/folders/r7/6nlyyqdj6wvczsb3fx0h8vhh0000gn/T//ccLVuo9x.debug.temp.o
LOAD /var/folders/r7/6nlyyqdj6wvczsb3fx0h8vhh0000gn/T//ccVs1T9t.debug.temp.o
LOAD /var/folders/r7/6nlyyqdj6wvczsb3fx0h8vhh0000gn/T//cc0ZHWb6.debug.temp.o
LOAD /var/folders/r7/6nlyyqdj6wvczsb3fx0h8vhh0000gn/T//ccjsNkzi.debug.temp.o
LOAD /var/folders/r7/6nlyyqdj6wvczsb3fx0h8vhh0000gn/T//ccJpxcAt.debug.temp.o
LOAD /var/folders/r7/6nlyyqdj6wvczsb3fx0h8vhh0000gn/T//ccyWZGam.debug.temp.o
LOAD /var/folders/r7/6nlyyqdj6wvczsb3fx0h8vhh0000gn/T//cc8PdA44.debug.temp.o
LOAD /var/folders/r7/6nlyyqdj6wvczsb3fx0h8vhh0000gn/T//ccuM6M7m.debug.temp.o
LOAD /var/folders/r7/6nlyyqdj6wvczsb3fx0h8vhh0000gn/T//ccC6fAEH.debug.temp.o
LOAD /var/folders/r7/6nlyyqdj6wvczsb3fx0h8vhh0000gn/T//ccGuHZ33.debug.temp.o
LOAD /var/folders/r7/6nlyyqdj6wvczsb3fx0h8vhh0000gn/T//ccJRNGSh.debug.temp.o
LOAD /var/folders/r7/6nlyyqdj6wvczsb3fx0h8vhh0000gn/T//ccXdheJV.debug.temp.o
LOAD /var/folders/r7/6nlyyqdj6wvczsb3fx0h8vhh0000gn/T//cc3ewLF3.debug.temp.o
LOAD /var/folders/r7/6nlyyqdj6wvczsb3fx0h8vhh0000gn/T//ccIlKhNu.debug.temp.o
LOAD /var/folders/r7/6nlyyqdj6wvczsb3fx0h8vhh0000gn/T//cc8FsXz8.debug.temp.o
LOAD /var/folders/r7/6nlyyqdj6wvczsb3fx0h8vhh0000gn/T//ccoKtXFl.debug.temp.o
LOAD /var/folders/r7/6nlyyqdj6wvczsb3fx0h8vhh0000gn/T//ccfH0S7g.debug.temp.o
LOAD /var/folders/r7/6nlyyqdj6wvczsb3fx0h8vhh0000gn/T//cckRVM9D.debug.temp.o
LOAD /var/folders/r7/6nlyyqdj6wvczsb3fx0h8vhh0000gn/T//ccDRPrte.debug.temp.o
LOAD /var/folders/r7/6nlyyqdj6wvczsb3fx0h8vhh0000gn/T//ccuatxie.debug.temp.o
LOAD /var/folders/r7/6nlyyqdj6wvczsb3fx0h8vhh0000gn/T//ccrq6pBR.debug.temp.o
LOAD /var/folders/r7/6nlyyqdj6wvczsb3fx0h8vhh0000gn/T//ccyHlAkR.debug.temp.o
LOAD /var/folders/r7/6nlyyqdj6wvczsb3fx0h8vhh0000gn/T//ccJuNlte.debug.temp.o
LOAD /var/folders/r7/6nlyyqdj6wvczsb3fx0h8vhh0000gn/T//ccrGpFiL.debug.temp.o
LOAD /var/folders/r7/6nlyyqdj6wvczsb3fx0h8vhh0000gn/T//ccDMLoC1.debug.temp.o
LOAD /var/folders/r7/6nlyyqdj6wvczsb3fx0h8vhh0000gn/T//ccu4NCvh.debug.temp.o
LOAD /var/folders/r7/6nlyyqdj6wvczsb3fx0h8vhh0000gn/T//ccJtuEgs.debug.temp.o
LOAD /var/folders/r7/6nlyyqdj6wvczsb3fx0h8vhh0000gn/T//ccNasg1N.debug.temp.o
LOAD /var/folders/r7/6nlyyqdj6wvczsb3fx0h8vhh0000gn/T//ccJQ92P8.debug.temp.o
LOAD /var/folders/r7/6nlyyqdj6wvczsb3fx0h8vhh0000gn/T//cc9wnN4C.debug.temp.o
LOAD /var/folders/r7/6nlyyqdj6wvczsb3fx0h8vhh0000gn/T//cc8nuCAH.debug.temp.o
LOAD /var/folders/r7/6nlyyqdj6wvczsb3fx0h8vhh0000gn/T//ccBSEBQ9.debug.temp.o
LOAD /var/folders/r7/6nlyyqdj6wvczsb3fx0h8vhh0000gn/T//ccLB0UKa.debug.temp.o
LOAD /var/folders/r7/6nlyyqdj6wvczsb3fx0h8vhh0000gn/T//ccfzvDU3.debug.temp.o
LOAD /var/folders/r7/6nlyyqdj6wvczsb3fx0h8vhh0000gn/T//ccIGzqWL.debug.temp.o
LOAD /var/folders/r7/6nlyyqdj6wvczsb3fx0h8vhh0000gn/T//ccXk2V5a.debug.temp.o
LOAD /var/folders/r7/6nlyyqdj6wvczsb3fx0h8vhh0000gn/T//cco7eZYA.debug.temp.o
LOAD /var/folders/r7/6nlyyqdj6wvczsb3fx0h8vhh0000gn/T//ccz9hZmt.debug.temp.o
LOAD /var/folders/r7/6nlyyqdj6wvczsb3fx0h8vhh0000gn/T//ccp3GKuD.debug.temp.o
LOAD /var/folders/r7/6nlyyqdj6wvczsb3fx0h8vhh0000gn/T//ccVi8KDW.debug.temp.o
LOAD /var/folders/r7/6nlyyqdj6wvczsb3fx0h8vhh0000gn/T//ccn1ZPud.debug.temp.o
LOAD /var/folders/r7/6nlyyqdj6wvczsb3fx0h8vhh0000gn/T//ccVuMDof.debug.temp.o
LOAD /var/folders/r7/6nlyyqdj6wvczsb3fx0h8vhh0000gn/T//ccsO2Bnv.debug.temp.o
LOAD /var/folders/r7/6nlyyqdj6wvczsb3fx0h8vhh0000gn/T//ccWX37ww.debug.temp.o
LOAD /var/folders/r7/6nlyyqdj6wvczsb3fx0h8vhh0000gn/T//ccdeET4x.debug.temp.o
LOAD /var/folders/r7/6nlyyqdj6wvczsb3fx0h8vhh0000gn/T//ccxm5xG4.debug.temp.o
LOAD /var/folders/r7/6nlyyqdj6wvczsb3fx0h8vhh0000gn/T//ccVBZkEo.debug.temp.o
LOAD /var/folders/r7/6nlyyqdj6wvczsb3fx0h8vhh0000gn/T//cc30xVny.debug.temp.o
LOAD /var/folders/r7/6nlyyqdj6wvczsb3fx0h8vhh0000gn/T//ccFAjgsO.debug.temp.o
LOAD /var/folders/r7/6nlyyqdj6wvczsb3fx0h8vhh0000gn/T//cc4ab8p0.debug.temp.o
LOAD /var/folders/r7/6nlyyqdj6wvczsb3fx0h8vhh0000gn/T//ccjnVc1t.debug.temp.o
LOAD /var/folders/r7/6nlyyqdj6wvczsb3fx0h8vhh0000gn/T//ccSMLsGC.debug.temp.o
LOAD .build/obj_keychron_v10_max_ansi_encoder_default/common/wireless/report_buffer.o
LOAD .build/obj_keychron_v10_max_ansi_encoder_default/common/wireless/lkbt51.o
LOAD .build/obj_keychron_v10_max_ansi_encoder_default/common/wireless/indicator.o
LOAD .build/obj_keychron_v10_max_ansi_encoder_default/common/wireless/wireless_main.o
LOAD .build/obj_keychron_v10_max_ansi_encoder_default/common/wireless/transport.o
LOAD .build/obj_keychron_v10_max_ansi_encoder_default/common/wireless/lpm.o
LOAD .build/obj_keychron_v10_max_ansi_encoder_default/common/wireless/lpm_stm32f401.o
LOAD .build/obj_keychron_v10_max_ansi_encoder_default/common/wireless/battery.o
LOAD .build/obj_keychron_v10_max_ansi_encoder_default/common/wireless/bat_level_animation.o
LOAD .build/obj_keychron_v10_max_ansi_encoder_default/common/wireless/rtc_timer.o
LOAD .build/obj_keychron_v10_max_ansi_encoder_default/common/wireless/keychron_wireless_common.o
LOAD .build/obj_keychron_v10_max_ansi_encoder_default/common/keychron_task.o
LOAD .build/obj_keychron_v10_max_ansi_encoder_default/common/keychron_common.o
LOAD .build/obj_keychron_v10_max_ansi_encoder_default/common/factory_test.o
LOAD .build/obj_keychron_v10_max_ansi_encoder_default/keyboards/keychron/v10_max/v10_max.o
LOAD .build/obj_keychron_v10_max_ansi_encoder_default/keyboards/keychron/v10_max/ansi_encoder/ansi_encoder.o
LOAD .build/obj_keychron_v10_max_ansi_encoder_default/.build/obj_keychron_v10_max_ansi_encoder_default/src/default_keyboard.o
LOAD .build/obj_keychron_v10_max_ansi_encoder_default/quantum/keymap_introspection.o
LOAD .build/obj_keychron_v10_max_ansi_encoder_default/quantum/quantum.o
LOAD .build/obj_keychron_v10_max_ansi_encoder_default/quantum/bitwise.o
LOAD .build/obj_keychron_v10_max_ansi_encoder_default/quantum/led.o
LOAD .build/obj_keychron_v10_max_ansi_encoder_default/quantum/action.o
LOAD .build/obj_keychron_v10_max_ansi_encoder_default/quantum/action_layer.o
LOAD .build/obj_keychron_v10_max_ansi_encoder_default/quantum/action_tapping.o
LOAD .build/obj_keychron_v10_max_ansi_encoder_default/quantum/action_util.o
LOAD .build/obj_keychron_v10_max_ansi_encoder_default/quantum/eeconfig.o
LOAD .build/obj_keychron_v10_max_ansi_encoder_default/quantum/keyboard.o
LOAD .build/obj_keychron_v10_max_ansi_encoder_default/quantum/keymap_common.o
LOAD .build/obj_keychron_v10_max_ansi_encoder_default/quantum/keycode_config.o
LOAD .build/obj_keychron_v10_max_ansi_encoder_default/quantum/sync_timer.o
LOAD .build/obj_keychron_v10_max_ansi_encoder_default/quantum/logging/debug.o
LOAD .build/obj_keychron_v10_max_ansi_encoder_default/quantum/logging/sendchar.o
LOAD .build/obj_keychron_v10_max_ansi_encoder_default/quantum/logging/print.o
LOAD .build/obj_keychron_v10_max_ansi_encoder_default/quantum/bootmagic/bootmagic_lite.o
LOAD .build/obj_keychron_v10_max_ansi_encoder_default/quantum/bootmagic/magic.o
LOAD .build/obj_keychron_v10_max_ansi_encoder_default/quantum/matrix_common.o
LOAD .build/obj_keychron_v10_max_ansi_encoder_default/quantum/matrix.o
LOAD .build/obj_keychron_v10_max_ansi_encoder_default/quantum/debounce/sym_eager_pk.o
LOAD .build/obj_keychron_v10_max_ansi_encoder_default/quantum/main.o
LOAD .build/obj_keychron_v10_max_ansi_encoder_default/printf.o
LOAD .build/obj_keychron_v10_max_ansi_encoder_default/eeprom_driver.o
LOAD .build/obj_keychron_v10_max_ansi_encoder_default/eeprom_wear_leveling.o
LOAD .build/obj_keychron_v10_max_ansi_encoder_default/wear_leveling.o
LOAD .build/obj_keychron_v10_max_ansi_encoder_default/wear_leveling_efl.o
LOAD .build/obj_keychron_v10_max_ansi_encoder_default/quantum/color.o
LOAD .build/obj_keychron_v10_max_ansi_encoder_default/quantum/rgb_matrix/rgb_matrix.o
LOAD .build/obj_keychron_v10_max_ansi_encoder_default/quantum/rgb_matrix/rgb_matrix_drivers.o
LOAD .build/obj_keychron_v10_max_ansi_encoder_default/snled27351-spi.o
LOAD .build/obj_keychron_v10_max_ansi_encoder_default/quantum/process_keycode/process_rgb.o
LOAD .build/obj_keychron_v10_max_ansi_encoder_default/quantum/led_tables.o
LOAD .build/obj_keychron_v10_max_ansi_encoder_default/qmk_fnv_type_validation.o
LOAD .build/obj_keychron_v10_max_ansi_encoder_default/hash_32a.o
LOAD .build/obj_keychron_v10_max_ansi_encoder_default/hash_64a.o
LOAD .build/obj_keychron_v10_max_ansi_encoder_default/lib/lib8tion/lib8tion.o
LOAD .build/obj_keychron_v10_max_ansi_encoder_default/quantum/encoder.o
LOAD .build/obj_keychron_v10_max_ansi_encoder_default/quantum/dip_switch.o
LOAD .build/obj_keychron_v10_max_ansi_encoder_default/quantum/process_keycode/process_grave_esc.o
LOAD .build/obj_keychron_v10_max_ansi_encoder_default/quantum/process_keycode/process_magic.o
LOAD .build/obj_keychron_v10_max_ansi_encoder_default/quantum/mousekey.o
LOAD .build/obj_keychron_v10_max_ansi_encoder_default/quantum/send_string/send_string.o
LOAD .build/obj_keychron_v10_max_ansi_encoder_default/quantum/process_keycode/process_space_cadet.o
LOAD .build/obj_keychron_v10_max_ansi_encoder_default/protocol/host.o
LOAD .build/obj_keychron_v10_max_ansi_encoder_default/protocol/report.o
LOAD .build/obj_keychron_v10_max_ansi_encoder_default/protocol/usb_device_state.o
LOAD .build/obj_keychron_v10_max_ansi_encoder_default/protocol/usb_util.o
LOAD .build/obj_keychron_v10_max_ansi_encoder_default/platforms/suspend.o
LOAD .build/obj_keychron_v10_max_ansi_encoder_default/platforms/synchronization_util.o
LOAD .build/obj_keychron_v10_max_ansi_encoder_default/platforms/timer.o
LOAD .build/obj_keychron_v10_max_ansi_encoder_default/platforms/chibios/hardware_id.o
LOAD .build/obj_keychron_v10_max_ansi_encoder_default/platforms/chibios/platform.o
LOAD .build/obj_keychron_v10_max_ansi_encoder_default/platforms/chibios/suspend.o
LOAD .build/obj_keychron_v10_max_ansi_encoder_default/platforms/chibios/timer.o
LOAD .build/obj_keychron_v10_max_ansi_encoder_default/platforms/chibios/bootloaders/stm32_dfu.o
LOAD .build/obj_keychron_v10_max_ansi_encoder_default/spi_master.a
LOAD .build/obj_keychron_v10_max_ansi_encoder_default/./lib/chibios/os/common/startup/ARMCMx/compilers/GCC/crt0_v7m.o
LOAD .build/obj_keychron_v10_max_ansi_encoder_default/./lib/chibios/os/common/startup/ARMCMx/compilers/GCC/vectors.o
LOAD .build/obj_keychron_v10_max_ansi_encoder_default/./lib/chibios/os/common/ports/ARMv7-M/compilers/GCC/chcoreasm.o
LOAD .build/obj_keychron_v10_max_ansi_encoder_default/protocol/chibios/usb_main.o
LOAD .build/obj_keychron_v10_max_ansi_encoder_default/protocol/chibios/chibios.o
LOAD .build/obj_keychron_v10_max_ansi_encoder_default/usb_descriptor.o
LOAD .build/obj_keychron_v10_max_ansi_encoder_default/protocol/chibios/usb_driver.o
LOAD .build/obj_keychron_v10_max_ansi_encoder_default/protocol/chibios/usb_endpoints.o
LOAD .build/obj_keychron_v10_max_ansi_encoder_default/protocol/chibios/usb_report_handling.o
LOAD .build/obj_keychron_v10_max_ansi_encoder_default/protocol/chibios/usb_util.o
LOAD .build/obj_keychron_v10_max_ansi_encoder_default/./lib/chibios/os/oslib/src/chmboxes.o
LOAD .build/obj_keychron_v10_max_ansi_encoder_default/./lib/chibios/os/oslib/src/chmemcore.o
LOAD .build/obj_keychron_v10_max_ansi_encoder_default/./lib/chibios/os/oslib/src/chmemheaps.o
LOAD .build/obj_keychron_v10_max_ansi_encoder_default/./lib/chibios/os/oslib/src/chmempools.o
LOAD .build/obj_keychron_v10_max_ansi_encoder_default/./lib/chibios/os/oslib/src/chpipes.o
LOAD .build/obj_keychron_v10_max_ansi_encoder_default/./lib/chibios/os/oslib/src/chobjcaches.o
LOAD .build/obj_keychron_v10_max_ansi_encoder_default/./lib/chibios/os/oslib/src/chdelegates.o
LOAD .build/obj_keychron_v10_max_ansi_encoder_default/./lib/chibios/os/oslib/src/chfactory.o
LOAD .build/obj_keychron_v10_max_ansi_encoder_default/lib/chibios/os/common/startup/ARMCMx/compilers/GCC/crt1.o
LOAD .build/obj_keychron_v10_max_ansi_encoder_default/lib/chibios/os/rt/src/chsys.o
LOAD .build/obj_keychron_v10_max_ansi_encoder_default/lib/chibios/os/rt/src/chrfcu.o
LOAD .build/obj_keychron_v10_max_ansi_encoder_default/lib/chibios/os/rt/src/chdebug.o
LOAD .build/obj_keychron_v10_max_ansi_encoder_default/lib/chibios/os/rt/src/chtrace.o
LOAD .build/obj_keychron_v10_max_ansi_encoder_default/lib/chibios/os/rt/src/chvt.o
LOAD .build/obj_keychron_v10_max_ansi_encoder_default/lib/chibios/os/rt/src/chschd.o
LOAD .build/obj_keychron_v10_max_ansi_encoder_default/lib/chibios/os/rt/src/chinstances.o
LOAD .build/obj_keychron_v10_max_ansi_encoder_default/lib/chibios/os/rt/src/chthreads.o
LOAD .build/obj_keychron_v10_max_ansi_encoder_default/lib/chibios/os/rt/src/chtm.o
LOAD .build/obj_keychron_v10_max_ansi_encoder_default/lib/chibios/os/rt/src/chstats.o
LOAD .build/obj_keychron_v10_max_ansi_encoder_default/lib/chibios/os/rt/src/chregistry.o
LOAD .build/obj_keychron_v10_max_ansi_encoder_default/lib/chibios/os/rt/src/chsem.o
LOAD .build/obj_keychron_v10_max_ansi_encoder_default/lib/chibios/os/rt/src/chmtx.o
LOAD .build/obj_keychron_v10_max_ansi_encoder_default/lib/chibios/os/rt/src/chcond.o
LOAD .build/obj_keychron_v10_max_ansi_encoder_default/lib/chibios/os/rt/src/chevents.o
LOAD .build/obj_keychron_v10_max_ansi_encoder_default/lib/chibios/os/rt/src/chmsg.o
LOAD .build/obj_keychron_v10_max_ansi_encoder_default/lib/chibios/os/rt/src/chdynamic.o
LOAD .build/obj_keychron_v10_max_ansi_encoder_default/lib/chibios/os/common/ports/ARMv7-M/chcore.o
LOAD .build/obj_keychron_v10_max_ansi_encoder_default/lib/chibios/os/hal/osal/rt-nil/osal.o
LOAD .build/obj_keychron_v10_max_ansi_encoder_default/lib/chibios/os/hal/src/hal.o
LOAD .build/obj_keychron_v10_max_ansi_encoder_default/lib/chibios/os/hal/src/hal_st.o
LOAD .build/obj_keychron_v10_max_ansi_encoder_default/lib/chibios/os/hal/src/hal_buffers.o
LOAD .build/obj_keychron_v10_max_ansi_encoder_default/lib/chibios/os/hal/src/hal_queues.o
LOAD .build/obj_keychron_v10_max_ansi_encoder_default/lib/chibios/os/hal/src/hal_flash.o
LOAD .build/obj_keychron_v10_max_ansi_encoder_default/lib/chibios/os/hal/src/hal_mmcsd.o
LOAD .build/obj_keychron_v10_max_ansi_encoder_default/lib/chibios/os/hal/src/hal_adc.o
LOAD .build/obj_keychron_v10_max_ansi_encoder_default/lib/chibios/os/hal/src/hal_can.o
LOAD .build/obj_keychron_v10_max_ansi_encoder_default/lib/chibios/os/hal/src/hal_crypto.o
LOAD .build/obj_keychron_v10_max_ansi_encoder_default/lib/chibios/os/hal/src/hal_dac.o
LOAD .build/obj_keychron_v10_max_ansi_encoder_default/lib/chibios/os/hal/src/hal_efl.o
LOAD .build/obj_keychron_v10_max_ansi_encoder_default/lib/chibios/os/hal/src/hal_gpt.o
LOAD .build/obj_keychron_v10_max_ansi_encoder_default/lib/chibios/os/hal/src/hal_i2c.o
LOAD .build/obj_keychron_v10_max_ansi_encoder_default/lib/chibios/os/hal/src/hal_i2s.o
LOAD .build/obj_keychron_v10_max_ansi_encoder_default/lib/chibios/os/hal/src/hal_icu.o
LOAD .build/obj_keychron_v10_max_ansi_encoder_default/lib/chibios/os/hal/src/hal_mac.o
LOAD .build/obj_keychron_v10_max_ansi_encoder_default/lib/chibios/os/hal/src/hal_mmc_spi.o
LOAD .build/obj_keychron_v10_max_ansi_encoder_default/lib/chibios/os/hal/src/hal_pal.o
LOAD .build/obj_keychron_v10_max_ansi_encoder_default/lib/chibios/os/hal/src/hal_pwm.o
LOAD .build/obj_keychron_v10_max_ansi_encoder_default/lib/chibios/os/hal/src/hal_rtc.o
LOAD .build/obj_keychron_v10_max_ansi_encoder_default/lib/chibios/os/hal/src/hal_sdc.o
LOAD .build/obj_keychron_v10_max_ansi_encoder_default/lib/chibios/os/hal/src/hal_serial.o
LOAD .build/obj_keychron_v10_max_ansi_encoder_default/lib/chibios/os/hal/src/hal_serial_usb.o
LOAD .build/obj_keychron_v10_max_ansi_encoder_default/lib/chibios/os/hal/src/hal_sio.o
LOAD .build/obj_keychron_v10_max_ansi_encoder_default/lib/chibios/os/hal/src/hal_spi.o
LOAD .build/obj_keychron_v10_max_ansi_encoder_default/lib/chibios/os/hal/src/hal_trng.o
LOAD .build/obj_keychron_v10_max_ansi_encoder_default/lib/chibios/os/hal/src/hal_uart.o
LOAD .build/obj_keychron_v10_max_ansi_encoder_default/lib/chibios/os/hal/src/hal_usb.o
LOAD .build/obj_keychron_v10_max_ansi_encoder_default/lib/chibios/os/hal/src/hal_wdg.o
LOAD .build/obj_keychron_v10_max_ansi_encoder_default/lib/chibios/os/hal/src/hal_wspi.o
LOAD .build/obj_keychron_v10_max_ansi_encoder_default/lib/chibios/os/hal/ports/common/ARMCMx/nvic.o
LOAD .build/obj_keychron_v10_max_ansi_encoder_default/lib/chibios/os/hal/ports/STM32/STM32F4xx/stm32_isr.o
LOAD .build/obj_keychron_v10_max_ansi_encoder_default/lib/chibios/os/hal/ports/STM32/STM32F4xx/hal_lld.o
LOAD .build/obj_keychron_v10_max_ansi_encoder_default/lib/chibios/os/hal/ports/STM32/STM32F4xx/hal_efl_lld.o
LOAD .build/obj_keychron_v10_max_ansi_encoder_default/lib/chibios/os/hal/ports/STM32/LLD/ADCv2/hal_adc_lld.o
LOAD .build/obj_keychron_v10_max_ansi_encoder_default/lib/chibios/os/hal/ports/STM32/LLD/CANv1/hal_can_lld.o
LOAD .build/obj_keychron_v10_max_ansi_encoder_default/lib/chibios/os/hal/ports/STM32/LLD/CRYPv1/hal_crypto_lld.o
LOAD .build/obj_keychron_v10_max_ansi_encoder_default/lib/chibios/os/hal/ports/STM32/LLD/DACv1/hal_dac_lld.o
LOAD .build/obj_keychron_v10_max_ansi_encoder_default/lib/chibios/os/hal/ports/STM32/LLD/DMAv2/stm32_dma.o
LOAD .build/obj_keychron_v10_max_ansi_encoder_default/lib/chibios/os/hal/ports/STM32/LLD/EXTIv1/stm32_exti.o
LOAD .build/obj_keychron_v10_max_ansi_encoder_default/lib/chibios/os/hal/ports/STM32/LLD/GPIOv2/hal_pal_lld.o
LOAD .build/obj_keychron_v10_max_ansi_encoder_default/lib/chibios/os/hal/ports/STM32/LLD/I2Cv1/hal_i2c_lld.o
LOAD .build/obj_keychron_v10_max_ansi_encoder_default/lib/chibios/os/hal/ports/STM32/LLD/MACv1/hal_mac_lld.o
LOAD .build/obj_keychron_v10_max_ansi_encoder_default/lib/chibios/os/hal/ports/STM32/LLD/OTGv1/hal_usb_lld.o
LOAD .build/obj_keychron_v10_max_ansi_encoder_default/lib/chibios/os/hal/ports/STM32/LLD/QUADSPIv1/hal_wspi_lld.o
LOAD .build/obj_keychron_v10_max_ansi_encoder_default/lib/chibios/os/hal/ports/STM32/LLD/RTCv2/hal_rtc_lld.o
LOAD .build/obj_keychron_v10_max_ansi_encoder_default/lib/chibios/os/hal/ports/STM32/LLD/SPIv1/hal_i2s_lld.o
LOAD .build/obj_keychron_v10_max_ansi_encoder_default/lib/chibios/os/hal/ports/STM32/LLD/SPIv1/hal_spi_v2_lld.o
LOAD .build/obj_keychron_v10_max_ansi_encoder_default/lib/chibios/os/hal/ports/STM32/LLD/SDIOv1/hal_sdc_lld.o
LOAD .build/obj_keychron_v10_max_ansi_encoder_default/lib/chibios/os/hal/ports/STM32/LLD/SYSTICKv1/hal_st_lld.o
LOAD .build/obj_keychron_v10_max_ansi_encoder_default/lib/chibios/os/hal/ports/STM32/LLD/TIMv1/hal_gpt_lld.o
LOAD .build/obj_keychron_v10_max_ansi_encoder_default/lib/chibios/os/hal/ports/STM32/LLD/TIMv1/hal_icu_lld.o
LOAD .build/obj_keychron_v10_max_ansi_encoder_default/lib/chibios/os/hal/ports/STM32/LLD/TIMv1/hal_pwm_lld.o
LOAD .build/obj_keychron_v10_max_ansi_encoder_default/lib/chibios/os/hal/ports/STM32/LLD/USARTv1/hal_serial_lld.o
LOAD .build/obj_keychron_v10_max_ansi_encoder_default/lib/chibios/os/hal/ports/STM32/LLD/USARTv1/hal_uart_lld.o
LOAD .build/obj_keychron_v10_max_ansi_encoder_default/lib/chibios/os/hal/ports/STM32/LLD/xWDGv1/hal_wdg_lld.o
LOAD .build/obj_keychron_v10_max_ansi_encoder_default/lib/chibios/os/hal/boards/ST_STM32F401C_DISCOVERY/board.o
LOAD .build/obj_keychron_v10_max_ansi_encoder_default/lib/chibios/os/hal/lib/streams/chprintf.o
LOAD .build/obj_keychron_v10_max_ansi_encoder_default/lib/chibios/os/hal/lib/streams/chscanf.o
LOAD .build/obj_keychron_v10_max_ansi_encoder_default/lib/chibios/os/hal/lib/streams/memstreams.o
LOAD .build/obj_keychron_v10_max_ansi_encoder_default/lib/chibios/os/hal/lib/streams/nullstreams.o
LOAD .build/obj_keychron_v10_max_ansi_encoder_default/lib/chibios/os/hal/lib/streams/bufstreams.o
LOAD .build/obj_keychron_v10_max_ansi_encoder_default/lib/chibios/os/various/syscalls.o
LOAD .build/obj_keychron_v10_max_ansi_encoder_default/platforms/chibios/syscall-fallbacks.o
LOAD .build/obj_keychron_v10_max_ansi_encoder_default/platforms/chibios/wait.o
LOAD .build/obj_keychron_v10_max_ansi_encoder_default/platforms/chibios/synchronization_util.o
LOAD .build/obj_keychron_v10_max_ansi_encoder_default/platforms/chibios/interrupt_handlers.o
                0x00000800                        __process_stack_size__ = 0x800
                0x00000400                        __main_stack_size__ = 0x400
LOAD /Users/dexter/Library/Application Support/qmk/bin/../lib/gcc/arm-none-eabi/15.2.0/../../../../arm-none-eabi/lib/thumb/v7e-m+fp/hard/libm_nano.a
START GROUP
LOAD /Users/dexter/Library/Application Support/qmk/bin/../lib/gcc/arm-none-eabi/15.2.0/thumb/v7e-m+fp/hard/libgcc.a
LOAD /Users/dexter/Library/Application Support/qmk/bin/../lib/gcc/arm-none-eabi/15.2.0/../../../../arm-none-eabi/lib/thumb/v7e-m+fp/hard/libg_nano.a
LOAD /Users/dexter/Library/Application Support/qmk/bin/../lib/gcc/arm-none-eabi/15.2.0/../../../../arm-none-eabi/lib/thumb/v7e-m+fp/hard/libc_nano.a
END GROUP
START GROUP
LOAD /Users/dexter/Library/Application Support/qmk/bin/../lib/gcc/arm-none-eabi/15.2.0/thumb/v7e-m+fp/hard/libgcc.a
LOAD /Users/dexter/Library/Application Support/qmk/bin/../lib/gcc/arm-none-eabi/15.2.0/../../../../arm-none-eabi/lib/thumb/v7e-m+fp/hard/libc_nano.a
END GROUP

.mstack         0x20000000      0x400
                0x20000000                        . = ALIGN (0x8)
                0x20000000                        __main_stack_base__ = .
                0x20000400                        . = (. + __main_stack_size__)
 *fill*         0x20000000      0x400 
                0x20000400                        . = ALIGN (0x8)
                0x20000400                        __main_stack_end__ = .

.pstack         0x20000400      0x800
                0x20000400                        . = ALIGN (0x8)
                0x20000400                        __process_stack_base__ = .
                0x20000400                        __main_thread_stack_base__ = .
                0x20000c00                        . = (. + __process_stack_size__)
 *fill*         0x20000400      0x800 
                0x20000c00                        . = ALIGN (0x8)
                0x20000c00                        __process_stack_end__ = .
                0x20000c00                        __main_thread_stack_end__ = .

.vectors        0x08000000      0x1e0
                0x08000000                        __textvectors_base__ = LOADADDR (.vectors)
                0x08000000                        __vectors_base__ = .
 *(.vectors)
 .vectors       0x08000000      0x1e0 .build/obj_keychron_v10_max_ansi_encoder_default/./lib/chibios/os/common/startup/ARMCMx/compilers/GCC/vectors.o
                0x08000000                _vectors
                0x080001e0                        __vectors_end__ = .

.xtors          0x08008000        0x0
                0x08008000                        __init_array_base__ = .
 *(SORT_BY_NAME(.init_array.*))
 *(.init_array)
                0x08008000                        __init_array_end__ = .
                0x08008000                        __fini_array_base__ = .
 *(.fini_array)
 *(SORT_BY_NAME(.fini_array.*))
                0x08008000                        __fini_array_end__ = .

.text           0x08008000     0xb920
                0x08008000                        __text_base__ = .
 *(.text)
 .text          0x08008000      0x11c .build/obj_keychron_v10_max_ansi_encoder_default/./lib/chibios/os/common/startup/ARMCMx/compilers/GCC/crt0_v7m.o
                0x08008000                _crt0_entry
 .text          0x0800811c        0x8 .build/obj_keychron_v10_max_ansi_encoder_default/./lib/chibios/os/common/startup/ARMCMx/compilers/GCC/vectors.o
                0x0800811c                Reset_Handler
                0x0800811e                VectorAC
                0x0800811e                DebugMon_Handler
                0x0800811e                Vector1A0
                0x0800811e                Vector11C
                0x0800811e                HardFault_Handler
                0x0800811e                Vector1B8
                0x0800811e                Vector19C
                0x0800811e                Vector8C
                0x0800811e                SysTick_Handler
                0x0800811e                VectorDC
                0x0800811e                PendSV_Handler
                0x0800811e                Vector168
                0x0800811e                NMI_Handler
                0x0800811e                Vector110
                0x0800811e                Vector1D8
                0x0800811e                VectorC8
                0x0800811e                Vector94
                0x0800811e                VectorA8
                0x0800811e                VectorB4
                0x0800811e                Vector160
                0x0800811e                Vector1B0
                0x0800811e                UsageFault_Handler
                0x0800811e                VectorEC
                0x0800811e                Vector40
                0x0800811e                VectorF8
                0x0800811e                Vector108
                0x0800811e                VectorBC
                0x0800811e                Vector190
                0x0800811e                Vector1C4
                0x0800811e                Vector1CC
                0x0800811e                Vector148
                0x0800811e                Vector188
                0x0800811e                Vector198
                0x0800811e                Vector118
                0x0800811e                VectorCC
                0x0800811e                Vector54
                0x0800811e                Vector98
                0x0800811e                VectorD8
                0x0800811e                Vector138
                0x0800811e                Vector24
                0x0800811e                Vector1AC
                0x0800811e                Vector178
                0x0800811e                SecureFault_Handler
                0x0800811e                Vector1A4
                0x0800811e                VectorD0
                0x0800811e                Vector1B4
                0x0800811e                Vector140
                0x0800811e                VectorC0
                0x0800811e                Vector1C0
                0x0800811e                Vector134
                0x0800811e                Vector1D0
                0x0800811e                VectorF0
                0x0800811e                Vector13C
                0x0800811e                Vector100
                0x0800811e                VectorF4
                0x0800811e                MemManage_Handler
                0x0800811e                VectorA0
                0x0800811e                VectorC4
                0x0800811e                Vector180
                0x0800811e                Vector90
                0x0800811e                Vector114
                0x0800811e                Vector164
                0x0800811e                Vector1BC
                0x0800811e                Vector1D4
                0x0800811e                Vector17C
                0x0800811e                Vector1A8
                0x0800811e                Vector16C
                0x0800811e                VectorD4
                0x0800811e                Vector144
                0x0800811e                Vector15C
                0x0800811e                Vector174
                0x0800811e                VectorE8
                0x0800811e                Vector170
                0x0800811e                Vector88
                0x0800811e                Vector104
                0x0800811e                Vector184
                0x0800811e                Vector10C
                0x0800811e                BusFault_Handler
                0x0800811e                Vector50
                0x0800811e                Vector1C8
                0x0800811e                Vector194
                0x0800811e                Vector1DC
                0x0800811e                Vector44
                0x0800811e                Vector28
                0x0800811e                VectorB8
                0x0800811e                Vector34
                0x0800811e                VectorA4
                0x0800811e                Vector20
                0x0800811e                Vector18C
                0x08008122                _unhandled_exception
 .text          0x08008124       0x32 .build/obj_keychron_v10_max_ansi_encoder_default/./lib/chibios/os/common/ports/ARMv7-M/compilers/GCC/chcoreasm.o
                0x08008124                __port_switch
                0x0800813c                __port_thread_start
                0x0800814e                __port_switch_from_isr
                0x08008152                __port_exit_from_isr
 *fill*         0x08008156        0xa 
 .text          0x08008160       0xa0 /Users/dexter/Library/Application Support/qmk/bin/../lib/gcc/arm-none-eabi/15.2.0/../../../../arm-none-eabi/lib/thumb/v7e-m+fp/hard/libg_nano.a(libc_a-memchr.o)
                0x08008160                memchr
 .text          0x08008200       0x10 /Users/dexter/Library/Application Support/qmk/bin/../lib/gcc/arm-none-eabi/15.2.0/../../../../arm-none-eabi/lib/thumb/v7e-m+fp/hard/libg_nano.a(libc_a-strlen.o)
                0x08008200                strlen
 .text          0x08008210       0x30 /Users/dexter/Library/Application Support/qmk/bin/../lib/gcc/arm-none-eabi/15.2.0/thumb/v7e-m+fp/hard/libgcc.a(_aeabi_uldivmod.o)
                0x08008210                __aeabi_uldivmod
 .text          0x08008240      0x2ac /Users/dexter/Library/Application Support/qmk/bin/../lib/gcc/arm-none-eabi/15.2.0/thumb/v7e-m+fp/hard/libgcc.a(_udivmoddi4.o)
                0x08008240                __udivmoddi4
 .text          0x080084ec        0x4 /Users/dexter/Library/Application Support/qmk/bin/../lib/gcc/arm-none-eabi/15.2.0/thumb/v7e-m+fp/hard/libgcc.a(_dvmd_tls.o)
                0x080084ec                __aeabi_ldiv0
                0x080084ec                __aeabi_idiv0
 *(.text.*)
 .text.wireless_event_enqueue.isra.0
                0x080084f0       0x40 /var/folders/r7/6nlyyqdj6wvczsb3fx0h8vhh0000gn/T//ccDr3THD.ltrans0.ltrans.o
 .text.wireless_connect_ex.constprop.0
                0x08008530       0x40 /var/folders/r7/6nlyyqdj6wvczsb3fx0h8vhh0000gn/T//ccDr3THD.ltrans0.ltrans.o
 .text.wireless_disconnect
                0x08008570        0x4 /var/folders/r7/6nlyyqdj6wvczsb3fx0h8vhh0000gn/T//ccDr3THD.ltrans0.ltrans.o
 .text.wreless_keyboard_leds
                0x08008574       0x18 /var/folders/r7/6nlyyqdj6wvczsb3fx0h8vhh0000gn/T//ccDr3THD.ltrans0.ltrans.o
 .text.indicator_is_running
                0x0800858c       0x2c /var/folders/r7/6nlyyqdj6wvczsb3fx0h8vhh0000gn/T//ccDr3THD.ltrans0.ltrans.o
 .text.battery_get_percentage
                0x080085b8       0x50 /var/folders/r7/6nlyyqdj6wvczsb3fx0h8vhh0000gn/T//ccDr3THD.ltrans0.ltrans.o
 .text.encoder0_pad_cb
                0x08008608       0x48 /var/folders/r7/6nlyyqdj6wvczsb3fx0h8vhh0000gn/T//ccDr3THD.ltrans0.ltrans.o
 .text.layer_on
                0x08008650       0x14 /var/folders/r7/6nlyyqdj6wvczsb3fx0h8vhh0000gn/T//ccDr3THD.ltrans0.ltrans.o
 .text.layer_off
                0x08008664       0x14 /var/folders/r7/6nlyyqdj6wvczsb3fx0h8vhh0000gn/T//ccDr3THD.ltrans0.ltrans.o
 .text.update_source_layers_cache_impl
                0x08008678       0x30 /var/folders/r7/6nlyyqdj6wvczsb3fx0h8vhh0000gn/T//ccDr3THD.ltrans0.ltrans.o
 .text.read_source_layers_cache_impl
                0x080086a8       0x26 /var/folders/r7/6nlyyqdj6wvczsb3fx0h8vhh0000gn/T//ccDr3THD.ltrans0.ltrans.o
 *fill*         0x080086ce        0x2 
 .text.update_source_layers_cache
                0x080086d0       0x3c /var/folders/r7/6nlyyqdj6wvczsb3fx0h8vhh0000gn/T//ccDr3THD.ltrans0.ltrans.o
 .text.read_source_layers_cache
                0x0800870c       0x3c /var/folders/r7/6nlyyqdj6wvczsb3fx0h8vhh0000gn/T//ccDr3THD.ltrans0.ltrans.o
 .text.waiting_buffer_typed.isra.0
                0x08008748       0x44 /var/folders/r7/6nlyyqdj6wvczsb3fx0h8vhh0000gn/T//ccDr3THD.ltrans0.ltrans.o
 .text.debug_waiting_buffer
                0x0800878c       0x20 /var/folders/r7/6nlyyqdj6wvczsb3fx0h8vhh0000gn/T//ccDr3THD.ltrans0.ltrans.o
 .text.clear_oneshot_layer_state
                0x080087ac       0x30 /var/folders/r7/6nlyyqdj6wvczsb3fx0h8vhh0000gn/T//ccDr3THD.ltrans0.ltrans.o
 .text.get_mods_for_report
                0x080087dc       0x6c /var/folders/r7/6nlyyqdj6wvczsb3fx0h8vhh0000gn/T//ccDr3THD.ltrans0.ltrans.o
 .text.del_mods
                0x08008848       0x10 /var/folders/r7/6nlyyqdj6wvczsb3fx0h8vhh0000gn/T//ccDr3THD.ltrans0.ltrans.o
 .text.keymap_key_to_keycode
                0x08008858       0x60 /var/folders/r7/6nlyyqdj6wvczsb3fx0h8vhh0000gn/T//ccDr3THD.ltrans0.ltrans.o
 .text.keycode_config
                0x080088b8      0x108 /var/folders/r7/6nlyyqdj6wvczsb3fx0h8vhh0000gn/T//ccDr3THD.ltrans0.ltrans.o
 .text.mod_config
                0x080089c0       0xc4 /var/folders/r7/6nlyyqdj6wvczsb3fx0h8vhh0000gn/T//ccDr3THD.ltrans0.ltrans.o
 .text.action_for_keycode
                0x08008a84      0x1a0 /var/folders/r7/6nlyyqdj6wvczsb3fx0h8vhh0000gn/T//ccDr3THD.ltrans0.ltrans.o
 .text.layer_switch_get_layer
                0x08008c24       0x50 /var/folders/r7/6nlyyqdj6wvczsb3fx0h8vhh0000gn/T//ccDr3THD.ltrans0.ltrans.o
 .text.get_record_keycode
                0x08008c74       0x34 /var/folders/r7/6nlyyqdj6wvczsb3fx0h8vhh0000gn/T//ccDr3THD.ltrans0.ltrans.o
 .text.layer_switch_get_action
                0x08008ca8       0x24 /var/folders/r7/6nlyyqdj6wvczsb3fx0h8vhh0000gn/T//ccDr3THD.ltrans0.ltrans.o
 .text.is_tap_record
                0x08008ccc       0x56 /var/folders/r7/6nlyyqdj6wvczsb3fx0h8vhh0000gn/T//ccDr3THD.ltrans0.ltrans.o
 .text.sendchar
                0x08008d22        0x4 /var/folders/r7/6nlyyqdj6wvczsb3fx0h8vhh0000gn/T//ccDr3THD.ltrans0.ltrans.o
 .text.null_sendchar_func
                0x08008d26        0x4 /var/folders/r7/6nlyyqdj6wvczsb3fx0h8vhh0000gn/T//ccDr3THD.ltrans0.ltrans.o
 *fill*         0x08008d2a        0x2 
 .text.wear_leveling_unlock
                0x08008d2c       0x54 /var/folders/r7/6nlyyqdj6wvczsb3fx0h8vhh0000gn/T//ccDr3THD.ltrans0.ltrans.o
 .text.wear_leveling_lock
                0x08008d80       0x38 /var/folders/r7/6nlyyqdj6wvczsb3fx0h8vhh0000gn/T//ccDr3THD.ltrans0.ltrans.o
 .text.backing_store_write
                0x08008db8       0x2c /var/folders/r7/6nlyyqdj6wvczsb3fx0h8vhh0000gn/T//ccDr3THD.ltrans0.ltrans.o
 .text.backing_store_read
                0x08008de4       0x48 /var/folders/r7/6nlyyqdj6wvczsb3fx0h8vhh0000gn/T//ccDr3THD.ltrans0.ltrans.o
 .text.hsv_to_rgb
                0x08008e2c       0xb8 /var/folders/r7/6nlyyqdj6wvczsb3fx0h8vhh0000gn/T//ccDr3THD.ltrans0.ltrans.o
 .text.sqrt16   0x08008ee4       0x44 /var/folders/r7/6nlyyqdj6wvczsb3fx0h8vhh0000gn/T//ccDr3THD.ltrans0.ltrans.o
 .text.random8  0x08008f28       0x20 /var/folders/r7/6nlyyqdj6wvczsb3fx0h8vhh0000gn/T//ccDr3THD.ltrans0.ltrans.o
 .text.sin8_C   0x08008f48       0x4c /var/folders/r7/6nlyyqdj6wvczsb3fx0h8vhh0000gn/T//ccDr3THD.ltrans0.ltrans.o
 .text.atan2_8  0x08008f94       0x4a /var/folders/r7/6nlyyqdj6wvczsb3fx0h8vhh0000gn/T//ccDr3THD.ltrans0.ltrans.o
 .text.BAND_SPIRAL_VAL_math
                0x08008fde       0x44 /var/folders/r7/6nlyyqdj6wvczsb3fx0h8vhh0000gn/T//ccDr3THD.ltrans0.ltrans.o
 .text.CYCLE_ALL_math
                0x08009022       0x26 /var/folders/r7/6nlyyqdj6wvczsb3fx0h8vhh0000gn/T//ccDr3THD.ltrans0.ltrans.o
 .text.CYCLE_LEFT_RIGHT_math
                0x08009048       0x38 /var/folders/r7/6nlyyqdj6wvczsb3fx0h8vhh0000gn/T//ccDr3THD.ltrans0.ltrans.o
 .text.CYCLE_UP_DOWN_math
                0x08009080       0x38 /var/folders/r7/6nlyyqdj6wvczsb3fx0h8vhh0000gn/T//ccDr3THD.ltrans0.ltrans.o
 .text.RAINBOW_MOVING_CHEVRON_math
                0x080090b8       0x50 /var/folders/r7/6nlyyqdj6wvczsb3fx0h8vhh0000gn/T//ccDr3THD.ltrans0.ltrans.o
 .text.CYCLE_OUT_IN_math
                0x08009108       0x32 /var/folders/r7/6nlyyqdj6wvczsb3fx0h8vhh0000gn/T//ccDr3THD.ltrans0.ltrans.o
 .text.CYCLE_OUT_IN_DUAL_math
                0x0800913a       0x4c /var/folders/r7/6nlyyqdj6wvczsb3fx0h8vhh0000gn/T//ccDr3THD.ltrans0.ltrans.o
 .text.CYCLE_PINWHEEL_math
                0x08009186       0x30 /var/folders/r7/6nlyyqdj6wvczsb3fx0h8vhh0000gn/T//ccDr3THD.ltrans0.ltrans.o
 .text.CYCLE_SPIRAL_math
                0x080091b6       0x34 /var/folders/r7/6nlyyqdj6wvczsb3fx0h8vhh0000gn/T//ccDr3THD.ltrans0.ltrans.o
 *fill*         0x080091ea        0x2 
 .text.DUAL_BEACON_math
                0x080091ec       0x50 /var/folders/r7/6nlyyqdj6wvczsb3fx0h8vhh0000gn/T//ccDr3THD.ltrans0.ltrans.o
 .text.RAINBOW_BEACON_math
                0x0800923c       0x50 /var/folders/r7/6nlyyqdj6wvczsb3fx0h8vhh0000gn/T//ccDr3THD.ltrans0.ltrans.o
 .text.SOLID_REACTIVE_WIDE_math
                0x0800928c       0x48 /var/folders/r7/6nlyyqdj6wvczsb3fx0h8vhh0000gn/T//ccDr3THD.ltrans0.ltrans.o
 .text.SOLID_REACTIVE_NEXUS_math
                0x080092d4       0x78 /var/folders/r7/6nlyyqdj6wvczsb3fx0h8vhh0000gn/T//ccDr3THD.ltrans0.ltrans.o
 .text.SPLASH_math
                0x0800934c       0x4c /var/folders/r7/6nlyyqdj6wvczsb3fx0h8vhh0000gn/T//ccDr3THD.ltrans0.ltrans.o
 .text.SOLID_SPLASH_math
                0x08009398       0x44 /var/folders/r7/6nlyyqdj6wvczsb3fx0h8vhh0000gn/T//ccDr3THD.ltrans0.ltrans.o
 .text.rgb_matrix_set_color
                0x080093dc        0x4 /var/folders/r7/6nlyyqdj6wvczsb3fx0h8vhh0000gn/T//ccDr3THD.ltrans0.ltrans.o
 .text.jellybean_raindrops_set_color.constprop.0
                0x080093e0       0x60 /var/folders/r7/6nlyyqdj6wvczsb3fx0h8vhh0000gn/T//ccDr3THD.ltrans0.ltrans.o
 .text.rgb_matrix_set_color_all
                0x08009440        0x4 /var/folders/r7/6nlyyqdj6wvczsb3fx0h8vhh0000gn/T//ccDr3THD.ltrans0.ltrans.o
 .text.rgb_matrix_get_limits
                0x08009444       0x24 /var/folders/r7/6nlyyqdj6wvczsb3fx0h8vhh0000gn/T//ccDr3THD.ltrans0.ltrans.o
 .text.effect_runner_dx_dy_dist.constprop.0
                0x08009468       0xfc /var/folders/r7/6nlyyqdj6wvczsb3fx0h8vhh0000gn/T//ccDr3THD.ltrans0.ltrans.o
 .text.effect_runner_dx_dy.constprop.0
                0x08009564       0xd8 /var/folders/r7/6nlyyqdj6wvczsb3fx0h8vhh0000gn/T//ccDr3THD.ltrans0.ltrans.o
 .text.effect_runner_i.constprop.0
                0x0800963c       0xac /var/folders/r7/6nlyyqdj6wvczsb3fx0h8vhh0000gn/T//ccDr3THD.ltrans0.ltrans.o
 .text.effect_runner_sin_cos_i.constprop.0
                0x080096e8       0xd4 /var/folders/r7/6nlyyqdj6wvczsb3fx0h8vhh0000gn/T//ccDr3THD.ltrans0.ltrans.o
 .text.effect_runner_reactive_splash.constprop.0
                0x080097bc      0x158 /var/folders/r7/6nlyyqdj6wvczsb3fx0h8vhh0000gn/T//ccDr3THD.ltrans0.ltrans.o
 .text.rgb_matrix_disable_noeeprom
                0x08009914       0x20 /var/folders/r7/6nlyyqdj6wvczsb3fx0h8vhh0000gn/T//ccDr3THD.ltrans0.ltrans.o
 .text.rgb_matrix_mode_eeprom_helper.constprop.0
                0x08009934       0x34 /var/folders/r7/6nlyyqdj6wvczsb3fx0h8vhh0000gn/T//ccDr3THD.ltrans0.ltrans.o
 .text.rgb_matrix_step
                0x08009968       0x1c /var/folders/r7/6nlyyqdj6wvczsb3fx0h8vhh0000gn/T//ccDr3THD.ltrans0.ltrans.o
 .text.rgb_matrix_step_reverse
                0x08009984       0x1c /var/folders/r7/6nlyyqdj6wvczsb3fx0h8vhh0000gn/T//ccDr3THD.ltrans0.ltrans.o
 .text.rgb_matrix_sethsv_eeprom_helper
                0x080099a0       0x24 /var/folders/r7/6nlyyqdj6wvczsb3fx0h8vhh0000gn/T//ccDr3THD.ltrans0.ltrans.o
 .text.rgb_matrix_increase_hue
                0x080099c4       0x14 /var/folders/r7/6nlyyqdj6wvczsb3fx0h8vhh0000gn/T//ccDr3THD.ltrans0.ltrans.o
 .text.rgb_matrix_decrease_hue
                0x080099d8       0x18 /var/folders/r7/6nlyyqdj6wvczsb3fx0h8vhh0000gn/T//ccDr3THD.ltrans0.ltrans.o
 .text.rgb_matrix_increase_sat
                0x080099f0       0x1c /var/folders/r7/6nlyyqdj6wvczsb3fx0h8vhh0000gn/T//ccDr3THD.ltrans0.ltrans.o
 .text.rgb_matrix_decrease_sat
                0x08009a0c       0x1c /var/folders/r7/6nlyyqdj6wvczsb3fx0h8vhh0000gn/T//ccDr3THD.ltrans0.ltrans.o
 .text.rgb_matrix_increase_val_helper
                0x08009a28       0x2c /var/folders/r7/6nlyyqdj6wvczsb3fx0h8vhh0000gn/T//ccDr3THD.ltrans0.ltrans.o
 .text.rgb_matrix_increase_val
                0x08009a54        0x6 /var/folders/r7/6nlyyqdj6wvczsb3fx0h8vhh0000gn/T//ccDr3THD.ltrans0.ltrans.o
 *fill*         0x08009a5a        0x2 
 .text.rgb_matrix_toggle_eeprom_helper
                0x08009a5c       0x40 /var/folders/r7/6nlyyqdj6wvczsb3fx0h8vhh0000gn/T//ccDr3THD.ltrans0.ltrans.o
 .text.rgb_matrix_enable_noeeprom
                0x08009a9c       0x34 /var/folders/r7/6nlyyqdj6wvczsb3fx0h8vhh0000gn/T//ccDr3THD.ltrans0.ltrans.o
 .text.indicator_enable
                0x08009ad0       0x14 /var/folders/r7/6nlyyqdj6wvczsb3fx0h8vhh0000gn/T//ccDr3THD.ltrans0.ltrans.o
 .text.rgb_matrix_enable
                0x08009ae4       0x2c /var/folders/r7/6nlyyqdj6wvczsb3fx0h8vhh0000gn/T//ccDr3THD.ltrans0.ltrans.o
 .text.rgb_matrix_decrease_val
                0x08009b10       0x34 /var/folders/r7/6nlyyqdj6wvczsb3fx0h8vhh0000gn/T//ccDr3THD.ltrans0.ltrans.o
 .text.rgb_matrix_increase_speed
                0x08009b44       0x24 /var/folders/r7/6nlyyqdj6wvczsb3fx0h8vhh0000gn/T//ccDr3THD.ltrans0.ltrans.o
 .text.rgb_matrix_decrease_speed
                0x08009b68       0x20 /var/folders/r7/6nlyyqdj6wvczsb3fx0h8vhh0000gn/T//ccDr3THD.ltrans0.ltrans.o
 .text.snled27351_set_color
                0x08009b88       0x40 /var/folders/r7/6nlyyqdj6wvczsb3fx0h8vhh0000gn/T//ccDr3THD.ltrans0.ltrans.o
 .text.snled27351_set_color_all
                0x08009bc8       0x1e /var/folders/r7/6nlyyqdj6wvczsb3fx0h8vhh0000gn/T//ccDr3THD.ltrans0.ltrans.o
 *fill*         0x08009be6        0x2 
 .text.snled27351_shutdown
                0x08009be8        0xc /var/folders/r7/6nlyyqdj6wvczsb3fx0h8vhh0000gn/T//ccDr3THD.ltrans0.ltrans.o
 .text.snled27351_exit_shutdown
                0x08009bf4        0xc /var/folders/r7/6nlyyqdj6wvczsb3fx0h8vhh0000gn/T//ccDr3THD.ltrans0.ltrans.o
 .text.handleKeycodeRGB
                0x08009c00        0x6 /var/folders/r7/6nlyyqdj6wvczsb3fx0h8vhh0000gn/T//ccDr3THD.ltrans0.ltrans.o
 .text.times_inv_sqrt2
                0x08009c06       0x26 /var/folders/r7/6nlyyqdj6wvczsb3fx0h8vhh0000gn/T//ccDr3THD.ltrans0.ltrans.o
 .text.move_unit
                0x08009c2c       0x44 /var/folders/r7/6nlyyqdj6wvczsb3fx0h8vhh0000gn/T//ccDr3THD.ltrans0.ltrans.o
 .text.wheel_unit
                0x08009c70       0x44 /var/folders/r7/6nlyyqdj6wvczsb3fx0h8vhh0000gn/T//ccDr3THD.ltrans0.ltrans.o
 .text.mousekey_on
                0x08009cb4       0xc4 /var/folders/r7/6nlyyqdj6wvczsb3fx0h8vhh0000gn/T//ccDr3THD.ltrans0.ltrans.o
 .text.mousekey_off
                0x08009d78      0x118 /var/folders/r7/6nlyyqdj6wvczsb3fx0h8vhh0000gn/T//ccDr3THD.ltrans0.ltrans.o
 .text.host_keyboard_leds
                0x08009e90       0x10 /var/folders/r7/6nlyyqdj6wvczsb3fx0h8vhh0000gn/T//ccDr3THD.ltrans0.ltrans.o
 .text.os_state_indicate
                0x08009ea0       0x34 /var/folders/r7/6nlyyqdj6wvczsb3fx0h8vhh0000gn/T//ccDr3THD.ltrans0.ltrans.o
 .text.rgb_matrix_indicators_bt.isra.0
                0x08009ed4      0x198 /var/folders/r7/6nlyyqdj6wvczsb3fx0h8vhh0000gn/T//ccDr3THD.ltrans0.ltrans.o
 .text.rgb_matrix_driver_allow_shutdown
                0x0800a06c       0x14 /var/folders/r7/6nlyyqdj6wvczsb3fx0h8vhh0000gn/T//ccDr3THD.ltrans0.ltrans.o
 .text.led_update_kb.isra.0
                0x0800a080       0x50 /var/folders/r7/6nlyyqdj6wvczsb3fx0h8vhh0000gn/T//ccDr3THD.ltrans0.ltrans.o
 .text.rgb_task_flush
                0x0800a0d0       0x58 /var/folders/r7/6nlyyqdj6wvczsb3fx0h8vhh0000gn/T//ccDr3THD.ltrans0.ltrans.o
 .text.host_system_send
                0x0800a128       0x30 /var/folders/r7/6nlyyqdj6wvczsb3fx0h8vhh0000gn/T//ccDr3THD.ltrans0.ltrans.o
 .text.host_consumer_send
                0x0800a158       0x30 /var/folders/r7/6nlyyqdj6wvczsb3fx0h8vhh0000gn/T//ccDr3THD.ltrans0.ltrans.o
 .text.add_key_to_report
                0x0800a188       0x6c /var/folders/r7/6nlyyqdj6wvczsb3fx0h8vhh0000gn/T//ccDr3THD.ltrans0.ltrans.o
 .text.del_key_from_report
                0x0800a1f4       0x58 /var/folders/r7/6nlyyqdj6wvczsb3fx0h8vhh0000gn/T//ccDr3THD.ltrans0.ltrans.o
 .text.timer_read32
                0x0800a24c       0x70 /var/folders/r7/6nlyyqdj6wvczsb3fx0h8vhh0000gn/T//ccDr3THD.ltrans0.ltrans.o
 .text.indicator_battery_low_enable
                0x0800a2bc       0x34 /var/folders/r7/6nlyyqdj6wvczsb3fx0h8vhh0000gn/T//ccDr3THD.ltrans0.ltrans.o
 .text.bt_transport_enable.part.0
                0x0800a2f0       0x34 /var/folders/r7/6nlyyqdj6wvczsb3fx0h8vhh0000gn/T//ccDr3THD.ltrans0.ltrans.o
 .text.p24g_transport_enable.part.0
                0x0800a324       0x34 /var/folders/r7/6nlyyqdj6wvczsb3fx0h8vhh0000gn/T//ccDr3THD.ltrans0.ltrans.o
 .text.lpm_timer_reset
                0x0800a358       0x1c /var/folders/r7/6nlyyqdj6wvczsb3fx0h8vhh0000gn/T//ccDr3THD.ltrans0.ltrans.o
 .text.factory_timer_start
                0x0800a374       0x10 /var/folders/r7/6nlyyqdj6wvczsb3fx0h8vhh0000gn/T//ccDr3THD.ltrans0.ltrans.o
 .text.mousekey_send
                0x0800a384       0x4c /var/folders/r7/6nlyyqdj6wvczsb3fx0h8vhh0000gn/T//ccDr3THD.ltrans0.ltrans.o
 .text.__NVIC_SystemReset
                0x0800a3d0       0x24 /var/folders/r7/6nlyyqdj6wvczsb3fx0h8vhh0000gn/T//ccDr3THD.ltrans0.ltrans.o
 .text.usb_get_descriptor_cb
                0x0800a3f4       0x9c /var/folders/r7/6nlyyqdj6wvczsb3fx0h8vhh0000gn/T//ccDr3THD.ltrans0.ltrans.o
 .text.usb_event_queue_enqueue.isra.0
                0x0800a490       0x28 /var/folders/r7/6nlyyqdj6wvczsb3fx0h8vhh0000gn/T//ccDr3THD.ltrans0.ltrans.o
 .text.set_led_transfer_cb
                0x0800a4b8       0x34 /var/folders/r7/6nlyyqdj6wvczsb3fx0h8vhh0000gn/T//ccDr3THD.ltrans0.ltrans.o
 .text.usb_requests_hook_cb
                0x0800a4ec      0x1ac /var/folders/r7/6nlyyqdj6wvczsb3fx0h8vhh0000gn/T//ccDr3THD.ltrans0.ltrans.o
 .text.dummy_cb
                0x0800a698        0x2 /var/folders/r7/6nlyyqdj6wvczsb3fx0h8vhh0000gn/T//ccDr3THD.ltrans0.ltrans.o
 *fill*         0x0800a69a        0x2 
 .text.keyboard_leds
                0x0800a69c        0xc /var/folders/r7/6nlyyqdj6wvczsb3fx0h8vhh0000gn/T//ccDr3THD.ltrans0.ltrans.o
 .text.report_buffer_init
                0x0800a6a8       0x3c /var/folders/r7/6nlyyqdj6wvczsb3fx0h8vhh0000gn/T//ccDr3THD.ltrans0.ltrans.o
 .text.wear_leveling_clear_cache
                0x0800a6e4       0x20 /var/folders/r7/6nlyyqdj6wvczsb3fx0h8vhh0000gn/T//ccDr3THD.ltrans0.ltrans.o
 .text.clear_keys_from_report
                0x0800a704       0x34 /var/folders/r7/6nlyyqdj6wvczsb3fx0h8vhh0000gn/T//ccDr3THD.ltrans0.ltrans.o
 .text.usb_event_queue_init
                0x0800a738       0x24 /var/folders/r7/6nlyyqdj6wvczsb3fx0h8vhh0000gn/T//ccDr3THD.ltrans0.ltrans.o
 .text.wear_leveling_read.isra.0
                0x0800a75c       0x20 /var/folders/r7/6nlyyqdj6wvczsb3fx0h8vhh0000gn/T//ccDr3THD.ltrans0.ltrans.o
 .text.eeprom_read_word
                0x0800a77c       0x1a /var/folders/r7/6nlyyqdj6wvczsb3fx0h8vhh0000gn/T//ccDr3THD.ltrans0.ltrans.o
 *fill*         0x0800a796        0x2 
 .text.encoder_cb_init
                0x0800a798       0x54 /var/folders/r7/6nlyyqdj6wvczsb3fx0h8vhh0000gn/T//ccDr3THD.ltrans0.ltrans.o
 .text.send_keyboard_report
                0x0800a7ec       0x8c /var/folders/r7/6nlyyqdj6wvczsb3fx0h8vhh0000gn/T//ccDr3THD.ltrans0.ltrans.o
 .text.unregister_code
                0x0800a878       0x72 /var/folders/r7/6nlyyqdj6wvczsb3fx0h8vhh0000gn/T//ccDr3THD.ltrans0.ltrans.o
 *fill*         0x0800a8ea        0x2 
 .text.register_code
                0x0800a8ec       0xd8 /var/folders/r7/6nlyyqdj6wvczsb3fx0h8vhh0000gn/T//ccDr3THD.ltrans0.ltrans.o
 .text.register_mods
                0x0800a9c4       0x14 /var/folders/r7/6nlyyqdj6wvczsb3fx0h8vhh0000gn/T//ccDr3THD.ltrans0.ltrans.o
 .text.unregister_mods
                0x0800a9d8       0x12 /var/folders/r7/6nlyyqdj6wvczsb3fx0h8vhh0000gn/T//ccDr3THD.ltrans0.ltrans.o
 *fill*         0x0800a9ea        0x2 
 .text.clear_keyboard
                0x0800a9ec       0x58 /var/folders/r7/6nlyyqdj6wvczsb3fx0h8vhh0000gn/T//ccDr3THD.ltrans0.ltrans.o
 .text.usb_event_queue_task
                0x0800aa44       0xc8 /var/folders/r7/6nlyyqdj6wvczsb3fx0h8vhh0000gn/T//ccDr3THD.ltrans0.ltrans.o
 .text.rtc_timer_read_ms
                0x0800ab0c       0xa0 /var/folders/r7/6nlyyqdj6wvczsb3fx0h8vhh0000gn/T//ccDr3THD.ltrans0.ltrans.o
 .text.indicator_battery_low_backlit_enable.part.0
                0x0800abac       0x64 /var/folders/r7/6nlyyqdj6wvczsb3fx0h8vhh0000gn/T//ccDr3THD.ltrans0.ltrans.o
 .text.rtc_timer_clear
                0x0800ac10       0x38 /var/folders/r7/6nlyyqdj6wvczsb3fx0h8vhh0000gn/T//ccDr3THD.ltrans0.ltrans.o
 .text.rgb_task_render
                0x0800ac48      0x6dc /var/folders/r7/6nlyyqdj6wvczsb3fx0h8vhh0000gn/T//ccDr3THD.ltrans0.ltrans.o
 .text.snled27351_write.isra.0
                0x0800b324       0x50 /var/folders/r7/6nlyyqdj6wvczsb3fx0h8vhh0000gn/T//ccDr3THD.ltrans0.ltrans.o
 .text.snled27351_write_register.constprop.0.isra.0
                0x0800b374       0x1a /var/folders/r7/6nlyyqdj6wvczsb3fx0h8vhh0000gn/T//ccDr3THD.ltrans0.ltrans.o
 *fill*         0x0800b38e        0x2 
 .text.snled27351_flush
                0x0800b390       0x40 /var/folders/r7/6nlyyqdj6wvczsb3fx0h8vhh0000gn/T//ccDr3THD.ltrans0.ltrans.o
 .text.usb_event_cb
                0x0800b3d0      0x248 /var/folders/r7/6nlyyqdj6wvczsb3fx0h8vhh0000gn/T//ccDr3THD.ltrans0.ltrans.o
 .text.send_report.isra.0
                0x0800b618      0x15c /var/folders/r7/6nlyyqdj6wvczsb3fx0h8vhh0000gn/T//ccDr3THD.ltrans0.ltrans.o
 .text.send_keyboard
                0x0800b774        0xa /var/folders/r7/6nlyyqdj6wvczsb3fx0h8vhh0000gn/T//ccDr3THD.ltrans0.ltrans.o
 .text.send_nkro
                0x0800b77e        0xa /var/folders/r7/6nlyyqdj6wvczsb3fx0h8vhh0000gn/T//ccDr3THD.ltrans0.ltrans.o
 .text.send_mouse
                0x0800b788        0xa /var/folders/r7/6nlyyqdj6wvczsb3fx0h8vhh0000gn/T//ccDr3THD.ltrans0.ltrans.o
 .text.send_extra
                0x0800b792        0xa /var/folders/r7/6nlyyqdj6wvczsb3fx0h8vhh0000gn/T//ccDr3THD.ltrans0.ltrans.o
 .text.raw_hid_send.part.0
                0x0800b79c        0xa /var/folders/r7/6nlyyqdj6wvczsb3fx0h8vhh0000gn/T//ccDr3THD.ltrans0.ltrans.o
 .text.factory_test_send
                0x0800b7a6       0x46 /var/folders/r7/6nlyyqdj6wvczsb3fx0h8vhh0000gn/T//ccDr3THD.ltrans0.ltrans.o
 .text.dip_switch_read
                0x0800b7ec       0x64 /var/folders/r7/6nlyyqdj6wvczsb3fx0h8vhh0000gn/T//ccDr3THD.ltrans0.ltrans.o
 .text.wireless_enter_bluetooth_pin_code_entry_kb
                0x0800b850        0x2 /var/folders/r7/6nlyyqdj6wvczsb3fx0h8vhh0000gn/T//ccDr3THD.ltrans0.ltrans.o
                0x0800b850                __cpu_init
                0x0800b850                wireless_enter_bluetooth_pin_code_entry_kb
 *fill*         0x0800b852        0x2 
 .text.indicator_init
                0x0800b854       0x2c /var/folders/r7/6nlyyqdj6wvczsb3fx0h8vhh0000gn/T//ccDr3THD.ltrans0.ltrans.o
 .text.setPinInputHigh_atomic
                0x0800b880       0x22 /var/folders/r7/6nlyyqdj6wvczsb3fx0h8vhh0000gn/T//ccDr3THD.ltrans0.ltrans.o
 *fill*         0x0800b8a2        0x2 
 .text.matrix_init
                0x0800b8a4       0x70 /var/folders/r7/6nlyyqdj6wvczsb3fx0h8vhh0000gn/T//ccDr3THD.ltrans0.ltrans.o
 .text.matrix_scan.isra.0
                0x0800b914      0x1fc /var/folders/r7/6nlyyqdj6wvczsb3fx0h8vhh0000gn/T//ccDr3THD.ltrans0.ltrans.o
 .text.snled27351_init_drivers
                0x0800bb10      0x1b0 /var/folders/r7/6nlyyqdj6wvczsb3fx0h8vhh0000gn/T//ccDr3THD.ltrans0.ltrans.o
 .text.dip_switch_init
                0x0800bcc0       0x1c /var/folders/r7/6nlyyqdj6wvczsb3fx0h8vhh0000gn/T//ccDr3THD.ltrans0.ltrans.o
 .text.lkbt51_init
                0x0800bcdc       0x94 /var/folders/r7/6nlyyqdj6wvczsb3fx0h8vhh0000gn/T//ccDr3THD.ltrans0.ltrans.o
 .text.lkbt51_wake
                0x0800bd70       0x44 /var/folders/r7/6nlyyqdj6wvczsb3fx0h8vhh0000gn/T//ccDr3THD.ltrans0.ltrans.o
 .text.backing_store_erase
                0x0800bdb4       0x84 /var/folders/r7/6nlyyqdj6wvczsb3fx0h8vhh0000gn/T//ccDr3THD.ltrans0.ltrans.o
 .text.wear_leveling_consolidate_force
                0x0800be38       0xdc /var/folders/r7/6nlyyqdj6wvczsb3fx0h8vhh0000gn/T//ccDr3THD.ltrans0.ltrans.o
 .text.wear_leveling_consolidate_if_needed
                0x0800bf14       0x18 /var/folders/r7/6nlyyqdj6wvczsb3fx0h8vhh0000gn/T//ccDr3THD.ltrans0.ltrans.o
 .text.wear_leveling_append_raw
                0x0800bf2c       0x28 /var/folders/r7/6nlyyqdj6wvczsb3fx0h8vhh0000gn/T//ccDr3THD.ltrans0.ltrans.o
 .text.wear_leveling_write.isra.0
                0x0800bf54       0xa8 /var/folders/r7/6nlyyqdj6wvczsb3fx0h8vhh0000gn/T//ccDr3THD.ltrans0.ltrans.o
 .text.eeprom_update_block.constprop.0
                0x0800bffc       0x2e /var/folders/r7/6nlyyqdj6wvczsb3fx0h8vhh0000gn/T//ccDr3THD.ltrans0.ltrans.o
 *fill*         0x0800c02a        0x2 
 .text.eeconfig_update_rgb_matrix_default
                0x0800c02c       0x34 /var/folders/r7/6nlyyqdj6wvczsb3fx0h8vhh0000gn/T//ccDr3THD.ltrans0.ltrans.o
 .text.indicator_eeconfig_reload
                0x0800c060       0x24 /var/folders/r7/6nlyyqdj6wvczsb3fx0h8vhh0000gn/T//ccDr3THD.ltrans0.ltrans.o
 .text.indicator_timer_cb
                0x0800c084       0xe0 /var/folders/r7/6nlyyqdj6wvczsb3fx0h8vhh0000gn/T//ccDr3THD.ltrans0.ltrans.o
 .text.indicator_set
                0x0800c164      0x174 /var/folders/r7/6nlyyqdj6wvczsb3fx0h8vhh0000gn/T//ccDr3THD.ltrans0.ltrans.o
 .text.wireless_connect
                0x0800c2d8       0x44 /var/folders/r7/6nlyyqdj6wvczsb3fx0h8vhh0000gn/T//ccDr3THD.ltrans0.ltrans.o
 .text.wireless_send_keyboard
                0x0800c31c       0x7c /var/folders/r7/6nlyyqdj6wvczsb3fx0h8vhh0000gn/T//ccDr3THD.ltrans0.ltrans.o
 .text.wireless_send_nkro
                0x0800c398       0x7c /var/folders/r7/6nlyyqdj6wvczsb3fx0h8vhh0000gn/T//ccDr3THD.ltrans0.ltrans.o
 .text.wireless_send_mouse
                0x0800c414       0x24 /var/folders/r7/6nlyyqdj6wvczsb3fx0h8vhh0000gn/T//ccDr3THD.ltrans0.ltrans.o
 .text.wireless_send_extra
                0x0800c438       0xb4 /var/folders/r7/6nlyyqdj6wvczsb3fx0h8vhh0000gn/T//ccDr3THD.ltrans0.ltrans.o
 .text.indicator_stop
                0x0800c4ec       0x2c /var/folders/r7/6nlyyqdj6wvczsb3fx0h8vhh0000gn/T//ccDr3THD.ltrans0.ltrans.o
 .text.bt_transport_enable
                0x0800c518       0x40 /var/folders/r7/6nlyyqdj6wvczsb3fx0h8vhh0000gn/T//ccDr3THD.ltrans0.ltrans.o
 .text.p24g_transport_enable
                0x0800c558       0x40 /var/folders/r7/6nlyyqdj6wvczsb3fx0h8vhh0000gn/T//ccDr3THD.ltrans0.ltrans.o
 .text.indicator_battery_low_backlit_enable
                0x0800c598       0x38 /var/folders/r7/6nlyyqdj6wvczsb3fx0h8vhh0000gn/T//ccDr3THD.ltrans0.ltrans.o
 .text.rgb_matrix_task
                0x0800c5d0      0x180 /var/folders/r7/6nlyyqdj6wvczsb3fx0h8vhh0000gn/T//ccDr3THD.ltrans0.ltrans.o
 .text.eeprom_update_byte
                0x0800c750       0x32 /var/folders/r7/6nlyyqdj6wvczsb3fx0h8vhh0000gn/T//ccDr3THD.ltrans0.ltrans.o
 .text.eeprom_update_word
                0x0800c782       0x22 /var/folders/r7/6nlyyqdj6wvczsb3fx0h8vhh0000gn/T//ccDr3THD.ltrans0.ltrans.o
 .text.oneshot_set
                0x0800c7a4       0x2c /var/folders/r7/6nlyyqdj6wvczsb3fx0h8vhh0000gn/T//ccDr3THD.ltrans0.ltrans.o
 .text.eeprom_update_dword.constprop.0
                0x0800c7d0       0x28 /var/folders/r7/6nlyyqdj6wvczsb3fx0h8vhh0000gn/T//ccDr3THD.ltrans0.ltrans.o
 .text.wear_leveling_erase.isra.0
                0x0800c7f8       0x1e /var/folders/r7/6nlyyqdj6wvczsb3fx0h8vhh0000gn/T//ccDr3THD.ltrans0.ltrans.o
 *fill*         0x0800c816        0x2 
 .text.eeconfig_init_quantum
                0x0800c818       0x8c /var/folders/r7/6nlyyqdj6wvczsb3fx0h8vhh0000gn/T//ccDr3THD.ltrans0.ltrans.o
 .text.rgb_matrix_init
                0x0800c8a4       0x74 /var/folders/r7/6nlyyqdj6wvczsb3fx0h8vhh0000gn/T//ccDr3THD.ltrans0.ltrans.o
 .text.set_transport
                0x0800c918      0x140 /var/folders/r7/6nlyyqdj6wvczsb3fx0h8vhh0000gn/T//ccDr3THD.ltrans0.ltrans.o
 .text.perform_space_cadet.isra.0
                0x0800ca58       0xa8 /var/folders/r7/6nlyyqdj6wvczsb3fx0h8vhh0000gn/T//ccDr3THD.ltrans0.ltrans.o
 .text.process_record
                0x0800cb00      0xb98 /var/folders/r7/6nlyyqdj6wvczsb3fx0h8vhh0000gn/T//ccDr3THD.ltrans0.ltrans.o
 .text.waiting_buffer_scan_tap
                0x0800d698       0x84 /var/folders/r7/6nlyyqdj6wvczsb3fx0h8vhh0000gn/T//ccDr3THD.ltrans0.ltrans.o
 .text.process_tapping
                0x0800d71c      0x214 /var/folders/r7/6nlyyqdj6wvczsb3fx0h8vhh0000gn/T//ccDr3THD.ltrans0.ltrans.o
 .text.action_exec
                0x0800d930       0xd0 /var/folders/r7/6nlyyqdj6wvczsb3fx0h8vhh0000gn/T//ccDr3THD.ltrans0.ltrans.o
 .text.generate_tick_event
                0x0800da00       0x34 /var/folders/r7/6nlyyqdj6wvczsb3fx0h8vhh0000gn/T//ccDr3THD.ltrans0.ltrans.o
 .text.init_usb_driver.constprop.0
                0x0800da34      0x1c8 /var/folders/r7/6nlyyqdj6wvczsb3fx0h8vhh0000gn/T//ccDr3THD.ltrans0.ltrans.o
 .text.lkbt51_send_cmd
                0x0800dbfc       0xd4 /var/folders/r7/6nlyyqdj6wvczsb3fx0h8vhh0000gn/T//ccDr3THD.ltrans0.ltrans.o
 .text.lkbt51_send_keyboard
                0x0800dcd0       0x38 /var/folders/r7/6nlyyqdj6wvczsb3fx0h8vhh0000gn/T//ccDr3THD.ltrans0.ltrans.o
 .text.lkbt51_send_nkro
                0x0800dd08       0x38 /var/folders/r7/6nlyyqdj6wvczsb3fx0h8vhh0000gn/T//ccDr3THD.ltrans0.ltrans.o
 .text.lkbt51_send_consumer
                0x0800dd40       0x34 /var/folders/r7/6nlyyqdj6wvczsb3fx0h8vhh0000gn/T//ccDr3THD.ltrans0.ltrans.o
 .text.lkbt51_send_system
                0x0800dd74       0x40 /var/folders/r7/6nlyyqdj6wvczsb3fx0h8vhh0000gn/T//ccDr3THD.ltrans0.ltrans.o
 .text.lkbt51_send_mouse
                0x0800ddb4       0x4c /var/folders/r7/6nlyyqdj6wvczsb3fx0h8vhh0000gn/T//ccDr3THD.ltrans0.ltrans.o
 .text.lkbt51_become_discoverable
                0x0800de00       0x84 /var/folders/r7/6nlyyqdj6wvczsb3fx0h8vhh0000gn/T//ccDr3THD.ltrans0.ltrans.o
 .text.lkbt51_connect
                0x0800de84       0x40 /var/folders/r7/6nlyyqdj6wvczsb3fx0h8vhh0000gn/T//ccDr3THD.ltrans0.ltrans.o
 .text.lkbt51_disconnect
                0x0800dec4       0x48 /var/folders/r7/6nlyyqdj6wvczsb3fx0h8vhh0000gn/T//ccDr3THD.ltrans0.ltrans.o
 .text.lkbt51_update_bat_lvl
                0x0800df0c       0x30 /var/folders/r7/6nlyyqdj6wvczsb3fx0h8vhh0000gn/T//ccDr3THD.ltrans0.ltrans.o
 .text.lkbt51_update_bat_state
                0x0800df3c       0x30 /var/folders/r7/6nlyyqdj6wvczsb3fx0h8vhh0000gn/T//ccDr3THD.ltrans0.ltrans.o
 .text.lkbt51_param_init
                0x0800df6c       0x9c /var/folders/r7/6nlyyqdj6wvczsb3fx0h8vhh0000gn/T//ccDr3THD.ltrans0.ltrans.o
 .text.wireless_tasks.isra.0
                0x0800e008      0xba4 /var/folders/r7/6nlyyqdj6wvczsb3fx0h8vhh0000gn/T//ccDr3THD.ltrans0.ltrans.o
 .text.factory_test_task.isra.0
                0x0800ebac       0xf4 /var/folders/r7/6nlyyqdj6wvczsb3fx0h8vhh0000gn/T//ccDr3THD.ltrans0.ltrans.o
 .text.startup.main
                0x0800eca0      0xf10 /var/folders/r7/6nlyyqdj6wvczsb3fx0h8vhh0000gn/T//ccDr3THD.ltrans0.ltrans.o
                0x0800eca0                main
 .text.lkbt51_task
                0x0800fbb0      0x3c0 /var/folders/r7/6nlyyqdj6wvczsb3fx0h8vhh0000gn/T//ccDr3THD.ltrans0.ltrans.o
 .text.usb_set_idle_rate
                0x0800ff70       0x1c /var/folders/r7/6nlyyqdj6wvczsb3fx0h8vhh0000gn/T//ccDr3THD.ltrans1.ltrans.o
                0x0800ff70                usb_set_idle_rate
 .text.usb_get_idle_rate
                0x0800ff8c        0xc /var/folders/r7/6nlyyqdj6wvczsb3fx0h8vhh0000gn/T//ccDr3THD.ltrans1.ltrans.o
                0x0800ff8c                usb_get_idle_rate
 .text.usb_idle_timer_elapsed
                0x0800ff98       0x50 /var/folders/r7/6nlyyqdj6wvczsb3fx0h8vhh0000gn/T//ccDr3THD.ltrans1.ltrans.o
                0x0800ff98                usb_idle_timer_elapsed
 .text.usb_shared_set_idle_rate
                0x0800ffe8       0x24 /var/folders/r7/6nlyyqdj6wvczsb3fx0h8vhh0000gn/T//ccDr3THD.ltrans1.ltrans.o
                0x0800ffe8                usb_shared_set_idle_rate
 .text.usb_shared_get_idle_rate
                0x0801000c       0x16 /var/folders/r7/6nlyyqdj6wvczsb3fx0h8vhh0000gn/T//ccDr3THD.ltrans1.ltrans.o
                0x0801000c                usb_shared_get_idle_rate
 *fill*         0x08010022        0x2 
 .text.usb_shared_idle_timer_elapsed
                0x08010024       0x58 /var/folders/r7/6nlyyqdj6wvczsb3fx0h8vhh0000gn/T//ccDr3THD.ltrans1.ltrans.o
                0x08010024                usb_shared_idle_timer_elapsed
 .text.__idle_thread.lto_priv.0
                0x0801007c        0x4 /var/folders/r7/6nlyyqdj6wvczsb3fx0h8vhh0000gn/T//ccDr3THD.ltrans1.ltrans.o
                0x0801007c                __idle_thread.lto_priv.0
 .text.ch_sch_prio_insert
                0x08010080       0x1e /var/folders/r7/6nlyyqdj6wvczsb3fx0h8vhh0000gn/T//ccDr3THD.ltrans1.ltrans.o
 *fill*         0x0801009e        0x2 
 .text._usb_wakeup.constprop.0
                0x080100a0       0x1c /var/folders/r7/6nlyyqdj6wvczsb3fx0h8vhh0000gn/T//ccDr3THD.ltrans1.ltrans.o
 .text.stm32_flash_check_errors
                0x080100bc       0x26 /var/folders/r7/6nlyyqdj6wvczsb3fx0h8vhh0000gn/T//ccDr3THD.ltrans1.ltrans.o
 .text.efl_lld_get_descriptor
                0x080100e2        0x4 /var/folders/r7/6nlyyqdj6wvczsb3fx0h8vhh0000gn/T//ccDr3THD.ltrans1.ltrans.o
 .text.efl_lld_program
                0x080100e6       0xae /var/folders/r7/6nlyyqdj6wvczsb3fx0h8vhh0000gn/T//ccDr3THD.ltrans1.ltrans.o
 .text.efl_lld_start_erase_all
                0x08010194        0xc /var/folders/r7/6nlyyqdj6wvczsb3fx0h8vhh0000gn/T//ccDr3THD.ltrans1.ltrans.o
 .text.efl_lld_start_erase_sector
                0x080101a0       0x46 /var/folders/r7/6nlyyqdj6wvczsb3fx0h8vhh0000gn/T//ccDr3THD.ltrans1.ltrans.o
 .text.efl_lld_query_erase
                0x080101e6       0x30 /var/folders/r7/6nlyyqdj6wvczsb3fx0h8vhh0000gn/T//ccDr3THD.ltrans1.ltrans.o
 *fill*         0x08010216        0x2 
 .text.dmaStreamFreeI
                0x08010218       0x7c /var/folders/r7/6nlyyqdj6wvczsb3fx0h8vhh0000gn/T//ccDr3THD.ltrans1.ltrans.o
 .text.dmaStreamAllocI.part.0.constprop.0
                0x08010294       0xa8 /var/folders/r7/6nlyyqdj6wvczsb3fx0h8vhh0000gn/T//ccDr3THD.ltrans1.ltrans.o
 .text.usb_lld_start_out
                0x0801033c       0x72 /var/folders/r7/6nlyyqdj6wvczsb3fx0h8vhh0000gn/T//ccDr3THD.ltrans1.ltrans.o
 .text.usbStartReceiveI
                0x080103ae       0x24 /var/folders/r7/6nlyyqdj6wvczsb3fx0h8vhh0000gn/T//ccDr3THD.ltrans1.ltrans.o
 .text.usb_lld_start_in
                0x080103d2       0x8c /var/folders/r7/6nlyyqdj6wvczsb3fx0h8vhh0000gn/T//ccDr3THD.ltrans1.ltrans.o
 .text.usbStartTransmitI
                0x0801045e       0x24 /var/folders/r7/6nlyyqdj6wvczsb3fx0h8vhh0000gn/T//ccDr3THD.ltrans1.ltrans.o
 .text.obnotify.lto_priv.0
                0x08010482       0x36 /var/folders/r7/6nlyyqdj6wvczsb3fx0h8vhh0000gn/T//ccDr3THD.ltrans1.ltrans.o
                0x08010482                obnotify.lto_priv.0
 .text._usb_ep0in
                0x080104b8       0xb8 /var/folders/r7/6nlyyqdj6wvczsb3fx0h8vhh0000gn/T//ccDr3THD.ltrans1.ltrans.o
 .text._usb_ep0out
                0x08010570       0x80 /var/folders/r7/6nlyyqdj6wvczsb3fx0h8vhh0000gn/T//ccDr3THD.ltrans1.ltrans.o
 .text._getsize
                0x080105f0        0x4 /var/folders/r7/6nlyyqdj6wvczsb3fx0h8vhh0000gn/T//ccDr3THD.ltrans1.ltrans.o
 .text._read    0x080105f4       0x2a /var/folders/r7/6nlyyqdj6wvczsb3fx0h8vhh0000gn/T//ccDr3THD.ltrans1.ltrans.o
 .text._write   0x0801061e       0x3c /var/folders/r7/6nlyyqdj6wvczsb3fx0h8vhh0000gn/T//ccDr3THD.ltrans1.ltrans.o
 .text.spi_lld_configure
                0x0801065a       0x2e /var/folders/r7/6nlyyqdj6wvczsb3fx0h8vhh0000gn/T//ccDr3THD.ltrans1.ltrans.o
 .text.spi_lld_stop_abort.isra.0
                0x08010688       0xa4 /var/folders/r7/6nlyyqdj6wvczsb3fx0h8vhh0000gn/T//ccDr3THD.ltrans1.ltrans.o
 .text.gpio_init
                0x0801072c       0x1e /var/folders/r7/6nlyyqdj6wvczsb3fx0h8vhh0000gn/T//ccDr3THD.ltrans1.ltrans.o
 .text.usb_set_report
                0x0801074a       0x1e /var/folders/r7/6nlyyqdj6wvczsb3fx0h8vhh0000gn/T//ccDr3THD.ltrans1.ltrans.o
                0x0801074a                usb_set_report
 .text.usb_get_report
                0x08010768       0x16 /var/folders/r7/6nlyyqdj6wvczsb3fx0h8vhh0000gn/T//ccDr3THD.ltrans1.ltrans.o
                0x08010768                usb_get_report
 .text.usb_shared_set_report
                0x0801077e       0x24 /var/folders/r7/6nlyyqdj6wvczsb3fx0h8vhh0000gn/T//ccDr3THD.ltrans1.ltrans.o
                0x0801077e                usb_shared_set_report
 .text.usb_shared_get_report
                0x080107a2       0x1c /var/folders/r7/6nlyyqdj6wvczsb3fx0h8vhh0000gn/T//ccDr3THD.ltrans1.ltrans.o
                0x080107a2                usb_shared_get_report
 .text.efl_lld_read
                0x080107be       0x2e /var/folders/r7/6nlyyqdj6wvczsb3fx0h8vhh0000gn/T//ccDr3THD.ltrans1.ltrans.o
 .text.usb_reset_report
                0x080107ec       0x1c /var/folders/r7/6nlyyqdj6wvczsb3fx0h8vhh0000gn/T//ccDr3THD.ltrans1.ltrans.o
                0x080107ec                usb_reset_report
 .text.usb_shared_reset_report
                0x08010808       0x26 /var/folders/r7/6nlyyqdj6wvczsb3fx0h8vhh0000gn/T//ccDr3THD.ltrans1.ltrans.o
                0x08010808                usb_shared_reset_report
 *fill*         0x0801082e        0x2 
 .text.vt_set_alarm
                0x08010830       0x38 /var/folders/r7/6nlyyqdj6wvczsb3fx0h8vhh0000gn/T//ccDr3THD.ltrans1.ltrans.o
 .text.vt_insert_first.constprop.0
                0x08010868       0x54 /var/folders/r7/6nlyyqdj6wvczsb3fx0h8vhh0000gn/T//ccDr3THD.ltrans1.ltrans.o
 .text.chSchGoSleepS
                0x080108bc       0x1c /var/folders/r7/6nlyyqdj6wvczsb3fx0h8vhh0000gn/T//ccDr3THD.ltrans1.ltrans.o
 .text.__port_irq_epilogue
                0x080108d8       0x5c /var/folders/r7/6nlyyqdj6wvczsb3fx0h8vhh0000gn/T//ccDr3THD.ltrans1.ltrans.o
 .text.spiSynchronizeS.constprop.0
                0x08010934       0x24 /var/folders/r7/6nlyyqdj6wvczsb3fx0h8vhh0000gn/T//ccDr3THD.ltrans1.ltrans.o
 .text.usb_start_receive.lto_priv.0
                0x08010958       0x36 /var/folders/r7/6nlyyqdj6wvczsb3fx0h8vhh0000gn/T//ccDr3THD.ltrans1.ltrans.o
                0x08010958                usb_start_receive.lto_priv.0
 .text.ibnotify.lto_priv.0
                0x0801098e        0x6 /var/folders/r7/6nlyyqdj6wvczsb3fx0h8vhh0000gn/T//ccDr3THD.ltrans1.ltrans.o
                0x0801098e                ibnotify.lto_priv.0
 .text.usb_endpoint_in_is_inactive
                0x08010994       0x38 /var/folders/r7/6nlyyqdj6wvczsb3fx0h8vhh0000gn/T//ccDr3THD.ltrans1.ltrans.o
                0x08010994                usb_endpoint_in_is_inactive
 .text.__late_init
                0x080109cc        0x2 /var/folders/r7/6nlyyqdj6wvczsb3fx0h8vhh0000gn/T//ccDr3THD.ltrans1.ltrans.o
                0x080109cc                __late_init
 .text.__default_exit
                0x080109ce        0x2 /var/folders/r7/6nlyyqdj6wvczsb3fx0h8vhh0000gn/T//ccDr3THD.ltrans1.ltrans.o
                0x080109ce                __default_exit
 .text.__init_ram_areas
                0x080109d0       0x4c /var/folders/r7/6nlyyqdj6wvczsb3fx0h8vhh0000gn/T//ccDr3THD.ltrans1.ltrans.o
                0x080109d0                __init_ram_areas
 .text.chSysHalt
                0x08010a1c        0xc /var/folders/r7/6nlyyqdj6wvczsb3fx0h8vhh0000gn/T//ccDr3THD.ltrans1.ltrans.o
                0x08010a1c                chSysHalt
 .text.chSysPolledDelayX
                0x08010a28       0x14 /var/folders/r7/6nlyyqdj6wvczsb3fx0h8vhh0000gn/T//ccDr3THD.ltrans1.ltrans.o
                0x08010a28                chSysPolledDelayX
 .text.chSysGetStatusAndLockX.part.0
                0x08010a3c        0xc /var/folders/r7/6nlyyqdj6wvczsb3fx0h8vhh0000gn/T//ccDr3THD.ltrans1.ltrans.o
                0x08010a3c                chSysGetStatusAndLockX.part.0
 .text.__sch_ready_behind.isra.0
                0x08010a48       0x1c /var/folders/r7/6nlyyqdj6wvczsb3fx0h8vhh0000gn/T//ccDr3THD.ltrans1.ltrans.o
                0x08010a48                __sch_ready_behind.isra.0
 .text.__sch_wakeup
                0x08010a64       0x44 /var/folders/r7/6nlyyqdj6wvczsb3fx0h8vhh0000gn/T//ccDr3THD.ltrans1.ltrans.o
 .text.efl_acquire_exclusive
                0x08010aa8       0x70 /var/folders/r7/6nlyyqdj6wvczsb3fx0h8vhh0000gn/T//ccDr3THD.ltrans1.ltrans.o
 .text.chThdResumeI
                0x08010b18       0x12 /var/folders/r7/6nlyyqdj6wvczsb3fx0h8vhh0000gn/T//ccDr3THD.ltrans1.ltrans.o
 *fill*         0x08010b2a        0x2 
 .text.otg_epin_handler.constprop.0
                0x08010b2c      0x108 /var/folders/r7/6nlyyqdj6wvczsb3fx0h8vhh0000gn/T//ccDr3THD.ltrans1.ltrans.o
 .text.otg_epout_handler.constprop.0
                0x08010c34       0xb0 /var/folders/r7/6nlyyqdj6wvczsb3fx0h8vhh0000gn/T//ccDr3THD.ltrans1.ltrans.o
 .text.spi_lld_serve_rx_interrupt
                0x08010ce4       0x78 /var/folders/r7/6nlyyqdj6wvczsb3fx0h8vhh0000gn/T//ccDr3THD.ltrans1.ltrans.o
 .text.spi_lld_serve_tx_interrupt
                0x08010d5c       0x14 /var/folders/r7/6nlyyqdj6wvczsb3fx0h8vhh0000gn/T//ccDr3THD.ltrans1.ltrans.o
 .text.chThdDequeueNextI.constprop.0
                0x08010d70       0x18 /var/folders/r7/6nlyyqdj6wvczsb3fx0h8vhh0000gn/T//ccDr3THD.ltrans1.ltrans.o
 .text.usb_endpoint_in_tx_complete_cb
                0x08010d88       0xb0 /var/folders/r7/6nlyyqdj6wvczsb3fx0h8vhh0000gn/T//ccDr3THD.ltrans1.ltrans.o
                0x08010d88                usb_endpoint_in_tx_complete_cb
 .text.usb_endpoint_out_rx_complete_cb
                0x08010e38       0x5c /var/folders/r7/6nlyyqdj6wvczsb3fx0h8vhh0000gn/T//ccDr3THD.ltrans1.ltrans.o
                0x08010e38                usb_endpoint_out_rx_complete_cb
 .text.__sch_reschedule_ahead
                0x08010e94       0x38 /var/folders/r7/6nlyyqdj6wvczsb3fx0h8vhh0000gn/T//ccDr3THD.ltrans1.ltrans.o
                0x08010e94                chSchDoPreemption
 .text.chSchGoSleepTimeoutS
                0x08010ecc       0xf0 /var/folders/r7/6nlyyqdj6wvczsb3fx0h8vhh0000gn/T//ccDr3THD.ltrans1.ltrans.o
                0x08010ecc                chSchGoSleepTimeoutS
 .text.chSchRescheduleS
                0x08010fbc       0x18 /var/folders/r7/6nlyyqdj6wvczsb3fx0h8vhh0000gn/T//ccDr3THD.ltrans1.ltrans.o
                0x08010fbc                chSchRescheduleS
 .text.chSysRestoreStatusX
                0x08010fd4       0x1e /var/folders/r7/6nlyyqdj6wvczsb3fx0h8vhh0000gn/T//ccDr3THD.ltrans1.ltrans.o
                0x08010fd4                chSysRestoreStatusX
 *fill*         0x08010ff2        0x2 
 .text.efl_release_exclusive
                0x08010ff4       0x60 /var/folders/r7/6nlyyqdj6wvczsb3fx0h8vhh0000gn/T//ccDr3THD.ltrans1.ltrans.o
 .text.chThdExit
                0x08011054       0x18 /var/folders/r7/6nlyyqdj6wvczsb3fx0h8vhh0000gn/T//ccDr3THD.ltrans1.ltrans.o
                0x08011054                chThdExit
 .text.chThdSleep
                0x0801106c       0x18 /var/folders/r7/6nlyyqdj6wvczsb3fx0h8vhh0000gn/T//ccDr3THD.ltrans1.ltrans.o
                0x0801106c                chThdSleep
 .text.chThdDequeueAllI.constprop.0
                0x08011084       0x1e /var/folders/r7/6nlyyqdj6wvczsb3fx0h8vhh0000gn/T//ccDr3THD.ltrans1.ltrans.o
                0x08011084                chThdDequeueAllI.constprop.0
 *fill*         0x080110a2        0x2 
 .text.SVC_Handler
                0x080110a4       0x20 /var/folders/r7/6nlyyqdj6wvczsb3fx0h8vhh0000gn/T//ccDr3THD.ltrans1.ltrans.o
                0x080110a4                SVC_Handler
 .text.obqResetI
                0x080110c4       0x14 /var/folders/r7/6nlyyqdj6wvczsb3fx0h8vhh0000gn/T//ccDr3THD.ltrans1.ltrans.o
                0x080110c4                obqResetI
 .text.obqPostFullBufferS
                0x080110d8       0x26 /var/folders/r7/6nlyyqdj6wvczsb3fx0h8vhh0000gn/T//ccDr3THD.ltrans1.ltrans.o
                0x080110d8                obqPostFullBufferS
 .text.flashGetSectorOffset
                0x080110fe       0x1a /var/folders/r7/6nlyyqdj6wvczsb3fx0h8vhh0000gn/T//ccDr3THD.ltrans1.ltrans.o
                0x080110fe                flashGetSectorOffset
 .text.flashGetSectorSize
                0x08011118       0x1a /var/folders/r7/6nlyyqdj6wvczsb3fx0h8vhh0000gn/T//ccDr3THD.ltrans1.ltrans.o
                0x08011118                flashGetSectorSize
 .text.efl_lld_verify_erase
                0x08011132       0x46 /var/folders/r7/6nlyyqdj6wvczsb3fx0h8vhh0000gn/T//ccDr3THD.ltrans1.ltrans.o
 .text.spiStart
                0x08011178       0xd8 /var/folders/r7/6nlyyqdj6wvczsb3fx0h8vhh0000gn/T//ccDr3THD.ltrans1.ltrans.o
                0x08011178                spiStart
 .text.spiStop  0x08011250       0x5c /var/folders/r7/6nlyyqdj6wvczsb3fx0h8vhh0000gn/T//ccDr3THD.ltrans1.ltrans.o
                0x08011250                spiStop
 .text.spiSelect
                0x080112ac       0x1a /var/folders/r7/6nlyyqdj6wvczsb3fx0h8vhh0000gn/T//ccDr3THD.ltrans1.ltrans.o
                0x080112ac                spiSelect
 .text.spiUnselect
                0x080112c6       0x1a /var/folders/r7/6nlyyqdj6wvczsb3fx0h8vhh0000gn/T//ccDr3THD.ltrans1.ltrans.o
                0x080112c6                spiUnselect
 .text.spiExchange
                0x080112e0       0x48 /var/folders/r7/6nlyyqdj6wvczsb3fx0h8vhh0000gn/T//ccDr3THD.ltrans1.ltrans.o
                0x080112e0                spiExchange
 .text.spiSend  0x08011328       0x48 /var/folders/r7/6nlyyqdj6wvczsb3fx0h8vhh0000gn/T//ccDr3THD.ltrans1.ltrans.o
                0x08011328                spiSend
 .text.Vector58
                0x08011370       0x28 /var/folders/r7/6nlyyqdj6wvczsb3fx0h8vhh0000gn/T//ccDr3THD.ltrans1.ltrans.o
                0x08011370                Vector58
 .text.Vector5C
                0x08011398       0x28 /var/folders/r7/6nlyyqdj6wvczsb3fx0h8vhh0000gn/T//ccDr3THD.ltrans1.ltrans.o
                0x08011398                Vector5C
 .text.Vector60
                0x080113c0       0x28 /var/folders/r7/6nlyyqdj6wvczsb3fx0h8vhh0000gn/T//ccDr3THD.ltrans1.ltrans.o
                0x080113c0                Vector60
 .text.Vector64
                0x080113e8       0x28 /var/folders/r7/6nlyyqdj6wvczsb3fx0h8vhh0000gn/T//ccDr3THD.ltrans1.ltrans.o
                0x080113e8                Vector64
 .text.Vector68
                0x08011410       0x28 /var/folders/r7/6nlyyqdj6wvczsb3fx0h8vhh0000gn/T//ccDr3THD.ltrans1.ltrans.o
                0x08011410                Vector68
 .text.Vector9C
                0x08011438       0x64 /var/folders/r7/6nlyyqdj6wvczsb3fx0h8vhh0000gn/T//ccDr3THD.ltrans1.ltrans.o
                0x08011438                Vector9C
 .text.VectorE0
                0x0801149c       0x70 /var/folders/r7/6nlyyqdj6wvczsb3fx0h8vhh0000gn/T//ccDr3THD.ltrans1.ltrans.o
                0x0801149c                VectorE0
 .text.VectorB0
                0x0801150c       0xdc /var/folders/r7/6nlyyqdj6wvczsb3fx0h8vhh0000gn/T//ccDr3THD.ltrans1.ltrans.o
                0x0801150c                VectorB0
 .text.stm32_clock_init
                0x080115e8       0xf8 /var/folders/r7/6nlyyqdj6wvczsb3fx0h8vhh0000gn/T//ccDr3THD.ltrans1.ltrans.o
                0x080115e8                stm32_clock_init
 .text.__early_init
                0x080116e0       0xf4 /var/folders/r7/6nlyyqdj6wvczsb3fx0h8vhh0000gn/T//ccDr3THD.ltrans1.ltrans.o
                0x080116e0                __early_init
 .text.Vector6C
                0x080117d4       0x28 /var/folders/r7/6nlyyqdj6wvczsb3fx0h8vhh0000gn/T//ccDr3THD.ltrans1.ltrans.o
                0x080117d4                Vector6C
 .text.Vector70
                0x080117fc       0x2c /var/folders/r7/6nlyyqdj6wvczsb3fx0h8vhh0000gn/T//ccDr3THD.ltrans1.ltrans.o
                0x080117fc                Vector70
 .text.Vector74
                0x08011828       0x2c /var/folders/r7/6nlyyqdj6wvczsb3fx0h8vhh0000gn/T//ccDr3THD.ltrans1.ltrans.o
                0x08011828                Vector74
 .text.Vector78
                0x08011854       0x2c /var/folders/r7/6nlyyqdj6wvczsb3fx0h8vhh0000gn/T//ccDr3THD.ltrans1.ltrans.o
                0x08011854                Vector78
 .text.Vector7C
                0x08011880       0x28 /var/folders/r7/6nlyyqdj6wvczsb3fx0h8vhh0000gn/T//ccDr3THD.ltrans1.ltrans.o
                0x08011880                Vector7C
 .text.Vector80
                0x080118a8       0x2c /var/folders/r7/6nlyyqdj6wvczsb3fx0h8vhh0000gn/T//ccDr3THD.ltrans1.ltrans.o
                0x080118a8                Vector80
 .text.Vector84
                0x080118d4       0x2c /var/folders/r7/6nlyyqdj6wvczsb3fx0h8vhh0000gn/T//ccDr3THD.ltrans1.ltrans.o
                0x080118d4                Vector84
 .text.VectorFC
                0x08011900       0x2c /var/folders/r7/6nlyyqdj6wvczsb3fx0h8vhh0000gn/T//ccDr3THD.ltrans1.ltrans.o
                0x08011900                VectorFC
 .text.Vector120
                0x0801192c       0x28 /var/folders/r7/6nlyyqdj6wvczsb3fx0h8vhh0000gn/T//ccDr3THD.ltrans1.ltrans.o
                0x0801192c                Vector120
 .text.Vector124
                0x08011954       0x2c /var/folders/r7/6nlyyqdj6wvczsb3fx0h8vhh0000gn/T//ccDr3THD.ltrans1.ltrans.o
                0x08011954                Vector124
 .text.Vector128
                0x08011980       0x2c /var/folders/r7/6nlyyqdj6wvczsb3fx0h8vhh0000gn/T//ccDr3THD.ltrans1.ltrans.o
                0x08011980                Vector128
 .text.Vector12C
                0x080119ac       0x2c /var/folders/r7/6nlyyqdj6wvczsb3fx0h8vhh0000gn/T//ccDr3THD.ltrans1.ltrans.o
                0x080119ac                Vector12C
 .text.Vector130
                0x080119d8       0x28 /var/folders/r7/6nlyyqdj6wvczsb3fx0h8vhh0000gn/T//ccDr3THD.ltrans1.ltrans.o
                0x080119d8                Vector130
 .text.Vector150
                0x08011a00       0x2c /var/folders/r7/6nlyyqdj6wvczsb3fx0h8vhh0000gn/T//ccDr3THD.ltrans1.ltrans.o
                0x08011a00                Vector150
 .text.Vector154
                0x08011a2c       0x2c /var/folders/r7/6nlyyqdj6wvczsb3fx0h8vhh0000gn/T//ccDr3THD.ltrans1.ltrans.o
                0x08011a2c                Vector154
 .text.Vector158
                0x08011a58       0x30 /var/folders/r7/6nlyyqdj6wvczsb3fx0h8vhh0000gn/T//ccDr3THD.ltrans1.ltrans.o
                0x08011a58                Vector158
 .text._pal_lld_setgroupmode
                0x08011a88       0xcc /var/folders/r7/6nlyyqdj6wvczsb3fx0h8vhh0000gn/T//ccDr3THD.ltrans1.ltrans.o
                0x08011a88                _pal_lld_setgroupmode
 .text._pal_lld_enablepadevent
                0x08011b54       0x58 /var/folders/r7/6nlyyqdj6wvczsb3fx0h8vhh0000gn/T//ccDr3THD.ltrans1.ltrans.o
                0x08011b54                _pal_lld_enablepadevent
 .text._pal_lld_disablepadevent.isra.0
                0x08011bac       0x58 /var/folders/r7/6nlyyqdj6wvczsb3fx0h8vhh0000gn/T//ccDr3THD.ltrans1.ltrans.o
                0x08011bac                _pal_lld_disablepadevent.isra.0
 .text.otg_disable_ep.lto_priv.0
                0x08011c04       0x56 /var/folders/r7/6nlyyqdj6wvczsb3fx0h8vhh0000gn/T//ccDr3THD.ltrans1.ltrans.o
                0x08011c04                otg_disable_ep.lto_priv.0
 *fill*         0x08011c5a        0x2 
 .text.usbStop.constprop.0
                0x08011c5c       0x94 /var/folders/r7/6nlyyqdj6wvczsb3fx0h8vhh0000gn/T//ccDr3THD.ltrans1.ltrans.o
                0x08011c5c                usbStop.constprop.0
 .text._usb_ep0setup
                0x08011cf0      0x338 /var/folders/r7/6nlyyqdj6wvczsb3fx0h8vhh0000gn/T//ccDr3THD.ltrans1.ltrans.o
 .text.otg_txfifo_flush.isra.0
                0x08012028       0x14 /var/folders/r7/6nlyyqdj6wvczsb3fx0h8vhh0000gn/T//ccDr3THD.ltrans1.ltrans.o
                0x08012028                otg_txfifo_flush.isra.0
 .text.Vector14C
                0x0801203c      0x438 /var/folders/r7/6nlyyqdj6wvczsb3fx0h8vhh0000gn/T//ccDr3THD.ltrans1.ltrans.o
                0x0801203c                Vector14C
 .text.rtc_enter_init.lto_priv.0
                0x08012474       0x18 /var/folders/r7/6nlyyqdj6wvczsb3fx0h8vhh0000gn/T//ccDr3THD.ltrans1.ltrans.o
                0x08012474                rtc_enter_init.lto_priv.0
 .text.Vector48
                0x0801248c       0x68 /var/folders/r7/6nlyyqdj6wvczsb3fx0h8vhh0000gn/T//ccDr3THD.ltrans1.ltrans.o
                0x0801248c                Vector48
 .text.Vector4C
                0x080124f4       0x38 /var/folders/r7/6nlyyqdj6wvczsb3fx0h8vhh0000gn/T//ccDr3THD.ltrans1.ltrans.o
                0x080124f4                Vector4C
 .text.VectorE4
                0x0801252c       0x4c /var/folders/r7/6nlyyqdj6wvczsb3fx0h8vhh0000gn/T//ccDr3THD.ltrans1.ltrans.o
                0x0801252c                VectorE4
 .text.spi_lld_init
                0x08012578       0x34 /var/folders/r7/6nlyyqdj6wvczsb3fx0h8vhh0000gn/T//ccDr3THD.ltrans1.ltrans.o
                0x08012578                spi_lld_init
 .text.halInit  0x080125ac      0x2d8 /var/folders/r7/6nlyyqdj6wvczsb3fx0h8vhh0000gn/T//ccDr3THD.ltrans1.ltrans.o
                0x080125ac                halInit
 .text._read_r  0x08012884        0xa /var/folders/r7/6nlyyqdj6wvczsb3fx0h8vhh0000gn/T//ccDr3THD.ltrans1.ltrans.o
                0x08012884                _read_r
 .text._lseek_r
                0x0801288e        0x4 /var/folders/r7/6nlyyqdj6wvczsb3fx0h8vhh0000gn/T//ccDr3THD.ltrans1.ltrans.o
                0x0801288e                _lseek_r
 .text._write_r
                0x08012892        0x4 /var/folders/r7/6nlyyqdj6wvczsb3fx0h8vhh0000gn/T//ccDr3THD.ltrans1.ltrans.o
                0x08012892                _write_r
 .text._close_r
                0x08012896        0x4 /var/folders/r7/6nlyyqdj6wvczsb3fx0h8vhh0000gn/T//ccDr3THD.ltrans1.ltrans.o
                0x08012896                _close_r
 *fill*         0x0801289a        0x2 
 .text._sbrk_r  0x0801289c       0x3c /var/folders/r7/6nlyyqdj6wvczsb3fx0h8vhh0000gn/T//ccDr3THD.ltrans1.ltrans.o
                0x0801289c                _sbrk_r
 .text._fstat_r
                0x080128d8       0x16 /var/folders/r7/6nlyyqdj6wvczsb3fx0h8vhh0000gn/T//ccDr3THD.ltrans1.ltrans.o
                0x080128d8                _fstat_r
 .text._isatty_r
                0x080128ee        0x4 /var/folders/r7/6nlyyqdj6wvczsb3fx0h8vhh0000gn/T//ccDr3THD.ltrans1.ltrans.o
                0x080128ee                _isatty_r
 *fill*         0x080128f2        0x2 
 .text._exit    0x080128f4        0xc /var/folders/r7/6nlyyqdj6wvczsb3fx0h8vhh0000gn/T//ccDr3THD.ltrans1.ltrans.o
                0x080128f4                _exit
 .text._kill    0x08012900        0xc /var/folders/r7/6nlyyqdj6wvczsb3fx0h8vhh0000gn/T//ccDr3THD.ltrans1.ltrans.o
                0x08012900                _kill
 .text._getpid  0x0801290c        0x4 /var/folders/r7/6nlyyqdj6wvczsb3fx0h8vhh0000gn/T//ccDr3THD.ltrans1.ltrans.o
                0x0801290c                _getpid
 .text._fini    0x08012910        0x2 /var/folders/r7/6nlyyqdj6wvczsb3fx0h8vhh0000gn/T//ccDr3THD.ltrans1.ltrans.o
                0x08012910                _fini
 *fill*         0x08012912        0x2 
 .text.spi_init
                0x08012914       0x74 .build/obj_keychron_v10_max_ansi_encoder_default/spi_master.a(spi_master.o)
                0x08012914                spi_init
 .text.spi_start
                0x08012988       0xdc .build/obj_keychron_v10_max_ansi_encoder_default/spi_master.a(spi_master.o)
                0x08012988                spi_start
 .text.spi_transmit
                0x08012a64       0x14 .build/obj_keychron_v10_max_ansi_encoder_default/spi_master.a(spi_master.o)
                0x08012a64                spi_transmit
 .text.spi_stop
                0x08012a78       0x24 .build/obj_keychron_v10_max_ansi_encoder_default/spi_master.a(spi_master.o)
                0x08012a78                spi_stop
 .text.__itoa   0x08012a9c       0x30 /Users/dexter/Library/Application Support/qmk/bin/../lib/gcc/arm-none-eabi/15.2.0/../../../../arm-none-eabi/lib/thumb/v7e-m+fp/hard/libg_nano.a(libc_a-itoa.o)